{
  "result": "PASS",
  "checks": [
    "Intro default details closed 1280",
    "Ch2 geometry default closed 1280",
    "Ch2 reopen keeps slider 1280",
    "Ch2 reopen keeps computed radius 1280",
    "Ch3 RSS default closed 1280",
    "Ch3 reopen keeps sliders 1280",
    "Ch3 reopen keeps RSS 1280",
    "Intro default details closed 390",
    "Ch2 geometry default closed 390",
    "Ch2 reopen keeps slider 390",
    "Ch2 reopen keeps computed radius 390",
    "Ch3 RSS default closed 390",
    "Ch3 reopen keeps sliders 390",
    "Ch3 reopen keeps RSS 390",
    "Ch2 slider deep link opens ancestor",
    "Ch2 proof deep link opens both levels",
    "Ch3 deep link opens ancestor",
    "No browser runtime errors"
  ]
}
