00c_ai_assisted OK 6 details
beyond_linearity OK 27 details
classification OK 26 details
deep_learning OK 14 details
index OK 0 details
introduction OK 10 details
linear_regression OK 23 details
model_selection OK 28 details
p1_python_basics OK 5 details
p2_flow_functions OK 10 details
p3_numpy OK 9 details
00b_setup OK 8 details
p5_visualization OK 11 details
p6_modeling_api OK 9 details
resampling_methods OK 18 details
s1_probability OK 7 details
s2_conditional OK 6 details
s3_distributions OK 8 details
s4_inference OK 7 details
s5_bayesian OK 8 details
s6_regression OK 9 details
statistical_learning OK 13 details
support_vector_machines OK 25 details
tree_based_methods OK 29 details
unsupervised_learning OK 29 details
p4_pandas OK 16 details
00a_why_code OK 4 details
