Reading flow final verification; original intermediate failures retained.

[pilot.log]
{
  "status": "PASS",
  "initialCollapsed": true,
  "desktopChart": [
    1412,
    570
  ],
  "reopeningPreservesSlider": true,
  "deepLinkOpensAncestors": true,
  "mobile": {
    "width": 390,
    "viewport": 390,
    "chart": [
      266.8,
      235.2
    ]
  },
  "errors": []
}


[build-core.log]
  introduction.html                  重繪 5 區段
  statistical_learning.html          重繪 5 區段
  linear_regression.html             重繪 6 區段
  classification.html                重繪 6 區段
  resampling_methods.html            重繪 5 區段
  model_selection.html               重繪 5 區段
  beyond_linearity.html              重繪 5 區段
  tree_based_methods.html            重繪 6 區段
  support_vector_machines.html       重繪 5 區段
  unsupervised_learning.html         重繪 5 區段


[ch1-6-build.log]
  linear_regression.html  10 節寫入  282 KB


[ch1-6-static.log]
PASS: 6 chapters; original lab/output/FRAMES retained; deleted Ch1 topics absent; core statistics and qCur visible; details closed and depth <= 2


[ch1-6-browser.log]
  introduction.html                  OK   0 圖表 · 12 SVG · 0 按鈕 · 7 詞彙卡
  statistical_learning.html          OK   2 圖表 · 7 SVG · 10 按鈕 · 26 詞彙卡
  linear_regression.html             OK   2 圖表 · 5 SVG · 15 按鈕 · 29 詞彙卡
  classification.html                OK   1 圖表 · 5 SVG · 11 按鈕 · 29 詞彙卡
  resampling_methods.html            OK   4 圖表 · 0 SVG · 3 按鈕 · 23 詞彙卡
  model_selection.html               OK   3 圖表 · 4 SVG · 8 按鈕 · 26 詞彙卡


0 個問題（截圖在 /home/phonchi/statlearning-selfstudy/tools/verification/reading-flow-20260910/shots/ch1-6）


[ch1-6-focus.log]
{
  "result": "PASS",
  "checks": [
    "Intro default details closed 1280",
    "Ch2 geometry default closed 1280",
    "Ch2 reopen keeps slider 1280",
    "Ch2 reopen keeps computed radius 1280",
    "Ch3 RSS default closed 1280",
    "Ch3 reopen keeps sliders 1280",
    "Ch3 reopen keeps RSS 1280",
    "Intro default details closed 390",
    "Ch2 geometry default closed 390",
    "Ch2 reopen keeps slider 390",
    "Ch2 reopen keeps computed radius 390",
    "Ch3 RSS default closed 390",
    "Ch3 reopen keeps sliders 390",
    "Ch3 reopen keeps RSS 390",
    "Ch2 slider deep link opens ancestor",
    "Ch2 proof deep link opens both levels",
    "Ch3 deep link opens ancestor",
    "No browser runtime errors"
  ]
}


[ch7-8-9-12-lifecycle.log]
PASS: default closed states; AdaBoost pause/preserve/no-autoplay; complete SVM dual hash reveal.


[build-all.log]
  00a_why_code.html                  重繪 4 區段
  00b_setup.html                     重繪 4 區段
  00c_ai_assisted.html               重繪 3 區段
  introduction.html                  無變化
  statistical_learning.html          無變化
  linear_regression.html             無變化
  classification.html                無變化
  resampling_methods.html            無變化
  model_selection.html               無變化
  unsupervised_learning.html         無變化
  beyond_linearity.html              無變化
  tree_based_methods.html            無變化
  support_vector_machines.html       無變化
  deep_learning.html                 重繪 5 區段
  s1_probability.html                重繪 5 區段
  s2_conditional.html                重繪 5 區段
  s3_distributions.html              重繪 5 區段
  s4_inference.html                  重繪 5 區段
  s5_bayesian.html                   重繪 5 區段
  s6_regression.html                 重繪 5 區段
  p1_python_basics.html              重繪 3 區段
  p2_flow_functions.html             重繪 3 區段
  p3_numpy.html                      重繪 4 區段
  p4_pandas.html                     重繪 4 區段
  p5_visualization.html              重繪 4 區段
  p6_modeling_api.html               重繪 4 區段
  index.html   63 KB（26 張卡片）
  README.md    7525 bytes


[validate-all.log]

  warn  [SIZE] introduction.html: 476 KB，超過 300 KB 建議上限
  warn  [SIZE] unsupervised_learning.html: 380 KB，超過 300 KB 建議上限
  warn  [SIZE] beyond_linearity.html: 358 KB，超過 300 KB 建議上限
  warn  [SIZE] tree_based_methods.html: 301 KB，超過 300 KB 建議上限

0 個失敗，4 個警告（檢查了 26 頁）


[ch1-6-ch2-bridge.log]
  statistical_learning.html  11 節寫入  257 KB


0 個失敗，0 個警告（檢查了 1 頁）
PASS: 6 chapters; original lab/output/FRAMES retained; deleted Ch1 topics absent; core statistics and qCur visible; details closed and depth <= 2


[supplements-generate.log]
  deep_learning.html  9 節寫入  234 KB
  00a_why_code.html  7 節寫入  104 KB  （無變化）
  00b_setup.html  8 節寫入  131 KB  （無變化）
  00c_ai_assisted.html  8 節寫入  114 KB  （無變化）
  s1_probability.html  6 節寫入  112 KB
  s2_conditional.html  7 節寫入  114 KB  （無變化）
  s3_distributions.html  7 節寫入  126 KB  （無變化）
  s4_inference.html  8 節寫入  126 KB  （無變化）
  s5_bayesian.html  6 節寫入  115 KB
  s6_regression.html  6 節寫入  111 KB  （無變化）
  p1_python_basics.html  8 節寫入  141 KB  （無變化）
  p2_flow_functions.html  8 節寫入  165 KB  （無變化）
  p3_numpy.html  10 節寫入  171 KB  （無變化）
  p4_pandas.html  8 節寫入  170 KB  （無變化）
  p5_visualization.html  8 節寫入  174 KB  （無變化）
  p6_modeling_api.html  8 節寫入  162 KB  （無變化）


[supplements-validate.log]
deep_learning


0 個失敗，0 個警告（檢查了 1 頁）
00a_why_code


0 個失敗，0 個警告（檢查了 1 頁）
00b_setup


0 個失敗，0 個警告（檢查了 1 頁）
00c_ai_assisted


0 個失敗，0 個警告（檢查了 1 頁）
s1_probability


0 個失敗，0 個警告（檢查了 1 頁）
s2_conditional


0 個失敗，0 個警告（檢查了 1 頁）
s3_distributions


0 個失敗，0 個警告（檢查了 1 頁）
s4_inference


0 個失敗，0 個警告（檢查了 1 頁）
s5_bayesian


0 個失敗，0 個警告（檢查了 1 頁）
s6_regression


0 個失敗，0 個警告（檢查了 1 頁）
p1_python_basics


0 個失敗，0 個警告（檢查了 1 頁）
p2_flow_functions


0 個失敗，0 個警告（檢查了 1 頁）
p3_numpy


0 個失敗，0 個警告（檢查了 1 頁）
p4_pandas


0 個失敗，0 個警告（檢查了 1 頁）
p5_visualization


0 個失敗，0 個警告（檢查了 1 頁）
p6_modeling_api


0 個失敗，0 個警告（檢查了 1 頁）


[ch7-8-9-12-structure.log]
beyond_linearity: original IDs retained; 12 complete lab cards unchanged; FRAMES unchanged; max details depth=2
tree_based_methods: original IDs retained; 13 complete lab cards unchanged; FRAMES unchanged; max details depth=2
support_vector_machines: original IDs retained; 13 complete lab cards unchanged; FRAMES unchanged; max details depth=2
unsupervised_learning: original IDs retained; 12 complete lab cards unchanged; FRAMES unchanged; max details depth=2
beyond_linearity: ids/lab/FRAMES intact after raw TeX escaping
tree_based_methods: ids/lab/FRAMES intact after raw TeX escaping
support_vector_machines: ids/lab/FRAMES intact after raw TeX escaping
unsupervised_learning: ids/lab/FRAMES intact after raw TeX escaping


[ch7-8-9-12-browser-before-tex-fix.log]
  beyond_linearity.html              1 問題 6 圖表 · 7 SVG · 22 按鈕 · 27 詞彙卡
  tree_based_methods.html            2 問題 4 圖表 · 6 SVG · 13 按鈕 · 29 詞彙卡
  support_vector_machines.html       OK   3 圖表 · 5 SVG · 8 按鈕 · 29 詞彙卡
  unsupervised_learning.html         2 問題 3 圖表 · 6 SVG · 16 按鈕 · 29 詞彙卡

  ✗ [beyond_linearity] Q&A 展開後仍看到未排版的 $：深入基底：自然樣條與 B-spline 的計算
  ✗ [tree_based_methods] Q&A 展開後仍看到未排版的 $：一般負梯度、AdaBoost 尺度與不同損失
  ✗ [tree_based_methods] Q&A 展開後仍看到未排版的 $：搜尋加速、CatBoost 順序與 DART
  ✗ [unsupervised_learning] Q&A 展開後仍看到未排版的 $：深入計算：共變異數、白化與零特徵值
  ✗ [unsupervised_learning] Q&A 展開後仍看到未排版的 $：混合資料、其他分群方法與評估指標

5 個問題（截圖在 tools/verification/reading-flow-20260910/shots/ch7-8-9-12）


[supplements-lifecycle.log]
{
  "playing": {
    "frame": 1,
    "timer": 3
  },
  "closed": {
    "frame": 1,
    "timer": null,
    "button": "▶ 重新播放"
  },
  "reopened": {
    "frame": 1,
    "timer": null
  },
  "errors": []
}
PASS: close stops timer, preserves frame and updates button; reopen stays paused; single-step continues.


[supplements-browser.log]
  deep_learning.html                 OK   2 圖表 · 3 SVG · 7 按鈕 · 28 詞彙卡
  00a_why_code.html                  OK   0 圖表 · 0 SVG · 0 按鈕 · 3 詞彙卡
  00b_setup.html                     OK   0 圖表 · 0 SVG · 2 按鈕 · 1 詞彙卡
  00c_ai_assisted.html               OK   0 圖表 · 0 SVG · 0 按鈕 · 0 詞彙卡
  s1_probability.html                OK   0 圖表 · 1 SVG · 4 按鈕 · 19 詞彙卡
  s2_conditional.html                OK   0 圖表 · 1 SVG · 1 按鈕 · 19 詞彙卡
  s3_distributions.html              OK   0 圖表 · 2 SVG · 3 按鈕 · 20 詞彙卡
  s4_inference.html                  OK   0 圖表 · 2 SVG · 3 按鈕 · 22 詞彙卡
  s5_bayesian.html                   OK   0 圖表 · 1 SVG · 1 按鈕 · 19 詞彙卡
  s6_regression.html                 OK   0 圖表 · 1 SVG · 2 按鈕 · 19 詞彙卡
  p1_python_basics.html              OK   0 圖表 · 6 SVG · 23 按鈕 · 0 詞彙卡
  p2_flow_functions.html             OK   0 圖表 · 6 SVG · 19 按鈕 · 0 詞彙卡
  p3_numpy.html                      OK   1 圖表 · 6 SVG · 27 按鈕 · 5 詞彙卡
  p4_pandas.html                     OK   1 圖表 · 6 SVG · 21 按鈕 · 3 詞彙卡
  p5_visualization.html              OK   1 圖表 · 6 SVG · 24 按鈕 · 8 詞彙卡
  p6_modeling_api.html               OK   1 圖表 · 5 SVG · 21 按鈕 · 17 詞彙卡


0 個問題（截圖在 /home/phonchi/statlearning-selfstudy/tools/verification/reading-flow-20260910/supplements-shots）


[build-dl-title.log]
  deep_learning.html                 重繪 1 區段


[reading-check.log]
26 pages; 355 reading details; 0 failures


[ch7-8-9-12-browser.log]
  beyond_linearity.html              OK   6 圖表 · 7 SVG · 22 按鈕 · 27 詞彙卡
  tree_based_methods.html            OK   4 圖表 · 6 SVG · 13 按鈕 · 29 詞彙卡
  support_vector_machines.html       OK   3 圖表 · 5 SVG · 8 按鈕 · 29 詞彙卡
  unsupervised_learning.html         OK   3 圖表 · 6 SVG · 16 按鈕 · 29 詞彙卡


0 個問題（截圖在 tools/verification/reading-flow-20260910/shots/ch7-8-9-12）


[ch1-6-lookup-static.log]
python /home/phonchi/statlearning-selfstudy/tools/verification/reading-flow-20260910/check-ch1-6.py
PASS: 6 chapters; original lab/output/FRAMES retained; deleted Ch1 topics absent; core statistics and qCur visible; details closed and depth <= 2
python tools/validate.py --page introduction

  warn  [SIZE] introduction.html: 476 KB，超過 300 KB 建議上限

0 個失敗，1 個警告（檢查了 1 頁）
python tools/validate.py --page statistical_learning


0 個失敗，0 個警告（檢查了 1 頁）
python tools/validate.py --page linear_regression


0 個失敗，0 個警告（檢查了 1 頁）
python tools/validate.py --page classification


0 個失敗，0 個警告（檢查了 1 頁）
python tools/validate.py --page resampling_methods


0 個失敗，0 個警告（檢查了 1 頁）
python tools/validate.py --page model_selection


0 個失敗，0 個警告（檢查了 1 頁）


[ch1-6-lookup-browser.log]
  statistical_learning.html          OK   2 圖表 · 7 SVG · 10 按鈕 · 26 詞彙卡
  resampling_methods.html            OK   4 圖表 · 0 SVG · 3 按鈕 · 23 詞彙卡
  model_selection.html               OK   3 圖表 · 4 SVG · 8 按鈕 · 26 詞彙卡


0 個問題（截圖在 /home/phonchi/statlearning-selfstudy/tools/verification/reading-flow-20260910/shots/ch1-6-lookup）


[preservation.log]
PASS: every baked FRAMES object and all existing Lab source indexes match HEAD.
Pages: 27 frame objects: 43 Lab indexes: 11


[lab-rendered.log]
00a_why_code.html: 練習讀表：另一份課程示範資料: code=True, output=True
00b_setup.html: 裝課程用的套件: code=True, output=True
00b_setup.html: ISLP 會順便安裝相依套件: code=True, output=True
00b_setup.html: Colab 上的加速選項: code=True, output=True
00b_setup.html: 課程 lab 的 imports（第 2 章）: code=True, output=True
00b_setup.html: 第 1 章的 imports: code=True, output=True
00b_setup.html: 掛載 Drive: code=True, output=True
00b_setup.html: 設一個路徑變數: code=True, output=True
00b_setup.html: 讀進來: code=True, output=True
00b_setup.html: 畫第一張散佈圖: code=True, output=True
00c_ai_assisted.html: 用完整輸出核對結論: code=True, output=True
00c_ai_assisted.html: 平均分數之外，保留不同切分下的變動: code=True, output=True
beyond_linearity.html: lab 07 · degree 4 多項式（Wage：age → wage）: code=True, output=True
beyond_linearity.html: lab 07 · 用 ANOVA 逐步比較 degree 1 到 5: code=True, output=True
beyond_linearity.html: lab 07 · 多項式邏輯斯迴歸：Pr(wage > 250): code=True, output=True
beyond_linearity.html: lab 07 · 用分位數切點擬合階梯函數: code=True, output=True
beyond_linearity.html: lab 07 · degree=0 的 B-樣條 ≡ 分段常數: code=True, output=True
beyond_linearity.html: lab 07 · 三個內部節點的立方樣條: code=True, output=True
beyond_linearity.html: lab 07 · 用 df 代替節點位置: code=True, output=True
beyond_linearity.html: lab 07 · 五個自由度的自然樣條: code=True, output=True
beyond_linearity.html: lab 07 · approx_lam：指定自由度，反解懲罰參數: code=True, output=True
beyond_linearity.html: lab 07 · 兩個 span 的局部線性迴歸: code=True, output=True
beyond_linearity.html: lab 07 · 模型規格與用 df 設定平滑程度: code=True, output=True
beyond_linearity.html: lab 07 · gam_full.summary(): code=True, output=True
classification.html: 講義 04 · sm.GLM + Binomial（六個預測變數）: code=True, output=True
classification.html: 講義 04 · 從機率到標籤，再到混淆矩陣: code=True, output=True
classification.html: 講義 04 · 用 2001–2004 擬合、在 2005 年比較: code=True, output=True
classification.html: 講義 04 · 探索後只留 Lag1 與 Lag2: code=True, output=True
classification.html: 講義 04 · 擬合 LDA 並讀出估計的參數: code=False, output=True
classification.html: 講義 04 · 線性判別方向與預測結果: code=True, output=True
classification.html: 講義 04 · QuadraticDiscriminantAnalysis: code=True, output=True
classification.html: 講義 04 · GaussianNB: code=True, output=True
classification.html: 講義 04 · 手動算 accuracy / sensitivity / precision / FPR: code=True, output=True
classification.html: 講義 04 · Caravan：把門檻值從 0.5 降到 0.25: code=True, output=True
classification.html: 講義 04 · KNeighborsClassifier(n_neighbors=1): code=True, output=True
classification.html: 講義 04 · Poisson 迴歸（Bikeshare）: code=True, output=True
deep_learning.html: lab §10.9.1 · 資料準備與線性迴歸基準: code=True, output=True
deep_learning.html: lab §10.9.1 · lasso 基準（10 折 CV 選 λ）: code=True, output=True
deep_learning.html: lab §10.9.1 · HittersModel 與參數量: code=True, output=True
deep_learning.html: lab §10.9.1 · 訓練 50 個 epoch 之後測試: code=True, output=True
deep_learning.html: lab §10.9.2 · MNISTModel 與參數量: code=True, output=True
deep_learning.html: lab §10.9.2 · 測試準確率: code=True, output=True
deep_learning.html: lab §10.9.2 · 拿多元邏輯斯迴歸當對照: code=True, output=True
deep_learning.html: lab §10.9.3 · 一個 building block 疊四次: code=True, output=True
deep_learning.html: lab §10.9.3 · 測試準確率: code=True, output=True
deep_learning.html: lab §10.9.4 · 直接用預訓練的 ResNet50: code=True, output=True
deep_learning.html: lab §10.9.5 · 詞袋 ＋ 兩層網路的 IMDB 準確率: code=True, output=True
deep_learning.html: lab §10.9.6 · LSTM 版的 IMDB 分類: code=True, output=True
deep_learning.html: lab §10.9.6 · NYSE 交易量的自迴歸: code=True, output=True
introduction.html: 課程lab · 2004年的平均薪資: code=True, output=True
introduction.html: 課程lab · 數值欄的相關熱圖: code=True, output=True
introduction.html: 課程lab · 投影的輸入: code=True, output=True
introduction.html: 課程lab · 從直方圖到完整pairplot: code=True, output=True
linear_regression.html: 講義 03 · 手動建模型矩陣 → sm.OLS → summarize: code=False, output=True
linear_regression.html: 講義 03 · 用 ModelSpec 建模型矩陣（後面每一章都會用）: code=True, output=True
linear_regression.html: 講義 03 · print(results.summary())：一次看完 SE、t、p、信賴區間、F、R²: code=True, output=True
linear_regression.html: 講義 03 · 信賴區間 vs 預測區間: code=True, output=True
linear_regression.html: 講義 03 · scikit-learn 版的 R² 與 MSE: code=False, output=True
linear_regression.html: 講義 03 · 兩個預測變數（lstat + age）: code=True, output=True
linear_regression.html: 講義 03 · 全部 12 個預測變數: code=True, output=True
linear_regression.html: 講義 03 · 用 tuple 指定交互作用項: code=True, output=True
linear_regression.html: 講義 03 · 三個水準的類別變數（Carseats 的 ShelveLoc）: code=True, output=True
linear_regression.html: 講義 03 · 用串列生成式算每一欄的 VIF: code=False, output=True
linear_regression.html: 講義 03 · 加二次項修掉非線性: code=True, output=True
linear_regression.html: 講義 03 · anova_lm：用 F 檢定比較巢狀模型: code=True, output=True
model_selection.html: 講義 06 · 載入 Hitters 並丟掉缺失值: code=True, output=True
model_selection.html: 講義 06 · 自訂迴圈的前向逐步選擇: code=False, output=True
model_selection.html: 講義 06 · 後向逐步選擇（BIC 挑出來的大小不一樣）: code=True, output=True
model_selection.html: 講義 06 · 前向路徑上的 BIC: code=True, output=True
model_selection.html: 講義 06 · 最佳子集 + 調整後 R²: code=False, output=True
model_selection.html: 講義 06 · 用 GridSearchCV 選調整參數: code=True, output=True
model_selection.html: 講義 06 · Ridge 與係數的 L2 範數: code=True, output=True
model_selection.html: 講義 06 · 用 RidgeCV 選 λ: code=True, output=True
model_selection.html: 講義 06 · Lasso 與被歸零的係數: code=True, output=True
model_selection.html: 講義 06 · 用 ElasticNetCV 選 λ 並取最小 CV 誤差: code=True, output=True
model_selection.html: 講義 06 · 用 CV 選主成分個數 M: code=True, output=True
model_selection.html: 講義 06 · 各主成分解釋了多少變異: code=True, output=True
model_selection.html: 講義 06 · 用 CV 選 PLS 的成分個數: code=True, output=True
p1_python_basics.html: 印出一行字: code=True, output=True
p1_python_basics.html: 算術: code=True, output=True
p1_python_basics.html: 字串相加是接起來: code=True, output=True
p1_python_basics.html: 在 notebook 查 print 的說明: code=True, output=True
p1_python_basics.html: 做一個串列: code=True, output=True
p1_python_basics.html: 串列相加是接起來，不是逐元素相加: code=True, output=True
p1_python_basics.html: 字串也能切: code=True, output=True
p1_python_basics.html: slice 物件是同一件事的另一種寫法: code=True, output=True
p1_python_basics.html: 用字典建一個 Series: code=True, output=True
p1_python_basics.html: 用字典建一整張表: code=True, output=True
p1_python_basics.html: format 與格式規格: code=True, output=True
p1_python_basics.html: 迴圈裡的格式化: code=True, output=True
p2_flow_functions.html: 一個條件: code=True, output=True
p2_flow_functions.html: 兩個條件用 & 串起來: code=True, output=True
p2_flow_functions.html: & 與 | 混用: code=True, output=True
p2_flow_functions.html: 最基本的累加迴圈: code=True, output=True
p2_flow_functions.html: 巢狀迴圈: code=True, output=True
p2_flow_functions.html: zip：兩排東西配對走: code=True, output=True
p2_flow_functions.html: 包成一個函式: code=True, output=True
p2_flow_functions.html: 然後用迴圈跑三次: code=True, output=True
p2_flow_functions.html: 以當下資料框產生選列條件: code=True, output=True
p2_flow_functions.html: 有預設值的參數: code=True, output=True
p2_flow_functions.html: 呼叫時只覆寫想改的: code=True, output=True
p2_flow_functions.html: 一個真的錯誤訊息: code=True, output=True
p3_numpy.html: 串列的 + 是串接: code=True, output=True
p3_numpy.html: 陣列的 + 是逐元素相加: code=True, output=True
p3_numpy.html: 建立二維陣列: code=True, output=True
p3_numpy.html: 三個基本屬性: code=True, output=True
p3_numpy.html: 兩個序列的右端點不同: code=True, output=True
p3_numpy.html: reshape 成兩列三欄: code=True, output=True
p3_numpy.html: 改 reshape 出來的元素，原陣列也會變: code=True, output=True
p3_numpy.html: shape、ndim 與轉置: code=True, output=True
p3_numpy.html: 先做一個 4×4 的 A: code=True, output=True
p3_numpy.html: 挑列、挑欄: code=True, output=True
p3_numpy.html: 糟糕——發生了什麼？: code=True, output=True
p3_numpy.html: 長度不一樣就直接報錯: code=True, output=True
p3_numpy.html: 真的要子矩陣：兩種寫法: code=True, output=True
p3_numpy.html: 等距切片也能取子矩陣: code=True, output=True
p3_numpy.html: 做一個布林遮罩: code=True, output=True
p3_numpy.html: 整數索引 vs 布林索引: code=True, output=True
p3_numpy.html: 布林也能配 np.ix_ 取子矩陣: code=True, output=True
p3_numpy.html: 每個位置都相同嗎？: code=True, output=True
p3_numpy.html: 最單純的廣播：陣列與純量: code=True, output=True
p3_numpy.html: 變異數的三種寫法會一致: code=True, output=True
p3_numpy.html: 標準差就是變異數開根號: code=True, output=True
p3_numpy.html: 沿 axis=0 取欄平均: code=True, output=True
p3_numpy.html: 沒固定種子：兩次結果不同: code=True, output=True
p3_numpy.html: 固定種子：兩個產生器給一模一樣的數: code=True, output=True
p3_numpy.html: 相關係數矩陣: code=True, output=True
p4_pandas.html: 自訂索引的 Series: code=True, output=True
p4_pandas.html: 用字典建 DataFrame: code=True, output=True
p4_pandas.html: 每一欄各自的型別: code=True, output=True
p4_pandas.html: 看前幾列與後幾列: code=True, output=True
p4_pandas.html: 五數摘要: code=True, output=True
p4_pandas.html: 形狀: code=True, output=True
p4_pandas.html: 欄名排序與資料值排序: code=True, output=True
p4_pandas.html: 數值表的三種運算: code=True, output=True
p4_pandas.html: 將資料表存成 Excel 與 CSV: code=True, output=True
p4_pandas.html: 取一欄與取幾列: code=True, output=True
p4_pandas.html: loc 指名字、iloc 指位置: code=True, output=True
p4_pandas.html: 用條件選列: code=True, output=True
p4_pandas.html: 使用車名作為列標籤: code=True, output=True
p4_pandas.html: 同一標籤可選到多列: code=True, output=True
p4_pandas.html: 找出影響型別的值: code=True, output=True
p4_pandas.html: 讀檔時就宣告哪些字算遺漏: code=True, output=True
p4_pandas.html: dropna：397 變成 392: code=True, output=True
p4_pandas.html: reindex 也會生出 NaN: code=True, output=True
p4_pandas.html: 把汽缸數標成類別: code=True, output=True
p4_pandas.html: 先數一數每一類有幾筆: code=True, output=True
p4_pandas.html: 拆分 → 套用 → 合併: code=True, output=True
p4_pandas.html: 切成三塊再接回去: code=True, output=True
p4_pandas.html: concat 沿著列接起來: code=True, output=True
p4_pandas.html: 設定讀檔參數: code=True, output=True
p5_visualization.html: 這一頁用的資料：tips: code=True, output=True
p5_visualization.html: subplots 一次給你兩個東西: code=True, output=True
p5_visualization.html: 散佈圖與軸標籤: code=True, output=True
p5_visualization.html: 2×3 的子圖網格: code=True, output=True
p5_visualization.html: 同一張圖保存兩種格式: code=True, output=True
p5_visualization.html: 改軸範圍後再存一份: code=True, output=True
p5_visualization.html: 最基本的直方圖: code=True, output=True
p5_visualization.html: 依類別分色與堆疊: code=True, output=True
p5_visualization.html: 密度圖: code=True, output=True
p5_visualization.html: 散佈圖，以及呈現第三個變數: code=True, output=True
p5_visualization.html: 用點的大小表示第三個變數: code=True, output=True
p5_visualization.html: joint 與 pair: code=True, output=True
p5_visualization.html: 折線圖與信賴區間: code=True, output=True
p5_visualization.html: 盒鬚圖：看分布: code=True, output=True
p5_visualization.html: 長條圖：看平均與不確定性: code=True, output=True
p5_visualization.html: 計數圖：看筆數: code=True, output=True
p5_visualization.html: 點估計圖：專門用來比較: code=True, output=True
p5_visualization.html: 散佈圖加迴歸線: code=True, output=True
p5_visualization.html: 依類別分別擬合: code=True, output=True
p5_visualization.html: 相關係數熱圖: code=True, output=True
p5_visualization.html: 建立二維函數網格並畫等高線: code=True, output=True
p5_visualization.html: 改等高線層數，與 imshow 比較: code=True, output=True
p6_modeling_api.html: statsmodels：截距要自己放進 X: code=True, output=True
p6_modeling_api.html: 擬合之後的係數表: code=True, output=True
p6_modeling_api.html: MS 幫你把資料框變成 X: code=True, output=True
p6_modeling_api.html: 對新資料要用 transform: code=True, output=True
p6_modeling_api.html: 預測值: code=True, output=True
p6_modeling_api.html: 只要係數的話: code=True, output=True
p6_modeling_api.html: 完整的 summary: code=True, output=True
p6_modeling_api.html: 同一個模型的 sklearn 版本: code=True, output=True
p6_modeling_api.html: 評分: code=True, output=True
p6_modeling_api.html: 預測新資料: code=True, output=True
p6_modeling_api.html: 切一刀: code=True, output=True
p6_modeling_api.html: 在驗證集上算 MSE: code=True, output=True
p6_modeling_api.html: 三種常見的誤差指標: code=True, output=True
p6_modeling_api.html: 三個次數的驗證誤差: code=True, output=True
p6_modeling_api.html: 留一交叉驗證: code=True, output=True
p6_modeling_api.html: 重複切分：看平均，也看標準差: code=True, output=True
p6_modeling_api.html: 標準化後接 Ridge: code=True, output=True
p6_modeling_api.html: 把整條 Pipeline 放進切分評估: code=True, output=True
resampling_methods.html: 講義 05 · 驗證集法（Auto，degree 1）: code=True, output=True
resampling_methods.html: 講義 05 · 換一個切法（random_state=3）: code=False, output=True
resampling_methods.html: 講義 05 · LOOCV（Auto，degree 1）: code=True, output=True
resampling_methods.html: 講義 05 · 10-fold CV（degree 1–5）: code=True, output=True
resampling_methods.html: 講義 05 · α̂ 用全部 100 筆: code=True, output=True
resampling_methods.html: 講義 05 · 一次 bootstrap 重抽: code=False, output=True
resampling_methods.html: 講義 05 · 通用的 boot_SE: code=False, output=True
statistical_learning.html: 講義 02 · 讀 Auto 並處理遺漏值: code=True, output=True
statistical_learning.html: 講義 02 · n 與 p 到底是多少: code=True, output=True
statistical_learning.html: 講義 02 · 雜訊讓相關係數到不了 1: code=True, output=True
statistical_learning.html: 講義 02 · 用樣本變異數估 Var(ε): code=True, output=True
statistical_learning.html: 講義 02 · 用等高線圖看一個指定的 f(x, y): code=True, output=True
statistical_learning.html: 講義 02 · 數值摘要: code=True, output=True
statistical_learning.html: 講義 02 · 散佈圖矩陣：一眼看出線性夠不夠: code=False, output=True
statistical_learning.html: 講義 02 · 用布林陣列挑出「屬於這一類」的資料: code=True, output=True
statistical_learning.html: 講義 02 · 布林取平均就是比例: code=True, output=True
support_vector_machines.html: lab 09 · SVC(kernel='linear') 的第一次擬合: code=True, output=True
support_vector_machines.html: lab 09 · 剛好線性可分開的情況（C = 10⁵）: code=True, output=True
support_vector_machines.html: lab 09 · 取出支持向量（C = 10）: code=True, output=True
support_vector_machines.html: lab 09 · 換成小的 C：支持向量變多: code=True, output=True
support_vector_machines.html: lab 09 · GridSearchCV 掃七個 C: code=True, output=True
support_vector_machines.html: lab 09 · 用選出來的 C 預測測試資料: code=True, output=True
support_vector_machines.html: lab 09 · SGDClassifier(loss="hinge"): code=True, output=True
support_vector_machines.html: lab 09 · 特徵映射 vs 自訂核（同心圓資料）: code=True, output=True
support_vector_machines.html: lab 09 · 兩條路的答案一模一樣: code=True, output=True
support_vector_machines.html: lab 09 · 非線性邊界的資料 + RBF 核: code=True, output=True
support_vector_machines.html: lab 09 · 同時調 C 與 γ: code=True, output=True
support_vector_machines.html: lab 09 · Khan 資料（4 類、p = 2308、n = 63）: code=True, output=True
support_vector_machines.html: lab 09 · RBFSampler + SGDClassifier: code=True, output=True
tree_based_methods.html: 講義 08 · Carseats 與 High（lab 的起點）: code=True, output=True
tree_based_methods.html: 講義 08 · Boston 迴歸樹（max_depth=3）: code=True, output=True
tree_based_methods.html: 講義 08 · cost_complexity_pruning_path ＋ GridSearchCV（迴歸）: code=True, output=True
tree_based_methods.html: 講義 08 · 用 CV 挑 ccp_alpha（分類）: code=True, output=True
tree_based_methods.html: 講義 08 · DecisionTreeClassifier(criterion='entropy') ＋ export_text: code=True, output=True
tree_based_methods.html: 講義 08 · 三個不同演算法的多數投票（Carseats）: code=True, output=True
tree_based_methods.html: 講義 08 · bagging ＝ max_features = p 的 random forest: code=True, output=True
tree_based_methods.html: 講義 08 · max_features = 6 的 random forest ＋ feature_importances_: code=True, output=True
tree_based_methods.html: 講義 08 · GradientBoostingRegressor（5000 棵樹，λ = 0.001）: code=True, output=True
tree_based_methods.html: 講義 08 · XGBClassifier 在 heart_disease 上的 5 折基準: code=True, output=True
tree_based_methods.html: 講義 08 · early_stopping_rounds 取代「調 n_estimators」: code=True, output=True
tree_based_methods.html: 講義 08 · Stacking（KNN ＋ 決策樹 ＋ 樸素貝氏，合併器是邏輯斯迴歸）: code=True, output=True
tree_based_methods.html: 講義 08 · ISLP.bart 在 Boston 上: code=True, output=True
unsupervised_learning.html: 講義 12 · USArrests 的 PCA: code=True, output=True
unsupervised_learning.html: 講義 12 · biplot（scatter + arrow + text）: code=True, output=True
unsupervised_learning.html: 講義 12 · np.linalg.svd 取出負荷矩陣: code=True, output=True
unsupervised_learning.html: 講義 12 · 得分的標準差、變異數與 PVE: code=True, output=True
unsupervised_learning.html: 講義 12 · USArrests 的平均與變異數: code=True, output=True
unsupervised_learning.html: 講義 12 · 挖掉 20 格，然後用主成分反覆填補: code=True, output=True
unsupervised_learning.html: 講義 12 · 補得準不準: code=True, output=True
unsupervised_learning.html: 講義 12 · K = 2 的模擬資料: code=True, output=True
unsupervised_learning.html: 講義 12 · n_init 為什麼要設大: code=True, output=True
unsupervised_learning.html: 講義 12 · 建樹、畫樹、切樹: code=True, output=True
unsupervised_learning.html: 講義 12 · NCI60 上兩種分群的交叉表: code=True, output=True
unsupervised_learning.html: 講義 12 · digits 的 t-SNE: code=True, output=True
Checked 245 full rendered lab cards; failures=10
classification.html: 講義 04 · 擬合 LDA 並讀出估計的參數: code=False, output=True
linear_regression.html: 講義 03 · 手動建模型矩陣 → sm.OLS → summarize: code=False, output=True
linear_regression.html: 講義 03 · scikit-learn 版的 R² 與 MSE: code=False, output=True
linear_regression.html: 講義 03 · 用串列生成式算每一欄的 VIF: code=False, output=True
model_selection.html: 講義 06 · 自訂迴圈的前向逐步選擇: code=False, output=True
model_selection.html: 講義 06 · 最佳子集 + 調整後 R²: code=False, output=True
resampling_methods.html: 講義 05 · 換一個切法（random_state=3）: code=False, output=True
resampling_methods.html: 講義 05 · 一次 bootstrap 重抽: code=False, output=True
resampling_methods.html: 講義 05 · 通用的 boot_SE: code=False, output=True
statistical_learning.html: 講義 02 · 散佈圖矩陣：一眼看出線性夠不夠: code=False, output=True


[reader.log]
Reader contract: all pages and README pass; links, prose and learning features checked.


[visual-claims.log]
visual claim checks: OK


[wording.log]
PASS Taiwan reader terminology across 27 pages, dynamic messages, quizzes/cards and README.


[lab-rendered-after-whitespace-fix.log]
00a_why_code.html: 練習讀表：另一份課程示範資料: code=True, output=True
00b_setup.html: 裝課程用的套件: code=True, output=True
00b_setup.html: ISLP 會順便安裝相依套件: code=True, output=True
00b_setup.html: Colab 上的加速選項: code=True, output=True
00b_setup.html: 課程 lab 的 imports（第 2 章）: code=True, output=True
00b_setup.html: 第 1 章的 imports: code=True, output=True
00b_setup.html: 掛載 Drive: code=True, output=True
00b_setup.html: 設一個路徑變數: code=True, output=True
00b_setup.html: 讀進來: code=True, output=True
00b_setup.html: 畫第一張散佈圖: code=True, output=True
00c_ai_assisted.html: 用完整輸出核對結論: code=True, output=True
00c_ai_assisted.html: 平均分數之外，保留不同切分下的變動: code=True, output=True
beyond_linearity.html: lab 07 · degree 4 多項式（Wage：age → wage）: code=True, output=True
beyond_linearity.html: lab 07 · 用 ANOVA 逐步比較 degree 1 到 5: code=True, output=True
beyond_linearity.html: lab 07 · 多項式邏輯斯迴歸：Pr(wage > 250): code=True, output=True
beyond_linearity.html: lab 07 · 用分位數切點擬合階梯函數: code=True, output=True
beyond_linearity.html: lab 07 · degree=0 的 B-樣條 ≡ 分段常數: code=True, output=True
beyond_linearity.html: lab 07 · 三個內部節點的立方樣條: code=True, output=True
beyond_linearity.html: lab 07 · 用 df 代替節點位置: code=True, output=True
beyond_linearity.html: lab 07 · 五個自由度的自然樣條: code=True, output=True
beyond_linearity.html: lab 07 · approx_lam：指定自由度，反解懲罰參數: code=True, output=True
beyond_linearity.html: lab 07 · 兩個 span 的局部線性迴歸: code=True, output=True
beyond_linearity.html: lab 07 · 模型規格與用 df 設定平滑程度: code=True, output=True
beyond_linearity.html: lab 07 · gam_full.summary(): code=True, output=True
classification.html: 講義 04 · sm.GLM + Binomial（六個預測變數）: code=True, output=True
classification.html: 講義 04 · 從機率到標籤，再到混淆矩陣: code=True, output=True
classification.html: 講義 04 · 用 2001–2004 擬合、在 2005 年比較: code=True, output=True
classification.html: 講義 04 · 探索後只留 Lag1 與 Lag2: code=True, output=True
classification.html: 講義 04 · 擬合 LDA 並讀出估計的參數: code=True, output=True
classification.html: 講義 04 · 線性判別方向與預測結果: code=True, output=True
classification.html: 講義 04 · QuadraticDiscriminantAnalysis: code=True, output=True
classification.html: 講義 04 · GaussianNB: code=True, output=True
classification.html: 講義 04 · 手動算 accuracy / sensitivity / precision / FPR: code=True, output=True
classification.html: 講義 04 · Caravan：把門檻值從 0.5 降到 0.25: code=True, output=True
classification.html: 講義 04 · KNeighborsClassifier(n_neighbors=1): code=True, output=True
classification.html: 講義 04 · Poisson 迴歸（Bikeshare）: code=True, output=True
deep_learning.html: lab §10.9.1 · 資料準備與線性迴歸基準: code=True, output=True
deep_learning.html: lab §10.9.1 · lasso 基準（10 折 CV 選 λ）: code=True, output=True
deep_learning.html: lab §10.9.1 · HittersModel 與參數量: code=True, output=True
deep_learning.html: lab §10.9.1 · 訓練 50 個 epoch 之後測試: code=True, output=True
deep_learning.html: lab §10.9.2 · MNISTModel 與參數量: code=True, output=True
deep_learning.html: lab §10.9.2 · 測試準確率: code=True, output=True
deep_learning.html: lab §10.9.2 · 拿多元邏輯斯迴歸當對照: code=True, output=True
deep_learning.html: lab §10.9.3 · 一個 building block 疊四次: code=True, output=True
deep_learning.html: lab §10.9.3 · 測試準確率: code=True, output=True
deep_learning.html: lab §10.9.4 · 直接用預訓練的 ResNet50: code=True, output=True
deep_learning.html: lab §10.9.5 · 詞袋 ＋ 兩層網路的 IMDB 準確率: code=True, output=True
deep_learning.html: lab §10.9.6 · LSTM 版的 IMDB 分類: code=True, output=True
deep_learning.html: lab §10.9.6 · NYSE 交易量的自迴歸: code=True, output=True
introduction.html: 課程lab · 2004年的平均薪資: code=True, output=True
introduction.html: 課程lab · 數值欄的相關熱圖: code=True, output=True
introduction.html: 課程lab · 投影的輸入: code=True, output=True
introduction.html: 課程lab · 從直方圖到完整pairplot: code=True, output=True
linear_regression.html: 講義 03 · 手動建模型矩陣 → sm.OLS → summarize: code=True, output=True
linear_regression.html: 講義 03 · 用 ModelSpec 建模型矩陣（後面每一章都會用）: code=True, output=True
linear_regression.html: 講義 03 · print(results.summary())：一次看完 SE、t、p、信賴區間、F、R²: code=True, output=True
linear_regression.html: 講義 03 · 信賴區間 vs 預測區間: code=True, output=True
linear_regression.html: 講義 03 · scikit-learn 版的 R² 與 MSE: code=True, output=True
linear_regression.html: 講義 03 · 兩個預測變數（lstat + age）: code=True, output=True
linear_regression.html: 講義 03 · 全部 12 個預測變數: code=True, output=True
linear_regression.html: 講義 03 · 用 tuple 指定交互作用項: code=True, output=True
linear_regression.html: 講義 03 · 三個水準的類別變數（Carseats 的 ShelveLoc）: code=True, output=True
linear_regression.html: 講義 03 · 用串列生成式算每一欄的 VIF: code=True, output=True
linear_regression.html: 講義 03 · 加二次項修掉非線性: code=True, output=True
linear_regression.html: 講義 03 · anova_lm：用 F 檢定比較巢狀模型: code=True, output=True
model_selection.html: 講義 06 · 載入 Hitters 並丟掉缺失值: code=True, output=True
model_selection.html: 講義 06 · 自訂迴圈的前向逐步選擇: code=True, output=True
model_selection.html: 講義 06 · 後向逐步選擇（BIC 挑出來的大小不一樣）: code=True, output=True
model_selection.html: 講義 06 · 前向路徑上的 BIC: code=True, output=True
model_selection.html: 講義 06 · 最佳子集 + 調整後 R²: code=True, output=True
model_selection.html: 講義 06 · 用 GridSearchCV 選調整參數: code=True, output=True
model_selection.html: 講義 06 · Ridge 與係數的 L2 範數: code=True, output=True
model_selection.html: 講義 06 · 用 RidgeCV 選 λ: code=True, output=True
model_selection.html: 講義 06 · Lasso 與被歸零的係數: code=True, output=True
model_selection.html: 講義 06 · 用 ElasticNetCV 選 λ 並取最小 CV 誤差: code=True, output=True
model_selection.html: 講義 06 · 用 CV 選主成分個數 M: code=True, output=True
model_selection.html: 講義 06 · 各主成分解釋了多少變異: code=True, output=True
model_selection.html: 講義 06 · 用 CV 選 PLS 的成分個數: code=True, output=True
p1_python_basics.html: 印出一行字: code=True, output=True
p1_python_basics.html: 算術: code=True, output=True
p1_python_basics.html: 字串相加是接起來: code=True, output=True
p1_python_basics.html: 在 notebook 查 print 的說明: code=True, output=True
p1_python_basics.html: 做一個串列: code=True, output=True
p1_python_basics.html: 串列相加是接起來，不是逐元素相加: code=True, output=True
p1_python_basics.html: 字串也能切: code=True, output=True
p1_python_basics.html: slice 物件是同一件事的另一種寫法: code=True, output=True
p1_python_basics.html: 用字典建一個 Series: code=True, output=True
p1_python_basics.html: 用字典建一整張表: code=True, output=True
p1_python_basics.html: format 與格式規格: code=True, output=True
p1_python_basics.html: 迴圈裡的格式化: code=True, output=True
p2_flow_functions.html: 一個條件: code=True, output=True
p2_flow_functions.html: 兩個條件用 & 串起來: code=True, output=True
p2_flow_functions.html: & 與 | 混用: code=True, output=True
p2_flow_functions.html: 最基本的累加迴圈: code=True, output=True
p2_flow_functions.html: 巢狀迴圈: code=True, output=True
p2_flow_functions.html: zip：兩排東西配對走: code=True, output=True
p2_flow_functions.html: 包成一個函式: code=True, output=True
p2_flow_functions.html: 然後用迴圈跑三次: code=True, output=True
p2_flow_functions.html: 以當下資料框產生選列條件: code=True, output=True
p2_flow_functions.html: 有預設值的參數: code=True, output=True
p2_flow_functions.html: 呼叫時只覆寫想改的: code=True, output=True
p2_flow_functions.html: 一個真的錯誤訊息: code=True, output=True
p3_numpy.html: 串列的 + 是串接: code=True, output=True
p3_numpy.html: 陣列的 + 是逐元素相加: code=True, output=True
p3_numpy.html: 建立二維陣列: code=True, output=True
p3_numpy.html: 三個基本屬性: code=True, output=True
p3_numpy.html: 兩個序列的右端點不同: code=True, output=True
p3_numpy.html: reshape 成兩列三欄: code=True, output=True
p3_numpy.html: 改 reshape 出來的元素，原陣列也會變: code=True, output=True
p3_numpy.html: shape、ndim 與轉置: code=True, output=True
p3_numpy.html: 先做一個 4×4 的 A: code=True, output=True
p3_numpy.html: 挑列、挑欄: code=True, output=True
p3_numpy.html: 糟糕——發生了什麼？: code=True, output=True
p3_numpy.html: 長度不一樣就直接報錯: code=True, output=True
p3_numpy.html: 真的要子矩陣：兩種寫法: code=True, output=True
p3_numpy.html: 等距切片也能取子矩陣: code=True, output=True
p3_numpy.html: 做一個布林遮罩: code=True, output=True
p3_numpy.html: 整數索引 vs 布林索引: code=True, output=True
p3_numpy.html: 布林也能配 np.ix_ 取子矩陣: code=True, output=True
p3_numpy.html: 每個位置都相同嗎？: code=True, output=True
p3_numpy.html: 最單純的廣播：陣列與純量: code=True, output=True
p3_numpy.html: 變異數的三種寫法會一致: code=True, output=True
p3_numpy.html: 標準差就是變異數開根號: code=True, output=True
p3_numpy.html: 沿 axis=0 取欄平均: code=True, output=True
p3_numpy.html: 沒固定種子：兩次結果不同: code=True, output=True
p3_numpy.html: 固定種子：兩個產生器給一模一樣的數: code=True, output=True
p3_numpy.html: 相關係數矩陣: code=True, output=True
p4_pandas.html: 自訂索引的 Series: code=True, output=True
p4_pandas.html: 用字典建 DataFrame: code=True, output=True
p4_pandas.html: 每一欄各自的型別: code=True, output=True
p4_pandas.html: 看前幾列與後幾列: code=True, output=True
p4_pandas.html: 五數摘要: code=True, output=True
p4_pandas.html: 形狀: code=True, output=True
p4_pandas.html: 欄名排序與資料值排序: code=True, output=True
p4_pandas.html: 數值表的三種運算: code=True, output=True
p4_pandas.html: 將資料表存成 Excel 與 CSV: code=True, output=True
p4_pandas.html: 取一欄與取幾列: code=True, output=True
p4_pandas.html: loc 指名字、iloc 指位置: code=True, output=True
p4_pandas.html: 用條件選列: code=True, output=True
p4_pandas.html: 使用車名作為列標籤: code=True, output=True
p4_pandas.html: 同一標籤可選到多列: code=True, output=True
p4_pandas.html: 找出影響型別的值: code=True, output=True
p4_pandas.html: 讀檔時就宣告哪些字算遺漏: code=True, output=True
p4_pandas.html: dropna：397 變成 392: code=True, output=True
p4_pandas.html: reindex 也會生出 NaN: code=True, output=True
p4_pandas.html: 把汽缸數標成類別: code=True, output=True
p4_pandas.html: 先數一數每一類有幾筆: code=True, output=True
p4_pandas.html: 拆分 → 套用 → 合併: code=True, output=True
p4_pandas.html: 切成三塊再接回去: code=True, output=True
p4_pandas.html: concat 沿著列接起來: code=True, output=True
p4_pandas.html: 設定讀檔參數: code=True, output=True
p5_visualization.html: 這一頁用的資料：tips: code=True, output=True
p5_visualization.html: subplots 一次給你兩個東西: code=True, output=True
p5_visualization.html: 散佈圖與軸標籤: code=True, output=True
p5_visualization.html: 2×3 的子圖網格: code=True, output=True
p5_visualization.html: 同一張圖保存兩種格式: code=True, output=True
p5_visualization.html: 改軸範圍後再存一份: code=True, output=True
p5_visualization.html: 最基本的直方圖: code=True, output=True
p5_visualization.html: 依類別分色與堆疊: code=True, output=True
p5_visualization.html: 密度圖: code=True, output=True
p5_visualization.html: 散佈圖，以及呈現第三個變數: code=True, output=True
p5_visualization.html: 用點的大小表示第三個變數: code=True, output=True
p5_visualization.html: joint 與 pair: code=True, output=True
p5_visualization.html: 折線圖與信賴區間: code=True, output=True
p5_visualization.html: 盒鬚圖：看分布: code=True, output=True
p5_visualization.html: 長條圖：看平均與不確定性: code=True, output=True
p5_visualization.html: 計數圖：看筆數: code=True, output=True
p5_visualization.html: 點估計圖：專門用來比較: code=True, output=True
p5_visualization.html: 散佈圖加迴歸線: code=True, output=True
p5_visualization.html: 依類別分別擬合: code=True, output=True
p5_visualization.html: 相關係數熱圖: code=True, output=True
p5_visualization.html: 建立二維函數網格並畫等高線: code=True, output=True
p5_visualization.html: 改等高線層數，與 imshow 比較: code=True, output=True
p6_modeling_api.html: statsmodels：截距要自己放進 X: code=True, output=True
p6_modeling_api.html: 擬合之後的係數表: code=True, output=True
p6_modeling_api.html: MS 幫你把資料框變成 X: code=True, output=True
p6_modeling_api.html: 對新資料要用 transform: code=True, output=True
p6_modeling_api.html: 預測值: code=True, output=True
p6_modeling_api.html: 只要係數的話: code=True, output=True
p6_modeling_api.html: 完整的 summary: code=True, output=True
p6_modeling_api.html: 同一個模型的 sklearn 版本: code=True, output=True
p6_modeling_api.html: 評分: code=True, output=True
p6_modeling_api.html: 預測新資料: code=True, output=True
p6_modeling_api.html: 切一刀: code=True, output=True
p6_modeling_api.html: 在驗證集上算 MSE: code=True, output=True
p6_modeling_api.html: 三種常見的誤差指標: code=True, output=True
p6_modeling_api.html: 三個次數的驗證誤差: code=True, output=True
p6_modeling_api.html: 留一交叉驗證: code=True, output=True
p6_modeling_api.html: 重複切分：看平均，也看標準差: code=True, output=True
p6_modeling_api.html: 標準化後接 Ridge: code=True, output=True
p6_modeling_api.html: 把整條 Pipeline 放進切分評估: code=True, output=True
resampling_methods.html: 講義 05 · 驗證集法（Auto，degree 1）: code=True, output=True
resampling_methods.html: 講義 05 · 換一個切法（random_state=3）: code=True, output=True
resampling_methods.html: 講義 05 · LOOCV（Auto，degree 1）: code=True, output=True
resampling_methods.html: 講義 05 · 10-fold CV（degree 1–5）: code=True, output=True
resampling_methods.html: 講義 05 · α̂ 用全部 100 筆: code=True, output=True
resampling_methods.html: 講義 05 · 一次 bootstrap 重抽: code=True, output=True
resampling_methods.html: 講義 05 · 通用的 boot_SE: code=True, output=True
statistical_learning.html: 講義 02 · 讀 Auto 並處理遺漏值: code=True, output=True
statistical_learning.html: 講義 02 · n 與 p 到底是多少: code=True, output=True
statistical_learning.html: 講義 02 · 雜訊讓相關係數到不了 1: code=True, output=True
statistical_learning.html: 講義 02 · 用樣本變異數估 Var(ε): code=True, output=True
statistical_learning.html: 講義 02 · 用等高線圖看一個指定的 f(x, y): code=True, output=True
statistical_learning.html: 講義 02 · 數值摘要: code=True, output=True
statistical_learning.html: 講義 02 · 散佈圖矩陣：一眼看出線性夠不夠: code=True, output=True
statistical_learning.html: 講義 02 · 用布林陣列挑出「屬於這一類」的資料: code=True, output=True
statistical_learning.html: 講義 02 · 布林取平均就是比例: code=True, output=True
support_vector_machines.html: lab 09 · SVC(kernel='linear') 的第一次擬合: code=True, output=True
support_vector_machines.html: lab 09 · 剛好線性可分開的情況（C = 10⁵）: code=True, output=True
support_vector_machines.html: lab 09 · 取出支持向量（C = 10）: code=True, output=True
support_vector_machines.html: lab 09 · 換成小的 C：支持向量變多: code=True, output=True
support_vector_machines.html: lab 09 · GridSearchCV 掃七個 C: code=True, output=True
support_vector_machines.html: lab 09 · 用選出來的 C 預測測試資料: code=True, output=True
support_vector_machines.html: lab 09 · SGDClassifier(loss="hinge"): code=True, output=True
support_vector_machines.html: lab 09 · 特徵映射 vs 自訂核（同心圓資料）: code=True, output=True
support_vector_machines.html: lab 09 · 兩條路的答案一模一樣: code=True, output=True
support_vector_machines.html: lab 09 · 非線性邊界的資料 + RBF 核: code=True, output=True
support_vector_machines.html: lab 09 · 同時調 C 與 γ: code=True, output=True
support_vector_machines.html: lab 09 · Khan 資料（4 類、p = 2308、n = 63）: code=True, output=True
support_vector_machines.html: lab 09 · RBFSampler + SGDClassifier: code=True, output=True
tree_based_methods.html: 講義 08 · Carseats 與 High（lab 的起點）: code=True, output=True
tree_based_methods.html: 講義 08 · Boston 迴歸樹（max_depth=3）: code=True, output=True
tree_based_methods.html: 講義 08 · cost_complexity_pruning_path ＋ GridSearchCV（迴歸）: code=True, output=True
tree_based_methods.html: 講義 08 · 用 CV 挑 ccp_alpha（分類）: code=True, output=True
tree_based_methods.html: 講義 08 · DecisionTreeClassifier(criterion='entropy') ＋ export_text: code=True, output=True
tree_based_methods.html: 講義 08 · 三個不同演算法的多數投票（Carseats）: code=True, output=True
tree_based_methods.html: 講義 08 · bagging ＝ max_features = p 的 random forest: code=True, output=True
tree_based_methods.html: 講義 08 · max_features = 6 的 random forest ＋ feature_importances_: code=True, output=True
tree_based_methods.html: 講義 08 · GradientBoostingRegressor（5000 棵樹，λ = 0.001）: code=True, output=True
tree_based_methods.html: 講義 08 · XGBClassifier 在 heart_disease 上的 5 折基準: code=True, output=True
tree_based_methods.html: 講義 08 · early_stopping_rounds 取代「調 n_estimators」: code=True, output=True
tree_based_methods.html: 講義 08 · Stacking（KNN ＋ 決策樹 ＋ 樸素貝氏，合併器是邏輯斯迴歸）: code=True, output=True
tree_based_methods.html: 講義 08 · ISLP.bart 在 Boston 上: code=True, output=True
unsupervised_learning.html: 講義 12 · USArrests 的 PCA: code=True, output=True
unsupervised_learning.html: 講義 12 · biplot（scatter + arrow + text）: code=True, output=True
unsupervised_learning.html: 講義 12 · np.linalg.svd 取出負荷矩陣: code=True, output=True
unsupervised_learning.html: 講義 12 · 得分的標準差、變異數與 PVE: code=True, output=True
unsupervised_learning.html: 講義 12 · USArrests 的平均與變異數: code=True, output=True
unsupervised_learning.html: 講義 12 · 挖掉 20 格，然後用主成分反覆填補: code=True, output=True
unsupervised_learning.html: 講義 12 · 補得準不準: code=True, output=True
unsupervised_learning.html: 講義 12 · K = 2 的模擬資料: code=True, output=True
unsupervised_learning.html: 講義 12 · n_init 為什麼要設大: code=True, output=True
unsupervised_learning.html: 講義 12 · 建樹、畫樹、切樹: code=True, output=True
unsupervised_learning.html: 講義 12 · NCI60 上兩種分群的交叉表: code=True, output=True
unsupervised_learning.html: 講義 12 · digits 的 t-SNE: code=True, output=True
Checked 245 full rendered lab cards; failures=0


[ch1-6-canonical-lab.log]
00a_why_code.html: 練習讀表：另一份課程示範資料: code=True, output=True
00b_setup.html: 裝課程用的套件: code=True, output=True
00b_setup.html: ISLP 會順便安裝相依套件: code=True, output=True
00b_setup.html: Colab 上的加速選項: code=True, output=True
00b_setup.html: 課程 lab 的 imports（第 2 章）: code=True, output=True
00b_setup.html: 第 1 章的 imports: code=True, output=True
00b_setup.html: 掛載 Drive: code=True, output=True
00b_setup.html: 設一個路徑變數: code=True, output=True
00b_setup.html: 讀進來: code=True, output=True
00b_setup.html: 畫第一張散佈圖: code=True, output=True
00c_ai_assisted.html: 用完整輸出核對結論: code=True, output=True
00c_ai_assisted.html: 平均分數之外，保留不同切分下的變動: code=True, output=True
beyond_linearity.html: lab 07 · degree 4 多項式（Wage：age → wage）: code=True, output=True
beyond_linearity.html: lab 07 · 用 ANOVA 逐步比較 degree 1 到 5: code=True, output=True
beyond_linearity.html: lab 07 · 多項式邏輯斯迴歸：Pr(wage > 250): code=True, output=True
beyond_linearity.html: lab 07 · 用分位數切點擬合階梯函數: code=True, output=True
beyond_linearity.html: lab 07 · degree=0 的 B-樣條 ≡ 分段常數: code=True, output=True
beyond_linearity.html: lab 07 · 三個內部節點的立方樣條: code=True, output=True
beyond_linearity.html: lab 07 · 用 df 代替節點位置: code=True, output=True
beyond_linearity.html: lab 07 · 五個自由度的自然樣條: code=True, output=True
beyond_linearity.html: lab 07 · approx_lam：指定自由度，反解懲罰參數: code=True, output=True
beyond_linearity.html: lab 07 · 兩個 span 的局部線性迴歸: code=True, output=True
beyond_linearity.html: lab 07 · 模型規格與用 df 設定平滑程度: code=True, output=True
beyond_linearity.html: lab 07 · gam_full.summary(): code=True, output=True
classification.html: 講義 04 · sm.GLM + Binomial（六個預測變數）: code=True, output=True
classification.html: 講義 04 · 從機率到標籤，再到混淆矩陣: code=True, output=True
classification.html: 講義 04 · 用 2001–2004 擬合、在 2005 年比較: code=True, output=True
classification.html: 講義 04 · 探索後只留 Lag1 與 Lag2: code=True, output=True
classification.html: 講義 04 · 擬合 LDA 並讀出估計的參數: code=True, output=True
classification.html: 講義 04 · 線性判別方向與預測結果: code=True, output=True
classification.html: 講義 04 · QuadraticDiscriminantAnalysis: code=True, output=True
classification.html: 講義 04 · GaussianNB: code=True, output=True
classification.html: 講義 04 · 手動算 accuracy / sensitivity / precision / FPR: code=True, output=True
classification.html: 講義 04 · Caravan：把門檻值從 0.5 降到 0.25: code=True, output=True
classification.html: 講義 04 · KNeighborsClassifier(n_neighbors=1): code=True, output=True
classification.html: 講義 04 · Poisson 迴歸（Bikeshare）: code=True, output=True
deep_learning.html: lab §10.9.1 · 資料準備與線性迴歸基準: code=True, output=True
deep_learning.html: lab §10.9.1 · lasso 基準（10 折 CV 選 λ）: code=True, output=True
deep_learning.html: lab §10.9.1 · HittersModel 與參數量: code=True, output=True
deep_learning.html: lab §10.9.1 · 訓練 50 個 epoch 之後測試: code=True, output=True
deep_learning.html: lab §10.9.2 · MNISTModel 與參數量: code=True, output=True
deep_learning.html: lab §10.9.2 · 測試準確率: code=True, output=True
deep_learning.html: lab §10.9.2 · 拿多元邏輯斯迴歸當對照: code=True, output=True
deep_learning.html: lab §10.9.3 · 一個 building block 疊四次: code=True, output=True
deep_learning.html: lab §10.9.3 · 測試準確率: code=True, output=True
deep_learning.html: lab §10.9.4 · 直接用預訓練的 ResNet50: code=True, output=True
deep_learning.html: lab §10.9.5 · 詞袋 ＋ 兩層網路的 IMDB 準確率: code=True, output=True
deep_learning.html: lab §10.9.6 · LSTM 版的 IMDB 分類: code=True, output=True
deep_learning.html: lab §10.9.6 · NYSE 交易量的自迴歸: code=True, output=True
introduction.html: 課程lab · 2004年的平均薪資: code=True, output=True
introduction.html: 課程lab · 數值欄的相關熱圖: code=True, output=True
introduction.html: 課程lab · 投影的輸入: code=True, output=True
introduction.html: 課程lab · 從直方圖到完整pairplot: code=True, output=True
linear_regression.html: 講義 03 · 手動建模型矩陣 → sm.OLS → summarize: code=True, output=True
linear_regression.html: 講義 03 · 用 ModelSpec 建模型矩陣（後面每一章都會用）: code=True, output=True
linear_regression.html: 講義 03 · print(results.summary())：一次看完 SE、t、p、信賴區間、F、R²: code=True, output=True
linear_regression.html: 講義 03 · 信賴區間 vs 預測區間: code=True, output=True
linear_regression.html: 講義 03 · scikit-learn 版的 R² 與 MSE: code=True, output=True
linear_regression.html: 講義 03 · 兩個預測變數（lstat + age）: code=True, output=True
linear_regression.html: 講義 03 · 全部 12 個預測變數: code=True, output=True
linear_regression.html: 講義 03 · 用 tuple 指定交互作用項: code=True, output=True
linear_regression.html: 講義 03 · 三個水準的類別變數（Carseats 的 ShelveLoc）: code=True, output=True
linear_regression.html: 講義 03 · 用串列生成式算每一欄的 VIF: code=True, output=True
linear_regression.html: 講義 03 · 加二次項修掉非線性: code=True, output=True
linear_regression.html: 講義 03 · anova_lm：用 F 檢定比較巢狀模型: code=True, output=True
model_selection.html: 講義 06 · 載入 Hitters 並丟掉缺失值: code=True, output=True
model_selection.html: 講義 06 · 自訂迴圈的前向逐步選擇: code=True, output=True
model_selection.html: 講義 06 · 後向逐步選擇（BIC 挑出來的大小不一樣）: code=True, output=True
model_selection.html: 講義 06 · 前向路徑上的 BIC: code=True, output=True
model_selection.html: 講義 06 · 最佳子集 + 調整後 R²: code=True, output=True
model_selection.html: 講義 06 · 用 GridSearchCV 選調整參數: code=True, output=True
model_selection.html: 講義 06 · Ridge 與係數的 L2 範數: code=True, output=True
model_selection.html: 講義 06 · 用 RidgeCV 選 λ: code=True, output=True
model_selection.html: 講義 06 · Lasso 與被歸零的係數: code=True, output=True
model_selection.html: 講義 06 · 用 ElasticNetCV 選 λ 並取最小 CV 誤差: code=True, output=True
model_selection.html: 講義 06 · 用 CV 選主成分個數 M: code=True, output=True
model_selection.html: 講義 06 · 各主成分解釋了多少變異: code=True, output=True
model_selection.html: 講義 06 · 用 CV 選 PLS 的成分個數: code=True, output=True
p1_python_basics.html: 印出一行字: code=True, output=True
p1_python_basics.html: 算術: code=True, output=True
p1_python_basics.html: 字串相加是接起來: code=True, output=True
p1_python_basics.html: 在 notebook 查 print 的說明: code=True, output=True
p1_python_basics.html: 做一個串列: code=True, output=True
p1_python_basics.html: 串列相加是接起來，不是逐元素相加: code=True, output=True
p1_python_basics.html: 字串也能切: code=True, output=True
p1_python_basics.html: slice 物件是同一件事的另一種寫法: code=True, output=True
p1_python_basics.html: 用字典建一個 Series: code=True, output=True
p1_python_basics.html: 用字典建一整張表: code=True, output=True
p1_python_basics.html: format 與格式規格: code=True, output=True
p1_python_basics.html: 迴圈裡的格式化: code=True, output=True
p2_flow_functions.html: 一個條件: code=True, output=True
p2_flow_functions.html: 兩個條件用 & 串起來: code=True, output=True
p2_flow_functions.html: & 與 | 混用: code=True, output=True
p2_flow_functions.html: 最基本的累加迴圈: code=True, output=True
p2_flow_functions.html: 巢狀迴圈: code=True, output=True
p2_flow_functions.html: zip：兩排東西配對走: code=True, output=True
p2_flow_functions.html: 包成一個函式: code=True, output=True
p2_flow_functions.html: 然後用迴圈跑三次: code=True, output=True
p2_flow_functions.html: 以當下資料框產生選列條件: code=True, output=True
p2_flow_functions.html: 有預設值的參數: code=True, output=True
p2_flow_functions.html: 呼叫時只覆寫想改的: code=True, output=True
p2_flow_functions.html: 一個真的錯誤訊息: code=True, output=True
p3_numpy.html: 串列的 + 是串接: code=True, output=True
p3_numpy.html: 陣列的 + 是逐元素相加: code=True, output=True
p3_numpy.html: 建立二維陣列: code=True, output=True
p3_numpy.html: 三個基本屬性: code=True, output=True
p3_numpy.html: 兩個序列的右端點不同: code=True, output=True
p3_numpy.html: reshape 成兩列三欄: code=True, output=True
p3_numpy.html: 改 reshape 出來的元素，原陣列也會變: code=True, output=True
p3_numpy.html: shape、ndim 與轉置: code=True, output=True
p3_numpy.html: 先做一個 4×4 的 A: code=True, output=True
p3_numpy.html: 挑列、挑欄: code=True, output=True
p3_numpy.html: 糟糕——發生了什麼？: code=True, output=True
p3_numpy.html: 長度不一樣就直接報錯: code=True, output=True
p3_numpy.html: 真的要子矩陣：兩種寫法: code=True, output=True
p3_numpy.html: 等距切片也能取子矩陣: code=True, output=True
p3_numpy.html: 做一個布林遮罩: code=True, output=True
p3_numpy.html: 整數索引 vs 布林索引: code=True, output=True
p3_numpy.html: 布林也能配 np.ix_ 取子矩陣: code=True, output=True
p3_numpy.html: 每個位置都相同嗎？: code=True, output=True
p3_numpy.html: 最單純的廣播：陣列與純量: code=True, output=True
p3_numpy.html: 變異數的三種寫法會一致: code=True, output=True
p3_numpy.html: 標準差就是變異數開根號: code=True, output=True
p3_numpy.html: 沿 axis=0 取欄平均: code=True, output=True
p3_numpy.html: 沒固定種子：兩次結果不同: code=True, output=True
p3_numpy.html: 固定種子：兩個產生器給一模一樣的數: code=True, output=True
p3_numpy.html: 相關係數矩陣: code=True, output=True
p4_pandas.html: 自訂索引的 Series: code=True, output=True
p4_pandas.html: 用字典建 DataFrame: code=True, output=True
p4_pandas.html: 每一欄各自的型別: code=True, output=True
p4_pandas.html: 看前幾列與後幾列: code=True, output=True
p4_pandas.html: 五數摘要: code=True, output=True
p4_pandas.html: 形狀: code=True, output=True
p4_pandas.html: 欄名排序與資料值排序: code=True, output=True
p4_pandas.html: 數值表的三種運算: code=True, output=True
p4_pandas.html: 將資料表存成 Excel 與 CSV: code=True, output=True
p4_pandas.html: 取一欄與取幾列: code=True, output=True
p4_pandas.html: loc 指名字、iloc 指位置: code=True, output=True
p4_pandas.html: 用條件選列: code=True, output=True
p4_pandas.html: 使用車名作為列標籤: code=True, output=True
p4_pandas.html: 同一標籤可選到多列: code=True, output=True
p4_pandas.html: 找出影響型別的值: code=True, output=True
p4_pandas.html: 讀檔時就宣告哪些字算遺漏: code=True, output=True
p4_pandas.html: dropna：397 變成 392: code=True, output=True
p4_pandas.html: reindex 也會生出 NaN: code=True, output=True
p4_pandas.html: 把汽缸數標成類別: code=True, output=True
p4_pandas.html: 先數一數每一類有幾筆: code=True, output=True
p4_pandas.html: 拆分 → 套用 → 合併: code=True, output=True
p4_pandas.html: 切成三塊再接回去: code=True, output=True
p4_pandas.html: concat 沿著列接起來: code=True, output=True
p4_pandas.html: 設定讀檔參數: code=True, output=True
p5_visualization.html: 這一頁用的資料：tips: code=True, output=True
p5_visualization.html: subplots 一次給你兩個東西: code=True, output=True
p5_visualization.html: 散佈圖與軸標籤: code=True, output=True
p5_visualization.html: 2×3 的子圖網格: code=True, output=True
p5_visualization.html: 同一張圖保存兩種格式: code=True, output=True
p5_visualization.html: 改軸範圍後再存一份: code=True, output=True
p5_visualization.html: 最基本的直方圖: code=True, output=True
p5_visualization.html: 依類別分色與堆疊: code=True, output=True
p5_visualization.html: 密度圖: code=True, output=True
p5_visualization.html: 散佈圖，以及呈現第三個變數: code=True, output=True
p5_visualization.html: 用點的大小表示第三個變數: code=True, output=True
p5_visualization.html: joint 與 pair: code=True, output=True
p5_visualization.html: 折線圖與信賴區間: code=True, output=True
p5_visualization.html: 盒鬚圖：看分布: code=True, output=True
p5_visualization.html: 長條圖：看平均與不確定性: code=True, output=True
p5_visualization.html: 計數圖：看筆數: code=True, output=True
p5_visualization.html: 點估計圖：專門用來比較: code=True, output=True
p5_visualization.html: 散佈圖加迴歸線: code=True, output=True
p5_visualization.html: 依類別分別擬合: code=True, output=True
p5_visualization.html: 相關係數熱圖: code=True, output=True
p5_visualization.html: 建立二維函數網格並畫等高線: code=True, output=True
p5_visualization.html: 改等高線層數，與 imshow 比較: code=True, output=True
p6_modeling_api.html: statsmodels：截距要自己放進 X: code=True, output=True
p6_modeling_api.html: 擬合之後的係數表: code=True, output=True
p6_modeling_api.html: MS 幫你把資料框變成 X: code=True, output=True
p6_modeling_api.html: 對新資料要用 transform: code=True, output=True
p6_modeling_api.html: 預測值: code=True, output=True
p6_modeling_api.html: 只要係數的話: code=True, output=True
p6_modeling_api.html: 完整的 summary: code=True, output=True
p6_modeling_api.html: 同一個模型的 sklearn 版本: code=True, output=True
p6_modeling_api.html: 評分: code=True, output=True
p6_modeling_api.html: 預測新資料: code=True, output=True
p6_modeling_api.html: 切一刀: code=True, output=True
p6_modeling_api.html: 在驗證集上算 MSE: code=True, output=True
p6_modeling_api.html: 三種常見的誤差指標: code=True, output=True
p6_modeling_api.html: 三個次數的驗證誤差: code=True, output=True
p6_modeling_api.html: 留一交叉驗證: code=True, output=True
p6_modeling_api.html: 重複切分：看平均，也看標準差: code=True, output=True
p6_modeling_api.html: 標準化後接 Ridge: code=True, output=True
p6_modeling_api.html: 把整條 Pipeline 放進切分評估: code=True, output=True
resampling_methods.html: 講義 05 · 驗證集法（Auto，degree 1）: code=True, output=True
resampling_methods.html: 講義 05 · 換一個切法（random_state=3）: code=True, output=True
resampling_methods.html: 講義 05 · LOOCV（Auto，degree 1）: code=True, output=True
resampling_methods.html: 講義 05 · 10-fold CV（degree 1–5）: code=True, output=True
resampling_methods.html: 講義 05 · α̂ 用全部 100 筆: code=True, output=True
resampling_methods.html: 講義 05 · 一次 bootstrap 重抽: code=True, output=True
resampling_methods.html: 講義 05 · 通用的 boot_SE: code=True, output=True
statistical_learning.html: 講義 02 · 讀 Auto 並處理遺漏值: code=True, output=True
statistical_learning.html: 講義 02 · n 與 p 到底是多少: code=True, output=True
statistical_learning.html: 講義 02 · 雜訊讓相關係數到不了 1: code=True, output=True
statistical_learning.html: 講義 02 · 用樣本變異數估 Var(ε): code=True, output=True
statistical_learning.html: 講義 02 · 用等高線圖看一個指定的 f(x, y): code=True, output=True
statistical_learning.html: 講義 02 · 數值摘要: code=True, output=True
statistical_learning.html: 講義 02 · 散佈圖矩陣：一眼看出線性夠不夠: code=True, output=True
statistical_learning.html: 講義 02 · 用布林陣列挑出「屬於這一類」的資料: code=True, output=True
statistical_learning.html: 講義 02 · 布林取平均就是比例: code=True, output=True
support_vector_machines.html: lab 09 · SVC(kernel='linear') 的第一次擬合: code=True, output=True
support_vector_machines.html: lab 09 · 剛好線性可分開的情況（C = 10⁵）: code=True, output=True
support_vector_machines.html: lab 09 · 取出支持向量（C = 10）: code=True, output=True
support_vector_machines.html: lab 09 · 換成小的 C：支持向量變多: code=True, output=True
support_vector_machines.html: lab 09 · GridSearchCV 掃七個 C: code=True, output=True
support_vector_machines.html: lab 09 · 用選出來的 C 預測測試資料: code=True, output=True
support_vector_machines.html: lab 09 · SGDClassifier(loss="hinge"): code=True, output=True
support_vector_machines.html: lab 09 · 特徵映射 vs 自訂核（同心圓資料）: code=True, output=True
support_vector_machines.html: lab 09 · 兩條路的答案一模一樣: code=True, output=True
support_vector_machines.html: lab 09 · 非線性邊界的資料 + RBF 核: code=True, output=True
support_vector_machines.html: lab 09 · 同時調 C 與 γ: code=True, output=True
support_vector_machines.html: lab 09 · Khan 資料（4 類、p = 2308、n = 63）: code=True, output=True
support_vector_machines.html: lab 09 · RBFSampler + SGDClassifier: code=True, output=True
tree_based_methods.html: 講義 08 · Carseats 與 High（lab 的起點）: code=True, output=True
tree_based_methods.html: 講義 08 · Boston 迴歸樹（max_depth=3）: code=True, output=True
tree_based_methods.html: 講義 08 · cost_complexity_pruning_path ＋ GridSearchCV（迴歸）: code=True, output=True
tree_based_methods.html: 講義 08 · 用 CV 挑 ccp_alpha（分類）: code=True, output=True
tree_based_methods.html: 講義 08 · DecisionTreeClassifier(criterion='entropy') ＋ export_text: code=True, output=True
tree_based_methods.html: 講義 08 · 三個不同演算法的多數投票（Carseats）: code=True, output=True
tree_based_methods.html: 講義 08 · bagging ＝ max_features = p 的 random forest: code=True, output=True
tree_based_methods.html: 講義 08 · max_features = 6 的 random forest ＋ feature_importances_: code=True, output=True
tree_based_methods.html: 講義 08 · GradientBoostingRegressor（5000 棵樹，λ = 0.001）: code=True, output=True
tree_based_methods.html: 講義 08 · XGBClassifier 在 heart_disease 上的 5 折基準: code=True, output=True
tree_based_methods.html: 講義 08 · early_stopping_rounds 取代「調 n_estimators」: code=True, output=True
tree_based_methods.html: 講義 08 · Stacking（KNN ＋ 決策樹 ＋ 樸素貝氏，合併器是邏輯斯迴歸）: code=True, output=True
tree_based_methods.html: 講義 08 · ISLP.bart 在 Boston 上: code=True, output=True
unsupervised_learning.html: 講義 12 · USArrests 的 PCA: code=True, output=True
unsupervised_learning.html: 講義 12 · biplot（scatter + arrow + text）: code=True, output=True
unsupervised_learning.html: 講義 12 · np.linalg.svd 取出負荷矩陣: code=True, output=True
unsupervised_learning.html: 講義 12 · 得分的標準差、變異數與 PVE: code=True, output=True
unsupervised_learning.html: 講義 12 · USArrests 的平均與變異數: code=True, output=True
unsupervised_learning.html: 講義 12 · 挖掉 20 格，然後用主成分反覆填補: code=True, output=True
unsupervised_learning.html: 講義 12 · 補得準不準: code=True, output=True
unsupervised_learning.html: 講義 12 · K = 2 的模擬資料: code=True, output=True
unsupervised_learning.html: 講義 12 · n_init 為什麼要設大: code=True, output=True
unsupervised_learning.html: 講義 12 · 建樹、畫樹、切樹: code=True, output=True
unsupervised_learning.html: 講義 12 · NCI60 上兩種分群的交叉表: code=True, output=True
unsupervised_learning.html: 講義 12 · digits 的 t-SNE: code=True, output=True
Checked 245 full rendered lab cards; failures=0


[ch1-6-static-after-whitespace-fix.log]
PASS: 6 chapters; original lab/output/FRAMES retained; deleted Ch1 topics absent; core statistics and qCur visible; details closed and depth <= 2


[validate-final.log]

  warn  [SIZE] introduction.html: 477 KB，超過 300 KB 建議上限
  warn  [SIZE] unsupervised_learning.html: 380 KB，超過 300 KB 建議上限
  warn  [SIZE] beyond_linearity.html: 358 KB，超過 300 KB 建議上限
  warn  [SIZE] tree_based_methods.html: 301 KB，超過 300 KB 建議上限

0 個失敗，4 個警告（檢查了 26 頁）


[reading-final.log]
26 pages; 365 reading details; 0 failures


[reader-final.log]
Reader contract: all pages and README pass; links, prose and learning features checked.


[ch1-6-whitespace-browser.log]
  linear_regression.html             OK   2 圖表 · 5 SVG · 15 按鈕 · 29 詞彙卡
  resampling_methods.html            OK   4 圖表 · 0 SVG · 3 按鈕 · 23 詞彙卡
  model_selection.html               OK   3 圖表 · 4 SVG · 8 按鈕 · 26 詞彙卡


0 個問題（截圖在 /home/phonchi/statlearning-selfstudy/tools/verification/reading-flow-20260910/shots/whitespace-fix）


[final-views.log]
00c_ai_assisted OK 6 details
beyond_linearity OK 27 details
classification OK 26 details
deep_learning OK 14 details
index OK 0 details
introduction OK 10 details
linear_regression OK 23 details
model_selection OK 28 details
p1_python_basics OK 5 details
p2_flow_functions OK 10 details
p3_numpy OK 9 details
00b_setup OK 8 details
p5_visualization OK 11 details
p6_modeling_api OK 9 details
resampling_methods OK 18 details
s1_probability OK 7 details
s2_conditional OK 6 details
s3_distributions OK 8 details
s4_inference OK 7 details
s5_bayesian OK 8 details
s6_regression OK 9 details
statistical_learning OK 13 details
support_vector_machines OK 25 details
tree_based_methods OK 29 details
unsupervised_learning OK 29 details
p4_pandas OK 16 details
00a_why_code OK 4 details

