  00a_why_code.html  7 節寫入  104 KB  （無變化）
  00b_setup.html  8 節寫入  130 KB  （無變化）
  00c_ai_assisted.html  8 節寫入  115 KB  （無變化）
  classification.html  10 節寫入  217 KB
  deep_learning.html  9 節寫入  217 KB
  introduction.html  11 節寫入  180 KB  （無變化）
  model_selection.html  12 節寫入  213 KB
  beyond_linearity.html  11 節寫入  262 KB
  p1_python_basics.html  8 節寫入  139 KB  （無變化）
  p2_flow_functions.html  8 節寫入  159 KB  （無變化）
  p3_numpy.html  10 節寫入  164 KB  （無變化）
  p4_pandas.html  8 節寫入  156 KB  （無變化）
  p5_visualization.html  8 節寫入  167 KB  （無變化）
  p6_modeling_api.html  8 節寫入  153 KB  （無變化）
  linear_regression.html  10 節寫入  259 KB
  resampling_methods.html  10 節寫入  165 KB
  s1_probability.html  6 節寫入  105 KB  （無變化）
  s2_conditional.html  7 節寫入  109 KB  （無變化）
  s3_distributions.html  7 節寫入  118 KB  （無變化）
  s4_inference.html  8 節寫入  121 KB  （無變化）
  s5_bayesian.html  6 節寫入  109 KB  （無變化）
  s6_regression.html  6 節寫入  106 KB  （無變化）
  statistical_learning.html  9 節寫入  195 KB
  support_vector_machines.html  9 節寫入  248 KB  （無變化）
  tree_based_methods.html  13 節寫入  273 KB
  unsupervised_learning.html  13 節寫入  271 KB
