  00a_why_code.html                  18 張詞彙卡
  00b_setup.html                     24 張詞彙卡
  00c_ai_assisted.html               18 張詞彙卡
  s1_probability.html                20 張詞彙卡
  s2_conditional.html                20 張詞彙卡
  s3_distributions.html              20 張詞彙卡
  s4_inference.html                  22 張詞彙卡
  s5_bayesian.html                   20 張詞彙卡
  s6_regression.html                 20 張詞彙卡
  introduction.html                  26 張詞彙卡
  statistical_learning.html          26 張詞彙卡
  linear_regression.html             28 張詞彙卡、6 題題庫
  classification.html                28 張詞彙卡、6 題題庫
  resampling_methods.html            23 張詞彙卡
  model_selection.html               27 張詞彙卡
  unsupervised_learning.html         30 張詞彙卡
  beyond_linearity.html              28 張詞彙卡
  tree_based_methods.html            30 張詞彙卡、6 題題庫
  support_vector_machines.html       26 張詞彙卡
  deep_learning.html                 28 張詞彙卡
  p1_python_basics.html              24 張詞彙卡
  p2_flow_functions.html             25 張詞彙卡
  p3_numpy.html                      26 張詞彙卡
  p4_pandas.html                     25 張詞彙卡
  p5_visualization.html              28 張詞彙卡
  p6_modeling_api.html               25 張詞彙卡
