{
  title: '統計學習導論與 EDA — Introduction to Statistical Learning and EDA Interactive（Python）',
  sections: [
    'prologue',       'news',
    'slvsml',         'supervised',
    'recommendation', 'ideas',
    'eda',            'datasets',
    'toolchain',      'exercises',
    'reference',      'cards'
  ],
  svg: 9,
  quiz: [
    [ 'qNewsOptions', 0 ],
    [ 'qSlMlOptions', 1 ],
    [ 'qSupOptions', 2 ],
    [ 'qRecommendOptions', 0 ],
    [ 'qIdeasOptions', 1 ],
    [ 'qEdaOptions', 2 ],
    [ 'qIntroWageOptions', 1 ],
    [ 'qIntroSmarketOptions', 2 ],
    [ 'qIntroNCI60Options', 0 ],
    [ 'qIntroAutoOptions', 1 ],
    [ 'qIntroBikeshareOptions', 2 ],
    [ 'qToolOptions', 0 ],
    [ 'qEx1Options', 1 ],
    [ 'qEx2Options', 2 ],
    [ 'qEx3Options', 0 ],
    [ 'qEx4Options', 1 ]
  ],
  legacy: true
}
{ overflow: false, tableRows: 22, tableCols: 5, synthetic: 6 }
intro source anchors, full catalog and mobile scope: OK
