  00a_why_code.html                  重繪 1 區段
  00b_setup.html                     重繪 1 區段
  00c_ai_assisted.html               重繪 1 區段
  introduction.html                  無變化
  statistical_learning.html          無變化
  linear_regression.html             無變化
  classification.html                無變化
  resampling_methods.html            無變化
  model_selection.html               無變化
  beyond_linearity.html              無變化
  tree_based_methods.html            無變化
  support_vector_machines.html       無變化
  unsupervised_learning.html         無變化
  deep_learning.html                 無變化
  s1_probability.html                重繪 2 區段
  s2_conditional.html                重繪 2 區段
  s3_distributions.html              重繪 2 區段
  s4_inference.html                  重繪 2 區段
  s5_bayesian.html                   重繪 2 區段
  s6_regression.html                 重繪 3 區段
  p1_python_basics.html              重繪 1 區段
  p2_flow_functions.html             重繪 1 區段
  p3_numpy.html                      重繪 1 區段
  p4_pandas.html                     重繪 1 區段
  p5_visualization.html              重繪 1 區段
  p6_modeling_api.html               重繪 1 區段
