00a_why_code.html: 練習讀表：另一份課程示範資料: code=True, output=True
00b_setup.html: 裝課程用的套件: code=True, output=True
00b_setup.html: ISLP 會順便安裝相依套件: code=True, output=True
00b_setup.html: Colab 上的加速選項: code=True, output=True
00b_setup.html: 課程 lab 的 imports（第 2 章）: code=True, output=True
00b_setup.html: 第 1 章的 imports: code=True, output=True
00b_setup.html: 掛載 Drive: code=True, output=True
00b_setup.html: 設一個路徑變數: code=True, output=True
00b_setup.html: 讀進來: code=True, output=True
00b_setup.html: 畫第一張散佈圖: code=True, output=True
00c_ai_assisted.html: 用完整輸出核對結論: code=True, output=True
00c_ai_assisted.html: 平均分數之外，保留不同切分下的變動: code=True, output=True
beyond_linearity.html: 擬合多項式: code=True, output=True
beyond_linearity.html: 比較多項式次數: code=True, output=True
beyond_linearity.html: 多項式邏輯斯迴歸: code=True, output=True
beyond_linearity.html: 切段與虛擬變數: code=True, output=True
beyond_linearity.html: 擬合立方樣條: code=True, output=True
beyond_linearity.html: 擬合自然樣條: code=True, output=True
beyond_linearity.html: 局部迴歸的跨距: code=True, output=True
beyond_linearity.html: 擬合加法模型: code=True, output=True
classification.html: 講義 04 · sm.GLM + Binomial（六個預測變數）: code=True, output=True
classification.html: 講義 04 · 從機率到標籤，再到混淆矩陣: code=True, output=True
classification.html: 講義 04 · 用 2001–2004 擬合、在 2005 年比較: code=True, output=True
classification.html: 講義 04 · 探索後只留 Lag1 與 Lag2: code=True, output=True
classification.html: 講義 04 · 擬合 LDA 並讀出估計的參數: code=True, output=True
classification.html: 講義 04 · 線性判別方向與預測結果: code=True, output=True
classification.html: 講義 04 · QuadraticDiscriminantAnalysis: code=True, output=True
classification.html: 講義 04 · GaussianNB: code=True, output=True
classification.html: 講義 04 · 手動算 accuracy / sensitivity / precision / FPR: code=True, output=True
classification.html: 講義 04 · Caravan：把門檻值從 0.5 降到 0.25: code=True, output=True
classification.html: 講義 04 · KNeighborsClassifier(n_neighbors=1): code=True, output=True
classification.html: 講義 04 · Poisson 迴歸（Bikeshare）: code=True, output=True
deep_learning.html: lab §10.9.1 · 資料準備與線性迴歸基準: code=True, output=True
deep_learning.html: lab §10.9.1 · lasso 基準（10 折 CV 選 λ）: code=True, output=True
deep_learning.html: lab §10.9.1 · HittersModel 與參數量: code=True, output=True
deep_learning.html: lab §10.9.1 · 訓練 50 個 epoch 之後測試: code=True, output=True
deep_learning.html: lab §10.9.2 · MNISTModel 與參數量: code=True, output=True
deep_learning.html: lab §10.9.2 · 測試準確率: code=True, output=True
deep_learning.html: lab §10.9.2 · 拿多元邏輯斯迴歸當對照: code=True, output=True
deep_learning.html: lab §10.9.3 · 一個 building block 疊四次: code=True, output=True
deep_learning.html: lab §10.9.3 · 測試準確率: code=True, output=True
deep_learning.html: lab §10.9.4 · 直接用預訓練的 ResNet50: code=True, output=True
deep_learning.html: lab §10.9.5 · 詞袋 ＋ 兩層網路的 IMDB 準確率: code=True, output=True
deep_learning.html: lab §10.9.6 · LSTM 版的 IMDB 分類: code=True, output=True
deep_learning.html: lab §10.9.6 · NYSE 交易量的自迴歸: code=True, output=True
introduction.html: 課程lab · 數值欄的相關熱圖: code=True, output=True
introduction.html: 課程lab · 從直方圖到完整pairplot: code=True, output=True
linear_regression.html: 講義 03 · 手動建模型矩陣 → sm.OLS → summarize: code=True, output=True
linear_regression.html: 講義 03 · print(results.summary())：一次看完 SE、t、p、信賴區間、F、R²: code=True, output=True
linear_regression.html: 講義 03 · 信賴區間 vs 預測區間: code=True, output=True
linear_regression.html: 講義 03 · 兩個預測變數（lstat + age）: code=True, output=True
linear_regression.html: 講義 03 · 全部 12 個預測變數: code=True, output=True
linear_regression.html: 講義 03 · 用 tuple 指定交互作用項: code=True, output=True
linear_regression.html: 講義 03 · 三個水準的類別變數（Carseats 的 ShelveLoc）: code=True, output=True
linear_regression.html: 講義 03 · 用串列生成式算每一欄的 VIF: code=True, output=True
linear_regression.html: 講義 03 · 加二次項修掉非線性: code=True, output=True
linear_regression.html: 講義 03 · anova_lm：用 F 檢定比較巢狀模型: code=True, output=True
model_selection.html: 講義 06 · 自訂迴圈的前向逐步選擇: code=True, output=True
model_selection.html: 講義 06 · 後向逐步選擇（BIC 挑出來的大小不一樣）: code=True, output=True
model_selection.html: 講義 06 · 前向路徑上的 BIC: code=True, output=True
model_selection.html: 講義 06 · 最佳子集 + 調整後 R²: code=True, output=True
model_selection.html: 講義 06 · 用 GridSearchCV 選調整參數: code=True, output=True
model_selection.html: 講義 06 · Ridge 與係數的 L2 範數: code=True, output=True
model_selection.html: 講義 06 · 用 RidgeCV 選 λ: code=True, output=True
model_selection.html: 講義 06 · Lasso 與被歸零的係數: code=True, output=True
model_selection.html: 講義 06 · 用 ElasticNetCV 選 λ 並取最小 CV 誤差: code=True, output=True
model_selection.html: 講義 06 · 用 CV 選主成分個數 M: code=True, output=True
model_selection.html: 講義 06 · 各主成分解釋了多少變異: code=True, output=True
model_selection.html: 講義 06 · 用 CV 選 PLS 的成分個數: code=True, output=True
p1_python_basics.html: 印出一行字: code=True, output=True
p1_python_basics.html: 算術: code=True, output=True
p1_python_basics.html: 字串相加是接起來: code=True, output=True
p1_python_basics.html: 在 notebook 查 print 的說明: code=True, output=True
p1_python_basics.html: 做一個串列: code=True, output=True
p1_python_basics.html: 串列相加是接起來，不是逐元素相加: code=True, output=True
p1_python_basics.html: 字串也能切: code=True, output=True
p1_python_basics.html: slice 物件是同一件事的另一種寫法: code=True, output=True
p1_python_basics.html: 用字典建一個 Series: code=True, output=True
p1_python_basics.html: 用字典建一整張表: code=True, output=True
p1_python_basics.html: format 與格式規格: code=True, output=True
p1_python_basics.html: 迴圈裡的格式化: code=True, output=True
p2_flow_functions.html: 一個條件: code=True, output=True
p2_flow_functions.html: 兩個條件用 & 串起來: code=True, output=True
p2_flow_functions.html: & 與 | 混用: code=True, output=True
p2_flow_functions.html: 最基本的累加迴圈: code=True, output=True
p2_flow_functions.html: 巢狀迴圈: code=True, output=True
p2_flow_functions.html: zip：兩排東西配對走: code=True, output=True
p2_flow_functions.html: 包成一個函式: code=True, output=True
p2_flow_functions.html: 然後用迴圈跑三次: code=True, output=True
p2_flow_functions.html: 以當下資料框產生選列條件: code=True, output=True
p2_flow_functions.html: 有預設值的參數: code=True, output=True
p2_flow_functions.html: 呼叫時只覆寫想改的: code=True, output=True
p2_flow_functions.html: 一個真的錯誤訊息: code=True, output=True
p3_numpy.html: 串列的 + 是串接: code=True, output=True
p3_numpy.html: 陣列的 + 是逐元素相加: code=True, output=True
p3_numpy.html: 建立二維陣列: code=True, output=True
p3_numpy.html: 三個基本屬性: code=True, output=True
p3_numpy.html: 兩個序列的右端點不同: code=True, output=True
p3_numpy.html: reshape 成兩列三欄: code=True, output=True
p3_numpy.html: 改 reshape 出來的元素，原陣列也會變: code=True, output=True
p3_numpy.html: shape、ndim 與轉置: code=True, output=True
p3_numpy.html: 先做一個 4×4 的 A: code=True, output=True
p3_numpy.html: 挑列、挑欄: code=True, output=True
p3_numpy.html: 糟糕——發生了什麼？: code=True, output=True
p3_numpy.html: 長度不一樣就直接報錯: code=True, output=True
p3_numpy.html: 真的要子矩陣：兩種寫法: code=True, output=True
p3_numpy.html: 等距切片也能取子矩陣: code=True, output=True
p3_numpy.html: 做一個布林遮罩: code=True, output=True
p3_numpy.html: 整數索引 vs 布林索引: code=True, output=True
p3_numpy.html: 布林也能配 np.ix_ 取子矩陣: code=True, output=True
p3_numpy.html: 每個位置都相同嗎？: code=True, output=True
p3_numpy.html: 最單純的廣播：陣列與純量: code=True, output=True
p3_numpy.html: 變異數的三種寫法會一致: code=True, output=True
p3_numpy.html: 標準差就是變異數開根號: code=True, output=True
p3_numpy.html: 沿 axis=0 取欄平均: code=True, output=True
p3_numpy.html: 沒固定種子：兩次結果不同: code=True, output=True
p3_numpy.html: 固定種子：兩個產生器給一模一樣的數: code=True, output=True
p3_numpy.html: 相關係數矩陣: code=True, output=True
p4_pandas.html: 自訂索引的 Series: code=True, output=True
p4_pandas.html: 用字典建 DataFrame: code=True, output=True
p4_pandas.html: 每一欄各自的型別: code=True, output=True
p4_pandas.html: 看前幾列與後幾列: code=True, output=True
p4_pandas.html: 五數摘要: code=True, output=True
p4_pandas.html: 形狀: code=True, output=True
p4_pandas.html: 欄名排序與資料值排序: code=True, output=True
p4_pandas.html: 數值表的三種運算: code=True, output=True
p4_pandas.html: 將資料表存成 Excel 與 CSV: code=True, output=True
p4_pandas.html: 取一欄與取幾列: code=True, output=True
p4_pandas.html: loc 指名字、iloc 指位置: code=True, output=True
p4_pandas.html: 用條件選列: code=True, output=True
p4_pandas.html: 使用車名作為列標籤: code=True, output=True
p4_pandas.html: 同一標籤可選到多列: code=True, output=True
p4_pandas.html: 找出影響型別的值: code=True, output=True
p4_pandas.html: 讀檔時就宣告哪些字算遺漏: code=True, output=True
p4_pandas.html: dropna：397 變成 392: code=True, output=True
p4_pandas.html: reindex 也會生出 NaN: code=True, output=True
p4_pandas.html: 把汽缸數標成類別: code=True, output=True
p4_pandas.html: 先數一數每一類有幾筆: code=True, output=True
p4_pandas.html: 拆分 → 套用 → 合併: code=True, output=True
p4_pandas.html: 切成三塊再接回去: code=True, output=True
p4_pandas.html: concat 沿著列接起來: code=True, output=True
p4_pandas.html: 設定讀檔參數: code=True, output=True
p5_visualization.html: 這一頁用的資料：tips: code=True, output=True
p5_visualization.html: subplots 一次給你兩個東西: code=True, output=True
p5_visualization.html: 散佈圖與軸標籤: code=True, output=True
p5_visualization.html: 2×3 的子圖網格: code=True, output=True
p5_visualization.html: 同一張圖保存兩種格式: code=True, output=True
p5_visualization.html: 改軸範圍後再存一份: code=True, output=True
p5_visualization.html: 最基本的直方圖: code=True, output=True
p5_visualization.html: 依類別分色與堆疊: code=True, output=True
p5_visualization.html: 密度圖: code=True, output=True
p5_visualization.html: 散佈圖，以及呈現第三個變數: code=True, output=True
p5_visualization.html: 用點的大小表示第三個變數: code=True, output=True
p5_visualization.html: joint 與 pair: code=True, output=True
p5_visualization.html: 折線圖與信賴區間: code=True, output=True
p5_visualization.html: 盒鬚圖：看分布: code=True, output=True
p5_visualization.html: 長條圖：看平均與不確定性: code=True, output=True
p5_visualization.html: 計數圖：看筆數: code=True, output=True
p5_visualization.html: 點估計圖：專門用來比較: code=True, output=True
p5_visualization.html: 散佈圖加迴歸線: code=True, output=True
p5_visualization.html: 依類別分別擬合: code=True, output=True
p5_visualization.html: 相關係數熱圖: code=True, output=True
p5_visualization.html: 建立二維函數網格並畫等高線: code=True, output=True
p5_visualization.html: 改等高線層數，與 imshow 比較: code=True, output=True
p6_modeling_api.html: statsmodels：截距要自己放進 X: code=True, output=True
p6_modeling_api.html: 擬合之後的係數表: code=True, output=True
p6_modeling_api.html: MS 幫你把資料框變成 X: code=True, output=True
p6_modeling_api.html: 對新資料要用 transform: code=True, output=True
p6_modeling_api.html: 預測值: code=True, output=True
p6_modeling_api.html: 只要係數的話: code=True, output=True
p6_modeling_api.html: 完整的 summary: code=True, output=True
p6_modeling_api.html: 同一個模型的 sklearn 版本: code=True, output=True
p6_modeling_api.html: 評分: code=True, output=True
p6_modeling_api.html: 預測新資料: code=True, output=True
p6_modeling_api.html: 切一刀: code=True, output=True
p6_modeling_api.html: 在驗證集上算 MSE: code=True, output=True
p6_modeling_api.html: 三種常見的誤差指標: code=True, output=True
p6_modeling_api.html: 三個次數的驗證誤差: code=True, output=True
p6_modeling_api.html: 留一交叉驗證: code=True, output=True
p6_modeling_api.html: 重複切分：看平均，也看標準差: code=True, output=True
p6_modeling_api.html: 標準化後接 Ridge: code=True, output=True
p6_modeling_api.html: 把整條 Pipeline 放進切分評估: code=True, output=True
resampling_methods.html: 講義 05 · 驗證集法（Auto，degree 1）: code=True, output=True
resampling_methods.html: 講義 05 · 換一個切法（random_state=3）: code=True, output=True
resampling_methods.html: 講義 05 · LOOCV（Auto，degree 1）: code=True, output=True
resampling_methods.html: 講義 05 · 10-fold CV（degree 1–5）: code=True, output=True
resampling_methods.html: 講義 05 · α̂ 用全部 100 筆: code=True, output=True
resampling_methods.html: 講義 05 · 一次 bootstrap 重抽: code=True, output=True
resampling_methods.html: 講義 05 · 通用的 boot_SE: code=True, output=True
support_vector_machines.html: 線性支持向量分類器: code=True, output=True
support_vector_machines.html: 辨認支持向量: code=True, output=True
support_vector_machines.html: 交叉驗證選 C: code=True, output=True
support_vector_machines.html: 以 hinge loss 擬合線性分類器: code=True, output=True
support_vector_machines.html: 特徵映射與自訂核: code=True, output=True
support_vector_machines.html: 用自訂核擬合: code=True, output=True
support_vector_machines.html: RBF 核分類器: code=True, output=True
support_vector_machines.html: 同時選 C 與核參數: code=True, output=True
support_vector_machines.html: 用隨機 Fourier 特徵近似 RBF: code=True, output=True
tree_based_methods.html: 擬合迴歸樹: code=True, output=True
tree_based_methods.html: 以交叉驗證選剪枝參數: code=True, output=True
tree_based_methods.html: 擬合分類樹: code=True, output=True
tree_based_methods.html: 組合多個分類器投票: code=True, output=True
tree_based_methods.html: Bagging: code=True, output=True
tree_based_methods.html: 隨機森林與變數重要度: code=True, output=True
tree_based_methods.html: 讀取分裂重要度: code=True, output=True
tree_based_methods.html: 梯度提升: code=True, output=True
tree_based_methods.html: XGBoost 的分類目標: code=True, output=True
tree_based_methods.html: Stacking 合併器: code=True, output=True
tree_based_methods.html: BART 模型: code=True, output=True
unsupervised_learning.html: 置中、標準化與 PCA 得分: code=True, output=True
unsupervised_learning.html: 以 SVD 計算主成分: code=True, output=True
unsupervised_learning.html: 解釋變異比例: code=True, output=True
unsupervised_learning.html: 以欄平均初始化缺值: code=True, output=True
unsupervised_learning.html: 設定補值迭代的停止條件: code=True, output=True
unsupervised_learning.html: 依低秩近似更新缺值: code=True, output=True
unsupervised_learning.html: K-means 分群: code=True, output=True
unsupervised_learning.html: 建立階層式分群: code=True, output=True
unsupervised_learning.html: t-SNE 的設定與嵌入: code=True, output=True
Checked 218 full rendered lab cards; failures=0
