00c_ai_assisted OK 6 details
beyond_linearity OK 25 details
classification OK 24 details
deep_learning OK 14 details
index OK 0 details
introduction OK 7 details
linear_regression OK 21 details
model_selection OK 26 details
p1_python_basics OK 5 details
p2_flow_functions OK 10 details
00b_setup OK 8 details
p4_pandas OK 15 details
p5_visualization OK 11 details
p6_modeling_api OK 8 details
resampling_methods OK 15 details
s1_probability OK 7 details
s2_conditional OK 5 details
s3_distributions OK 8 details
s4_inference OK 7 details
s5_bayesian OK 7 details
s6_regression OK 7 details
statistical_learning OK 5 details
support_vector_machines OK 23 details
tree_based_methods OK 28 details
unsupervised_learning OK 27 details
p3_numpy OK 8 details
00a_why_code OK 4 details
