1280 {
  families: 3,
  columns: '366.656px 366.672px 366.656px',
  overflow: false,
  functions: [
    'relplot',    'scatterplot',
    'lineplot',   'displot',
    'histplot',   'kdeplot',
    'ecdfplot',   'rugplot',
    'catplot',    'stripplot',
    'swarmplot',  'boxplot',
    'violinplot', 'pointplot',
    'barplot',    'countplot'
  ]
}
390 {
  families: 3,
  columns: '342px',
  overflow: false,
  functions: [
    'relplot',    'scatterplot',
    'lineplot',   'displot',
    'histplot',   'kdeplot',
    'ecdfplot',   'rugplot',
    'catplot',    'stripplot',
    'swarmplot',  'boxplot',
    'violinplot', 'pointplot',
    'barplot',    'countplot'
  ]
}
qSeabornFamily {
  correct: true,
  text: '正確 ✓ 對。displot 管理分布圖，kind 選直方圖，col 依 smoker 分面；這三個決定各有用途。'
}
qSeabornRug { correct: true, text: '正確 ✓ 對。kind 決定主要的分布圖，rug=True 再加上標示觀測位置的小刻度。' }
chapter introduction link: file:///home/phonchi/statlearning-selfstudy/p5_visualization.html#w18seaborn
Seaborn taxonomy responsive layout and new quizzes: OK
