# run.log — 2026-10-06T19:12:58+08:00
## verify_math.py
PASS Mahalanobis eigen form
PASS Mahalanobis = |Sigma^-1/2 (x-mu)|^2
PASS 1-D Mahalanobis = |x-mu|/sigma
PASS a^T Sigma a = 2.5
PASS Var(a^T X) MC ~ 2.5
PASS projection coordinate 3
PASS projection vector general a
PASS t equal prior boundary linear
PASS t unequal prior boundary not linear
PASS LOOCV residual = e/(1-h)
PASS yhat_(i) = yhat_i - h/(1-h) e_i
PASS h=0.8 inflates 5x
PASS counts 5350/15450/600 (no prior)
PASS NB toy posterior 0.944
PASS PR example
PASS alpha = 0.6
PASS logit(logistic(z)) = z
PASS Var(mean) = v/k + (k-1) rho v / k
18/18 checks passed
## verify.py HEAD
NOTE classification: new FRAMES_w04scen
NOTE classification: deck p.61 dead link omitted https://web.stanford.edu/class/stats191/notebooks/Logistic.html
NOTE classification: 49 details, 108 display formulas, 7 widgets, 12 lab cards
NOTE resampling_methods: FRAMES_w05misuse intentionally regenerated
NOTE resampling_methods: new FRAMES_w05sim
NOTE resampling_methods: deck p.38 dead link omitted https://www.saattrupdan.com/2020-03-01-bootstrap-prediction
NOTE resampling_methods: 33 details, 23 display formulas, 6 widgets, 12 lab cards
PASS: 0 failures
## validate.py --net

LINKS：檢查 251 個外部連結…

  warn  [SIZE] introduction.html: 475 KB，超過 300 KB 建議上限
  warn  [SIZE] linear_regression.html: 327 KB，超過 300 KB 建議上限
  warn  [SIZE] classification.html: 331 KB，超過 300 KB 建議上限
  warn  [SIZE] beyond_linearity.html: 327 KB，超過 300 KB 建議上限
  warn  [SIZE] unsupervised_learning.html: 353 KB，超過 300 KB 建議上限
  FAIL  [LINKS] https://github.com/phonchi/nsysu-math524/blob/main/static_files/presentations/Ch08-baggboost-lab-zh.ipynb: URLError: <urlopen error timed out>
  FAIL  [LINKS] https://www.causeweb.org/cause/resources/fun/cartoons/ice-cream-sales-and-shark-sightings: URLError: <urlopen error [SSL: CERTIFICATE_VERIFY_FAILED] certificate verify failed: unable to get local issuer certificate (_ssl.c:1032)>

2 個失敗，39 個警告（檢查了 26 頁）
## check_reading_flow
26 pages; 351 reading details; 0 failures
## check_reader_contract
Reader contract: all pages and README pass; links, prose and learning features checked.
## check_lab_rendered
unsupervised_learning.html: t-SNE 的設定與嵌入: code=True, output=True
Checked 220 full rendered lab cards; failures=0
## check_taiwan_wording
PASS Taiwan reader terminology across 27 pages, dynamic messages, quizzes/cards and README.
## check_teaching_scope
27 HTML pages; 0 teaching-scope failures
## check_visual_claims
visual claim checks: OK
## check_english_prose
1 處讀者可見的英文散文（5 個以上連續英文單字），檢查了 27 頁。
這是報告，不是檢查失敗；術語、書名、程式輸出本來就該留英文。
## test_reader_fixes.py
----------------------------------------------------------------------
Ran 9 tests in 1.204s

FAILED (failures=2)
## browser_check.js


0 個問題（截圖在 /home/phonchi/.cache/selfstudy-node/shots）
