Lecture alignment final verification
Baseline HEAD: 7f5adda63ed21a5f8f34c088ee3f6b70c4f8a353
Scope: 371 PDF pages; 181 unique original annotation URLs
Changed details: 78
Reader issues:20 independently closed + root notation bridge independently confirmed
Skill: speak-human-tw; direct-edit authority explicitly granted by user
Execution environment:Python3.11.15/sklearn1.6.1/numpy1.24.4/scipy1.13.1; classroomPython3.9 syntax check only

ch5/final-validate.log


0 個失敗，0 個警告（檢查了 1 頁）


ch5/permutation_code.log
原始標籤的 CV accuracy 0.9666666666666666
置換標籤後的平均 accuracy 0.3390619765494137
置換檢定 p-value 0.005


ch5/portfolio_code.log
估計權重與 bootstrap SE 0.57583207459283 0.09122739031705922
90% percentile CI 0.4350931299503041 0.7330757718401923
90% basic CI 0.4185883773454677 0.716571019235356


ch5/prediction_code.log
100 horsepower 的平均預測 24.15138768580512
平均曲線的近似 percentile CI [23.65399105 24.66821997]
新車 mpg 的近似 prediction interval [15.85264707 35.47802138]


ch5/verify_math.log
Jackknife SE: 2.0816659994661326
Enumerated n=3 bootstrap mean SD: 1.699673171197595
Portfolio analytic/numeric alpha: 0.6 0.59999999111
Basic CI reflection, Monte Carlo p-value bound: PASS


ch6/final-validate.log


0 個失敗，0 個警告（檢查了 1 頁）


ch6/math.log
/home/phonchi/miniconda3/envs/m524/lib/python3.11/site-packages/sklearn/linear_model/_coordinate_descent.py:695: ConvergenceWarning: Objective did not converge. You might want to increase the number of iterations, check the scale of the features or consider increasing regularisation. Duality gap: 1.738e+01, tolerance: 4.244e-11 Linear regression models with null weight for the l1 regularization term are more efficiently fitted using one of the solvers implemented in sklearn.linear_model.Ridge/RidgeCV instead.
  model = cd_fast.enet_coordinate_descent(
PASS: Ridge/ElasticNet alpha mapping; Lasso lambda/(2n); PCA covariance/SVD/reconstruction/whitening; PCR scaling invariance; adjusted-R2 threshold; optimal constant.
Python 3.11.15 sklearn 1.6.1


ch6/parity.log
PASS: regeneration is idempotent; generator BODIES match all section HTML; 25 original URLs map to present anchors; all details default collapsed.


ch6/validate.log


0 個失敗，0 個警告（檢查了 1 頁）


ch7/final-validate.log

  warn  [SIZE] beyond_linearity.html: 345 KB，超過 300 KB 建議上限

0 個失敗，1 個警告（檢查了 1 頁）


ch7/validate.log

  warn  [SIZE] beyond_linearity.html: 344 KB，超過 300 KB 建議上限

0 個失敗，1 個警告（檢查了 1 頁）


ch7/numerical.json
{
  "Wage_rows": 3000,
  "spline_with_intercept_shape": [
    3000,
    7
  ],
  "spline_without_intercept_shape": [
    3000,
    6
  ],
  "logit_interval": [
    0.04833762871990521,
    0.11920292202211755,
    0.2650274005334812
  ],
  "linear_smoother_LOOCV_max_error": 6.616929226765933e-14,
  "scope": "verification only; no new Lab outputs"
}

ch8/final-validate.log


0 個失敗，0 個警告（檢查了 1 頁）


ch8/validate.log


0 個失敗，0 個警告（檢查了 1 頁）


ch8/numerical.json
{
  "sklearn_version": "1.6.1",
  "TargetEncoder_fit_transform_differs_from_transform": true,
  "RF_bootstrap_default": true,
  "ExtraTrees_bootstrap_default": false,
  "finite_OOB_probability": 0.3678181194141402,
  "XGBoost_analytic_example_gain": 1.5666666666666664,
  "scope": "verification only; no new Lab outputs"
}

ch9/final-validate.log


0 個失敗，0 個警告（檢查了 1 頁）


ch12/final-validate.log

  warn  [SIZE] unsupervised_learning.html: 380 KB，超過 300 KB 建議上限

0 個失敗，1 個警告（檢查了 1 頁）


global-checks.json
[
  {
    "chapter": 5,
    "html": "resampling_methods.html",
    "source_bytes_preserved": true,
    "all_old_ids_preserved": true,
    "GEN_PAGEJS_DATA_preserved": true,
    "old_code_blocks": 15,
    "old_outputs": 10,
    "old_lab_payload_preserved": true,
    "generator_parity_and_idempotence": true,
    "changed_details": [
      {
        "id": "w05-detail-bootstrap-ci-methods",
        "summary": "計算細節：percentile、basic 區間與 Portfolio 實作",
        "text_chars": 1917
      },
      {
        "id": "w05-detail-block-bootstrap",
        "summary": "延伸閱讀：區塊 bootstrap 怎麼做？",
        "text_chars": 948
      },
      {
        "id": "w05-detail-bootstrap-pairing",
        "summary": "延伸閱讀：配對重抽、退化樣本與重抽次數",
        "text_chars": 723
      },
      {
        "id": "w05-detail-bootstrap-oob",
        "summary": "延伸閱讀：重抽重疊、OOB 與預測誤差",
        "text_chars": 707
      },
      {
        "id": "w05-detail-bootstrap-intervals",
        "summary": "延伸閱讀：用 bootstrap 建立預測區間",
        "text_chars": 2222
      },
      {
        "id": "w05-detail-jackknife-se",
        "summary": "延伸閱讀：Jackknife 的標準誤",
        "text_chars": 1018
      },
      {
        "id": "w05-detail-permutation",
        "summary": "延伸閱讀：置換檢定與分類器評估",
        "text_chars": 1842
      },
      {
        "id": "w05-detail-bootstrap-prediction",
        "summary": "延伸閱讀：預測誤差、預測區間與相依資料的分工",
        "text_chars": 603
      }
    ],
    "html_sha256": "7c84f7429b56bf9444a7c7f2ce8bde64da612f2ce978e527e944ac3461d404e9"
  },
  {
    "chapter": 6,
    "html": "model_selection.html",
    "source_bytes_preserved": true,
    "all_old_ids_preserved": true,
    "GEN_PAGEJS_DATA_preserved": true,
    "old_code_blocks": 14,
    "old_outputs": 6,
    "old_lab_payload_preserved": true,
    "generator_parity_and_idempotence": true,
    "changed_details": [
      {
        "id": "w06-detail-subset-foundations",
        "summary": "從空模型到逐步搜尋：每一步究竟在比較什麼？",
        "text_chars": 1453
      },
      {
        "id": "w06-detail-deviance",
        "summary": "完整實作：分類離差與軟體量尺",
        "text_chars": 687
      },
      {
        "id": "w06-detail-criteria-scale",
        "summary": "從 RSS、AIC 到調整後 R²：先分清估計量與比較量尺",
        "text_chars": 1250
      },
      {
        "id": "w06-detail-selection-cv",
        "summary": "模型大小與 one-SE：CV 必須重做整段搜尋",
        "text_chars": 741
      },
      {
        "id": "w06-detail-ridge-bias",
        "summary": "收縮為何可能更準？從量尺、方向與偏差變異來看",
        "text_chars": 593
      },
      {
        "id": "w06-detail-shrinkage-map",
        "summary": "延伸閱讀：收縮的貝氏解讀",
        "text_chars": 1313
      },
      {
        "id": "w06-detail-lasso-solution",
        "summary": "計算細節：Lasso 的零點與座標下降",
        "text_chars": 869
      },
      {
        "id": "w06-detail-lar-group",
        "summary": "延伸閱讀：LAR 與 Group Lasso",
        "text_chars": 1142
      },
      {
        "id": "w06-detail-penalty-constraint",
        "summary": "計算細節：限制式與懲罰式的對應",
        "text_chars": 697
      },
      {
        "id": "w06-detail-lambda-conventions",
        "summary": "λ 的名稱、套件的 alpha 與最終效能：Lab 要分三步讀",
        "text_chars": 1132
      },
      {
        "id": "w06-detail-uncorrelated",
        "summary": "延伸閱讀：正交、不相關與獨立",
        "text_chars": 363
      },
      {
        "id": "w06-detail-pcr-appendix",
        "summary": "PCA 附錄讀圖：方向、得分、白化與 PCR 的限制",
        "text_chars": 1329
      },
      {
        "id": "w06-detail-pls-covariance",
        "summary": "計算細節：PLS 的共變異目標",
        "text_chars": 595
      },
      {
        "id": "w06-detail-pls-reading",
        "summary": "PLS 與 OLS：看了 y 的方向是否一定較好？",
        "text_chars": 779
      },
      {
        "id": "w06-detail-highdim-cautions",
        "summary": "p 接近或超過 n：擬合完美、預測失敗與選模推論",
        "text_chars": 703
      },
      {
        "id": "w06-detail-formula-reference",
        "summary": "計算細節：完整公式速查",
        "text_chars": 495
      }
    ],
    "html_sha256": "153c98508b0f7e06084928e47f747fc2294b11f3484d66206b41399841baf17e"
  },
  {
    "chapter": 7,
    "html": "beyond_linearity.html",
    "source_bytes_preserved": true,
    "all_old_ids_preserved": true,
    "GEN_PAGEJS_DATA_preserved": true,
    "old_code_blocks": 9,
    "old_outputs": 0,
    "old_lab_payload_preserved": true,
    "generator_parity_and_idempotence": true,
    "changed_details": [
      {
        "id": "w08-detail-lecture-roadmap",
        "summary": "非線性模型的共同框架與選擇依據",
        "text_chars": 458
      },
      {
        "id": "w08-detail-poly-calculation",
        "summary": "深入計算：係數、基底與信賴區間",
        "text_chars": 1583
      },
      {
        "id": "w08-detail-step-coding",
        "summary": "階梯函數的完整編碼與係數解讀",
        "text_chars": 934
      },
      {
        "id": "w08-detail-natural-basis",
        "summary": "深入基底：自然樣條與 B-spline 的計算",
        "text_chars": 1962
      },
      {
        "id": "w08-detail-smoothing-df",
        "summary": "有效自由度與留一法的完整公式",
        "text_chars": 700
      },
      {
        "id": "w08-detail-smoothing-computation",
        "summary": "深入計算：平滑矩陣、交叉驗證與 IRLS",
        "text_chars": 3739
      },
      {
        "id": "w08-detail-local-calculation",
        "summary": "局部加權擬合與多變數延伸",
        "text_chars": 997
      },
      {
        "id": "w08-detail-gam-lab",
        "summary": "GAM 模型規格、方法示範與原 Lab",
        "text_chars": 1265
      },
      {
        "id": "w08-detail-gam-thinplate",
        "summary": "延伸：薄板樣條、效果圖與部分迴歸",
        "text_chars": 2569
      },
      {
        "id": "w08-detail-reference",
        "summary": "方法與公式速查",
        "text_chars": 1738
      }
    ],
    "html_sha256": "b98ea601c959651d33e55533e8ebd8abc2adf02a2f5a9470c4975be81128600e"
  },
  {
    "chapter": 8,
    "html": "tree_based_methods.html",
    "source_bytes_preserved": true,
    "all_old_ids_preserved": true,
    "GEN_PAGEJS_DATA_preserved": true,
    "old_code_blocks": 13,
    "old_outputs": 0,
    "old_lab_payload_preserved": true,
    "generator_parity_and_idempotence": true,
    "changed_details": [
      {
        "id": "w09-detail-split-search",
        "summary": "深入搜尋：連續切點、類別分割與樹演算法",
        "text_chars": 1813
      },
      {
        "id": "w09-detail-prune-compute",
        "summary": "完整剪枝：臨界值、路徑與交叉驗證",
        "text_chars": 1687
      },
      {
        "id": "w09-detail-classtree-lab",
        "summary": "分類樹的分裂、剪枝與 Python 實作",
        "text_chars": 191
      },
      {
        "id": "w09-detail-tree-implementations",
        "summary": "樹、線性模型與類別資料的實際選擇",
        "text_chars": 490
      },
      {
        "id": "w09-detail-voting-probability",
        "summary": "深入投票：二項機率、獨立條件與算例",
        "text_chars": 1325
      },
      {
        "id": "w09-detail-bagging-lab",
        "summary": "方法示範與原 Lab",
        "text_chars": 806
      },
      {
        "id": "w09-detail-extra-trees",
        "summary": "深入隨機化：相關性公式、Extra-trees 與抽樣層次",
        "text_chars": 1521
      },
      {
        "id": "w09-detail-boost-parameters",
        "summary": "對照樹數、學習率與深度",
        "text_chars": 226
      },
      {
        "id": "w09-detail-gradient-general",
        "summary": "一般負梯度、AdaBoost 尺度與不同損失",
        "text_chars": 2397
      },
      {
        "id": "w09-detail-modern-comparison",
        "summary": "套件方法與超參數",
        "text_chars": 1824
      },
      {
        "id": "w09-detail-boost-engineering",
        "summary": "搜尋加速、CatBoost 順序與 DART",
        "text_chars": 2964
      },
      {
        "id": "w09-detail-category-encoding",
        "summary": "類別編碼：排序、洩漏與完整訓練流程",
        "text_chars": 1056
      },
      {
        "id": "w09-detail-importance",
        "summary": "如何讀變數重要度與置換重要度",
        "text_chars": 1112
      },
      {
        "id": "w09-detail-stacking",
        "summary": "Stacking 的折外預測與完整實作",
        "text_chars": 1216
      },
      {
        "id": "w09-detail-bart",
        "summary": "BART 的完整模型、實作與後驗更新",
        "text_chars": 2105
      },
      {
        "id": "w09-detail-exercises",
        "summary": "進一步練習：計算與推理題",
        "text_chars": 1044
      },
      {
        "id": "w09-detail-reference",
        "summary": "方法與公式速查",
        "text_chars": 1837
      }
    ],
    "html_sha256": "9a6b30c0725ed2070a3d0908109ea672e6b75408d24084bc4604c5ec8bca9a47"
  },
  {
    "chapter": 9,
    "html": "support_vector_machines.html",
    "source_bytes_preserved": true,
    "all_old_ids_preserved": true,
    "GEN_PAGEJS_DATA_preserved": true,
    "old_code_blocks": 10,
    "old_outputs": 0,
    "old_lab_payload_preserved": true,
    "generator_parity_and_idempotence": true,
    "changed_details": [
      {
        "id": "w10-detail-generative-discriminative",
        "summary": "生成式與判別式：SVM 到底學了什麼？",
        "text_chars": 647
      },
      {
        "id": "w10-detail-hard-dual",
        "summary": "完整硬邊界問題：primal、dual 與 KKT",
        "text_chars": 3053
      },
      {
        "id": "w10-detail-perceptron",
        "summary": "延伸：從感知器到最大邊界",
        "text_chars": 668
      },
      {
        "id": "w10-detail-soft-dual",
        "summary": "完整軟邊界對偶：slack、限制、KKT 與截距",
        "text_chars": 3322
      },
      {
        "id": "w10-detail-tuning-practice",
        "summary": "跟著 Lab 選 C：訓練、交叉驗證與測試各做什麼？",
        "text_chars": 764
      },
      {
        "id": "w10-detail-loss-normalization",
        "summary": "完整目標與尺度：hinge、slack、預算及標籤",
        "text_chars": 2704
      },
      {
        "id": "w10-detail-kernel-validity",
        "summary": "深入核函數：特徵映射、Gram 矩陣與合法條件",
        "text_chars": 1768
      },
      {
        "id": "w10-detail-score-roc",
        "summary": "用 SVM 決策分數畫 ROC",
        "text_chars": 778
      },
      {
        "id": "w10-detail-multiclass-table",
        "summary": "OVO／OVA 完整比較與 SVC 介面",
        "text_chars": 603
      },
      {
        "id": "w10-detail-khan-lab",
        "summary": "Khan 基因表現資料：高維可以完全分隔，測試仍會出錯",
        "text_chars": 832
      },
      {
        "id": "w10-detail-solvers",
        "summary": "大規模求解、隨機 Fourier 特徵與核近似",
        "text_chars": 1528
      }
    ],
    "html_sha256": "2670b4c1b0ffb84d9961af05bddc3fe4991d780557bb8f7cf614c6d2102200bd"
  },
  {
    "chapter": 12,
    "html": "unsupervised_learning.html",
    "source_bytes_preserved": true,
    "all_old_ids_preserved": true,
    "GEN_PAGEJS_DATA_preserved": true,
    "old_code_blocks": 10,
    "old_outputs": 1,
    "old_lab_payload_preserved": true,
    "generator_parity_and_idempotence": true,
    "changed_details": [
      {
        "id": "w07-detail-pca-advanced",
        "summary": "完整 PCA：限制式與特徵推導",
        "text_chars": 1890
      },
      {
        "id": "w07-detail-biplot-reading",
        "summary": "USArrests 的 biplot：點與箭頭各在回答什麼？",
        "text_chars": 497
      },
      {
        "id": "w07-detail-lowrank-advanced",
        "summary": "完整低秩計算：SVD、變異分解與不唯一性",
        "text_chars": 2137
      },
      {
        "id": "w07-detail-pca-rank-selection",
        "summary": "深入選維度：驗證目標與資訊準則",
        "text_chars": 635
      },
      {
        "id": "w07-detail-scaling-advanced",
        "summary": "深入計算：共變異數、白化與零特徵值",
        "text_chars": 1138
      },
      {
        "id": "w07-detail-completion-advanced",
        "summary": "補值驗證、可識別性與單調性推導",
        "text_chars": 934
      },
      {
        "id": "w07-detail-kmeans-advanced",
        "summary": "完整 K-means：平方和、停止條件與證明",
        "text_chars": 1324
      },
      {
        "id": "w07-detail-linkage-table",
        "summary": "查閱四種 linkage 的完整定義",
        "text_chars": 219
      },
      {
        "id": "w07-detail-hclust-advanced",
        "summary": "深入階層方法：Ward 與分裂式",
        "text_chars": 1348
      },
      {
        "id": "w07-detail-density",
        "summary": "延伸方法概觀與密度分群的完整流程",
        "text_chars": 2940
      },
      {
        "id": "w07-detail-mixed-clustering",
        "summary": "混合資料、其他分群方法與評估指標",
        "text_chars": 1724
      },
      {
        "id": "w07-detail-density-lab",
        "summary": "跟著 Lab 解讀 DBSCAN：群標籤、核心點與雜訊",
        "text_chars": 903
      },
      {
        "id": "w07-detail-nci60-lab",
        "summary": "NCI60：先做無監督探索，再對照癌症類型",
        "text_chars": 871
      },
      {
        "id": "w07-detail-manifold-extensions",
        "summary": "延伸方法、套件用途與理論保證範圍",
        "text_chars": 2266
      },
      {
        "id": "w07-detail-tsne-algorithm",
        "summary": "完整 t-SNE：鄰居機率、參數與梯度",
        "text_chars": 3507
      },
      {
        "id": "w07-detail-reference",
        "summary": "方法與公式速查",
        "text_chars": 1320
      }
    ],
    "html_sha256": "c18decafe51ac4b561c75c89ed23ad2437ebc4aa5f1ca9e1adab859d3c07c1ba"
  }
]

coverage-final.json
{
  "chapters": [
    {
      "chapter": 5,
      "scope_page_count": 21,
      "original_annotation_unique_urls": 12,
      "every_original_url_mapped": true,
      "all_target_anchors_exist": true,
      "additional_text_url_entries": 0
    },
    {
      "chapter": 6,
      "scope_page_count": 70,
      "original_annotation_unique_urls": 25,
      "every_original_url_mapped": true,
      "all_target_anchors_exist": true,
      "additional_text_url_entries": 0
    },
    {
      "chapter": 7,
      "scope_page_count": 54,
      "original_annotation_unique_urls": 18,
      "every_original_url_mapped": true,
      "all_target_anchors_exist": true,
      "additional_text_url_entries": 3
    },
    {
      "chapter": 8,
      "scope_page_count": 80,
      "original_annotation_unique_urls": 51,
      "every_original_url_mapped": true,
      "all_target_anchors_exist": true,
      "additional_text_url_entries": 1
    },
    {
      "chapter": 9,
      "scope_page_count": 40,
      "original_annotation_unique_urls": 22,
      "every_original_url_mapped": true,
      "all_target_anchors_exist": true,
      "additional_text_url_entries": 16
    },
    {
      "chapter": 12,
      "scope_page_count": 106,
      "original_annotation_unique_urls": 55,
      "every_original_url_mapped": true,
      "all_target_anchors_exist": true,
      "additional_text_url_entries": 19
    }
  ],
  "unique_original_annotation_urls_in_scope": 181,
  "scope_page_count": 371
}

reader-review.json
{
  "read_only_reviews": [
    {
      "reader": "/root/reader_ch5_6",
      "chapters": [
        5,
        6
      ],
      "status": "all findings corrected and independently rechecked",
      "findings": [
        {
          "id": "R56-1",
          "issue": "Block-bootstrap covariance formula lost because raw i<j parsed as HTML",
          "fix": "Use i\\lt j; verify complete DOM formula and MathJax",
          "verification": "reader DOM recheck + independent variance derivation"
        },
        {
          "id": "R56-2",
          "issue": "Ch06 Lab wrongly described as only a single outer holdout",
          "fix": "Distinguish cells155/157 holdout from cell159 outer5 inner5 Nested CV",
          "verification": "actual notebook cells checked"
        },
        {
          "id": "R56-3",
          "issue": "Saturated adjusted R2 wrongly said to equal1",
          "fix": "Training R2 may be1; usual adjustedR2 undefined when residual df0; rank-aware df stated",
          "verification": "independent n2,p3 rank2 example"
        },
        {
          "id": "R56-4",
          "issue": "PLS covariance objective confused with correlation maximization",
          "fix": "Table says unit-weight covariance maximum",
          "verification": "independent equal-scale correlated-column counterexample"
        },
        {
          "id": "R56-5",
          "issue": "Lasso correlated-column penalty and Ridge equal-sharing claims overstated",
          "fix": "Same columns (2,0)/(1,1) same L1; Ridge square penalties4/2; equal-sharing conditions",
          "verification": "independent penalty calculation"
        },
        {
          "id": "R56-6",
          "issue": "one-SE heuristic wrongly treated as statistical equivalence test",
          "fix": "Use best CV plus one-SE rule; avoid equal-risk claim",
          "verification": "main narrative and QA rechecked"
        }
      ]
    },
    {
      "reader": "/root/reader_ch7_8",
      "chapters": [
        7,
        8
      ],
      "status": "all findings corrected and independently rechecked",
      "findings": [
        {
          "id": "R78-1",
          "issue": "Repeated-x smoothing interpolation and df upper bound inconsistent",
          "fix": "RSS0 only distinct x; repeated x fit group means; upper bound distinct count m",
          "verification": "3000 Wage rows,61 ages; independent grouped-mean RSS4686410.704"
        },
        {
          "id": "R78-2",
          "issue": "Boosting d mixed total split count and maximum depth",
          "fix": "Keep textbook total d; UI max depth D; d+1 vs at-most2^D leaves",
          "verification": "source algorithm,Lab and widget code reviewed"
        },
        {
          "id": "R78-3",
          "issue": "criterion path and accuracy selection conflated",
          "fix": "criterion builds pruning path; validation metric selects alpha; QA also corrected",
          "verification": "official sklearn pruning documentation + final reader recheck"
        },
        {
          "id": "R78-4",
          "issue": "EX1 claimed every concave split has strictly positive impurity reduction",
          "fix": "Strict concavity plus nonempty children with different proportions",
          "verification": "equal50/50->25/25 counterexample"
        },
        {
          "id": "R78-5",
          "issue": "15-degree polynomial said equal complexity to15df natural spline",
          "fix": "Degree14 including intercept has15 parameters; recap d+1",
          "verification": "actual lecture p23 and parameter counts"
        },
        {
          "id": "R78-6",
          "issue": "Missing800-case references and incomplete Heart arithmetic",
          "fix": "Use actual Heart9/11 split with explicit weighted error/Gini calculation",
          "verification": "E0.2 unchanged,G0.32->0.254545,delta0.065455"
        },
        {
          "id": "R78-7",
          "issue": "RF finite test curves claimed monotonic with B",
          "fix": "Typically stabilize; finite curves may fluctuate",
          "verification": "embedded m=p curve B2->3 increases13.7849->16.403"
        }
      ]
    },
    {
      "reader": "/root/reader_ch9_12",
      "chapters": [
        9,
        12
      ],
      "status": "all findings corrected and independently rechecked",
      "findings": [
        {
          "id": "R912-1",
          "issue": "SVM alpha inequality swallowed intercept explanation in DOM",
          "fix": "Use0\\lt alpha_i\\lt C",
          "verification": "DOM restored and reader recheck"
        },
        {
          "id": "R912-2",
          "issue": "Linear kernel wrongly equated to hard-margin solution",
          "fix": "Linear kernel returns soft-margin support vector classifier",
          "verification": "independent2point C0.1 solutionw0.2 vs hardw1"
        },
        {
          "id": "R912-3",
          "issue": "SVM decision scores wrongly said unavailable forROC",
          "fix": "decision_function supplies ranking scores; calibrated probability additional",
          "verification": "Lab/official decision score and ROC APIs"
        },
        {
          "id": "R912-4",
          "issue": "low_rank Lab falsely said to center each iteration",
          "fix": "Initially standardized data; direct truncated SVD each iteration, no recenter/addmean",
          "verification": "actual cells48,58,64"
        },
        {
          "id": "R912-5",
          "issue": "Mississippi incorrectly called low-crime",
          "fix": "ND low crime;MS low urbanization with high Murder/Assault",
          "verification": "USArrests raw values and embedded PCA scores"
        },
        {
          "id": "R912-6",
          "issue": "0–1 range and recap scaling criteria inconsistent",
          "fix": "Decide by units,variance meaning,analysis purpose; all tables andFAQ harmonized",
          "verification": "two-stage reader recheck"
        },
        {
          "id": "R912-7",
          "issue": "KMeans n_init default10 outdated forsklearn1.6.1",
          "fix": "auto with1 kmeans++ /10 random; distinguish explicitLab20/50",
          "verification": "official1.6 API and live environment"
        }
      ]
    }
  ],
  "confirmed_findings_closed": 20,
  "limitations": "Readers performed content/source/math/DOM checks; browser acceptance performed separately by root.",
  "root_visual_review": [
    {
      "issue": "Main soft-margin formula uses lecture budget C while bridge said all main text used B",
      "fix": "Explicitly retain lecture C and introduce B only as alias in subsequent derivation",
      "scope": "soft-margin bridge, no mathematical or API change"
    }
  ]
}

browser-report.json
[
  {
    "chapter": 5,
    "width": 1440,
    "changed_details_tested": [
      "w05-detail-bootstrap-ci-methods",
      "w05-detail-block-bootstrap",
      "w05-detail-bootstrap-pairing",
      "w05-detail-bootstrap-oob",
      "w05-detail-bootstrap-intervals",
      "w05-detail-jackknife-se",
      "w05-detail-permutation",
      "w05-detail-bootstrap-prediction"
    ],
    "collapse_and_expand": "PASS",
    "MathJax": "PASS",
    "page_overflow": "PASS",
    "visible_control_smoke": "PASS",
    "ready_charts": 5,
    "svg_count": 2,
    "page_errors": []
  },
  {
    "chapter": 5,
    "width": 390,
    "changed_details_tested": [
      "w05-detail-bootstrap-ci-methods",
      "w05-detail-block-bootstrap",
      "w05-detail-bootstrap-pairing",
      "w05-detail-bootstrap-oob",
      "w05-detail-bootstrap-intervals",
      "w05-detail-jackknife-se",
      "w05-detail-permutation",
      "w05-detail-bootstrap-prediction"
    ],
    "collapse_and_expand": "PASS",
    "MathJax": "PASS",
    "page_overflow": "PASS",
    "visible_control_smoke": "PASS",
    "ready_charts": 5,
    "svg_count": 2,
    "page_errors": []
  },
  {
    "chapter": 6,
    "width": 1440,
    "changed_details_tested": [
      "w06-detail-subset-foundations",
      "w06-detail-deviance",
      "w06-detail-criteria-scale",
      "w06-detail-selection-cv",
      "w06-detail-ridge-bias",
      "w06-detail-shrinkage-map",
      "w06-detail-lasso-solution",
      "w06-detail-lar-group",
      "w06-detail-penalty-constraint",
      "w06-detail-lambda-conventions",
      "w06-detail-uncorrelated",
      "w06-detail-pcr-appendix",
      "w06-detail-pls-covariance",
      "w06-detail-pls-reading",
      "w06-detail-highdim-cautions",
      "w06-detail-formula-reference"
    ],
    "collapse_and_expand": "PASS",
    "MathJax": "PASS",
    "page_overflow": "PASS",
    "visible_control_smoke": "PASS",
    "ready_charts": 2,
    "svg_count": 5,
    "page_errors": []
  },
  {
    "chapter": 6,
    "width": 390,
    "changed_details_tested": [
      "w06-detail-subset-foundations",
      "w06-detail-deviance",
      "w06-detail-criteria-scale",
      "w06-detail-selection-cv",
      "w06-detail-ridge-bias",
      "w06-detail-shrinkage-map",
      "w06-detail-lasso-solution",
      "w06-detail-lar-group",
      "w06-detail-penalty-constraint",
      "w06-detail-lambda-conventions",
      "w06-detail-uncorrelated",
      "w06-detail-pcr-appendix",
      "w06-detail-pls-covariance",
      "w06-detail-pls-reading",
      "w06-detail-highdim-cautions",
      "w06-detail-formula-reference"
    ],
    "collapse_and_expand": "PASS",
    "MathJax": "PASS",
    "page_overflow": "PASS",
    "visible_control_smoke": "PASS",
    "ready_charts": 2,
    "svg_count": 5,
    "page_errors": []
  },
  {
    "chapter": 7,
    "width": 1440,
    "changed_details_tested": [
      "w08-detail-lecture-roadmap",
      "w08-detail-poly-calculation",
      "w08-detail-step-coding",
      "w08-detail-natural-basis",
      "w08-detail-smoothing-df",
      "w08-detail-smoothing-computation",
      "w08-detail-local-calculation",
      "w08-detail-gam-lab",
      "w08-detail-gam-thinplate",
      "w08-detail-reference"
    ],
    "collapse_and_expand": "PASS",
    "MathJax": "PASS",
    "page_overflow": "PASS",
    "visible_control_smoke": "PASS",
    "ready_charts": 6,
    "svg_count": 7,
    "page_errors": []
  },
  {
    "chapter": 7,
    "width": 390,
    "changed_details_tested": [
      "w08-detail-lecture-roadmap",
      "w08-detail-poly-calculation",
      "w08-detail-step-coding",
      "w08-detail-natural-basis",
      "w08-detail-smoothing-df",
      "w08-detail-smoothing-computation",
      "w08-detail-local-calculation",
      "w08-detail-gam-lab",
      "w08-detail-gam-thinplate",
      "w08-detail-reference"
    ],
    "collapse_and_expand": "PASS",
    "MathJax": "PASS",
    "page_overflow": "PASS",
    "visible_control_smoke": "PASS",
    "ready_charts": 6,
    "svg_count": 7,
    "page_errors": []
  },
  {
    "chapter": 8,
    "width": 1440,
    "changed_details_tested": [
      "w09-detail-split-search",
      "w09-detail-prune-compute",
      "w09-detail-classtree-lab",
      "w09-detail-tree-implementations",
      "w09-detail-voting-probability",
      "w09-detail-bagging-lab",
      "w09-detail-extra-trees",
      "w09-detail-boost-parameters",
      "w09-detail-gradient-general",
      "w09-detail-modern-comparison",
      "w09-detail-boost-engineering",
      "w09-detail-category-encoding",
      "w09-detail-importance",
      "w09-detail-stacking",
      "w09-detail-bart",
      "w09-detail-exercises",
      "w09-detail-reference"
    ],
    "collapse_and_expand": "PASS",
    "MathJax": "PASS",
    "page_overflow": "PASS",
    "visible_control_smoke": "PASS",
    "ready_charts": 3,
    "svg_count": 7,
    "page_errors": []
  },
  {
    "chapter": 8,
    "width": 390,
    "changed_details_tested": [
      "w09-detail-split-search",
      "w09-detail-prune-compute",
      "w09-detail-classtree-lab",
      "w09-detail-tree-implementations",
      "w09-detail-voting-probability",
      "w09-detail-bagging-lab",
      "w09-detail-extra-trees",
      "w09-detail-boost-parameters",
      "w09-detail-gradient-general",
      "w09-detail-modern-comparison",
      "w09-detail-boost-engineering",
      "w09-detail-category-encoding",
      "w09-detail-importance",
      "w09-detail-stacking",
      "w09-detail-bart",
      "w09-detail-exercises",
      "w09-detail-reference"
    ],
    "collapse_and_expand": "PASS",
    "MathJax": "PASS",
    "page_overflow": "PASS",
    "visible_control_smoke": "PASS",
    "ready_charts": 3,
    "svg_count": 7,
    "page_errors": []
  },
  {
    "chapter": 9,
    "width": 1440,
    "changed_details_tested": [
      "w10-detail-generative-discriminative",
      "w10-detail-hard-dual",
      "w10-detail-perceptron",
      "w10-detail-soft-dual",
      "w10-detail-tuning-practice",
      "w10-detail-loss-normalization",
      "w10-detail-kernel-validity",
      "w10-detail-score-roc",
      "w10-detail-multiclass-table",
      "w10-detail-khan-lab",
      "w10-detail-solvers"
    ],
    "collapse_and_expand": "PASS",
    "MathJax": "PASS",
    "page_overflow": "PASS",
    "visible_control_smoke": "PASS",
    "ready_charts": 2,
    "svg_count": 6,
    "page_errors": []
  },
  {
    "chapter": 9,
    "width": 390,
    "changed_details_tested": [
      "w10-detail-generative-discriminative",
      "w10-detail-hard-dual",
      "w10-detail-perceptron",
      "w10-detail-soft-dual",
      "w10-detail-tuning-practice",
      "w10-detail-loss-normalization",
      "w10-detail-kernel-validity",
      "w10-detail-score-roc",
      "w10-detail-multiclass-table",
      "w10-detail-khan-lab",
      "w10-detail-solvers"
    ],
    "collapse_and_expand": "PASS",
    "MathJax": "PASS",
    "page_overflow": "PASS",
    "visible_control_smoke": "PASS",
    "ready_charts": 2,
    "svg_count": 6,
    "page_errors": []
  },
  {
    "chapter": 12,
    "width": 1440,
    "changed_details_tested": [
      "w07-detail-pca-advanced",
      "w07-detail-biplot-reading",
      "w07-detail-lowrank-advanced",
      "w07-detail-pca-rank-selection",
      "w07-detail-scaling-advanced",
      "w07-detail-completion-advanced",
      "w07-detail-kmeans-advanced",
      "w07-detail-linkage-table",
      "w07-detail-hclust-advanced",
      "w07-detail-density",
      "w07-detail-mixed-clustering",
      "w07-detail-density-lab",
      "w07-detail-nci60-lab",
      "w07-detail-manifold-extensions",
      "w07-detail-tsne-algorithm",
      "w07-detail-reference"
    ],
    "collapse_and_expand": "PASS",
    "MathJax": "PASS",
    "page_overflow": "PASS",
    "visible_control_smoke": "PASS",
    "ready_charts": 3,
    "svg_count": 7,
    "page_errors": []
  },
  {
    "chapter": 12,
    "width": 390,
    "changed_details_tested": [
      "w07-detail-pca-advanced",
      "w07-detail-biplot-reading",
      "w07-detail-lowrank-advanced",
      "w07-detail-pca-rank-selection",
      "w07-detail-scaling-advanced",
      "w07-detail-completion-advanced",
      "w07-detail-kmeans-advanced",
      "w07-detail-linkage-table",
      "w07-detail-hclust-advanced",
      "w07-detail-density",
      "w07-detail-mixed-clustering",
      "w07-detail-density-lab",
      "w07-detail-nci60-lab",
      "w07-detail-manifold-extensions",
      "w07-detail-tsne-algorithm",
      "w07-detail-reference"
    ],
    "collapse_and_expand": "PASS",
    "MathJax": "PASS",
    "page_overflow": "PASS",
    "visible_control_smoke": "PASS",
    "ready_charts": 3,
    "svg_count": 7,
    "page_errors": []
  }
]
