  00a_why_code.html                  OK   0 圖表 · 0 SVG · 0 按鈕 · 18 詞彙卡
  00b_setup.html                     OK   0 圖表 · 0 SVG · 2 按鈕 · 24 詞彙卡
  00c_ai_assisted.html               OK   0 圖表 · 0 SVG · 0 按鈕 · 18 詞彙卡
  beyond_linearity.html              OK   6 圖表 · 7 SVG · 22 按鈕 · 28 詞彙卡
  classification.html                OK   1 圖表 · 5 SVG · 11 按鈕 · 31 詞彙卡
  deep_learning.html                 OK   2 圖表 · 3 SVG · 7 按鈕 · 28 詞彙卡
  introduction.html                  OK   0 圖表 · 12 SVG · 0 按鈕 · 26 詞彙卡
  linear_regression.html             OK   2 圖表 · 5 SVG · 15 按鈕 · 29 詞彙卡
  model_selection.html               OK   3 圖表 · 4 SVG · 8 按鈕 · 27 詞彙卡
  p1_python_basics.html              OK   0 圖表 · 6 SVG · 23 按鈕 · 24 詞彙卡
  p2_flow_functions.html             OK   0 圖表 · 6 SVG · 19 按鈕 · 25 詞彙卡
  p3_numpy.html                      OK   1 圖表 · 6 SVG · 27 按鈕 · 26 詞彙卡
  p4_pandas.html                     OK   1 圖表 · 6 SVG · 21 按鈕 · 25 詞彙卡
  p5_visualization.html              OK   1 圖表 · 6 SVG · 24 按鈕 · 28 詞彙卡
  p6_modeling_api.html               OK   1 圖表 · 5 SVG · 21 按鈕 · 25 詞彙卡
  resampling_methods.html            OK   4 圖表 · 0 SVG · 3 按鈕 · 25 詞彙卡
  s1_probability.html                OK   0 圖表 · 1 SVG · 4 按鈕 · 20 詞彙卡
  s2_conditional.html                OK   0 圖表 · 1 SVG · 1 按鈕 · 20 詞彙卡
  s3_distributions.html              OK   0 圖表 · 2 SVG · 3 按鈕 · 20 詞彙卡
  s4_inference.html                  OK   0 圖表 · 2 SVG · 3 按鈕 · 22 詞彙卡
  s5_bayesian.html                   OK   0 圖表 · 1 SVG · 1 按鈕 · 20 詞彙卡
  s6_regression.html                 OK   0 圖表 · 1 SVG · 2 按鈕 · 20 詞彙卡
  statistical_learning.html          OK   1 圖表 · 5 SVG · 10 按鈕 · 26 詞彙卡
  support_vector_machines.html       OK   3 圖表 · 5 SVG · 8 按鈕 · 26 詞彙卡
  tree_based_methods.html            OK   4 圖表 · 6 SVG · 13 按鈕 · 30 詞彙卡
  unsupervised_learning.html         OK   3 圖表 · 6 SVG · 16 按鈕 · 30 詞彙卡


0 個問題（截圖在 /home/phonchi/statlearning-selfstudy/tools/verification/taiwan-wording-20260908/screenshots）
