  00a_why_code.html                  無變化
  00b_setup.html                     無變化
  00c_ai_assisted.html               無變化
  introduction.html                  無變化
  statistical_learning.html          無變化
  linear_regression.html             無變化
  classification.html                無變化
  resampling_methods.html            無變化
  model_selection.html               無變化
  unsupervised_learning.html         無變化
  beyond_linearity.html              無變化
  tree_based_methods.html            無變化
  support_vector_machines.html       無變化
  deep_learning.html                 無變化
  s1_probability.html                無變化
  s2_conditional.html                無變化
  s3_distributions.html              無變化
  s4_inference.html                  無變化
  s5_bayesian.html                   無變化
  s6_regression.html                 無變化
  p1_python_basics.html              無變化
  p2_flow_functions.html             無變化
  p3_numpy.html                      無變化
  p4_pandas.html                     無變化
  p5_visualization.html              無變化
  p6_modeling_api.html               無變化
  index.html   63 KB（26 張卡片）
  README.md    7525 bytes
  model_selection.html               重繪 1 區段
