  00a_why_code.html  7 節寫入  104 KB  （無變化）
  00b_setup.html  8 節寫入  131 KB  （無變化）
  00c_ai_assisted.html  8 節寫入  115 KB  （無變化）
  classification.html  10 節寫入  226 KB  （無變化）
  deep_learning.html  9 節寫入  220 KB  （無變化）
  introduction.html  11 節寫入  477 KB  （無變化）
  model_selection.html  12 節寫入  218 KB  （無變化）
  beyond_linearity.html  11 節寫入  336 KB  （無變化）
  p1_python_basics.html  8 節寫入  141 KB  （無變化）
  p2_flow_functions.html  8 節寫入  161 KB  （無變化）
  p3_numpy.html  10 節寫入  168 KB  （無變化）
  p4_pandas.html  8 節寫入  164 KB  （無變化）
  p5_visualization.html  8 節寫入  170 KB  （無變化）
  p6_modeling_api.html  8 節寫入  156 KB  （無變化）
  linear_regression.html  10 節寫入  265 KB  （無變化）
  resampling_methods.html  10 節寫入  170 KB  （無變化）
  s1_probability.html  6 節寫入  105 KB  （無變化）
  s2_conditional.html  7 節寫入  109 KB  （無變化）
  s3_distributions.html  7 節寫入  118 KB  （無變化）
  s4_inference.html  8 節寫入  121 KB  （無變化）
  s5_bayesian.html  6 節寫入  109 KB  （無變化）
  s6_regression.html  6 節寫入  106 KB  （無變化）
  statistical_learning.html  9 節寫入  197 KB  （無變化）
  support_vector_machines.html  9 節寫入  250 KB  （無變化）
  tree_based_methods.html  13 節寫入  276 KB  （無變化）
  unsupervised_learning.html  13 節寫入  344 KB  （無變化）
  model_selection.html  12 節寫入  218 KB
  unsupervised_learning.html  13 節寫入  344 KB
  tree_based_methods.html  13 節寫入  276 KB
  support_vector_machines.html  9 節寫入  250 KB
  model_selection.html  12 節寫入  218 KB
