{
  "mathCount": 1312,
  "mathErrors": [],
  "horizontalOverflow": 0,
  "detailCount": 40,
  "estimateTypeset": true,
  "sections": [
    "prologue",
    "logistic",
    "multinomial",
    "lda",
    "threshold",
    "qda",
    "compare",
    "poisson",
    "exercises",
    "reference",
    "bankquiz",
    "cards"
  ],
  "remainingMathText": [],
  "screenshots": [
    "logistic-model-desktop",
    "lda-estimates-desktop",
    "multiclass-mle-desktop",
    "fisher-geometry-desktop",
    "logistic-model-mobile",
    "logistic-quiz-mobile",
    "multiclass-mle-mobile"
  ]
}
