$ git diff --check
classification.html:1558: trailing whitespace.
+Predicted           
classification.html:1577: trailing whitespace.
+Predicted           
exit_code=2

$ python tools/validate.py --page classification


0 個失敗，0 個警告（檢查了 1 頁）
exit_code=0

$ python tools/verification/classification-20260928/verify_content.py
PASS bernoulli_natural
PASS conditional_mean
PASS variance
PASS linear_classifier
PASS mle_z
PASS categorical_predictors
PASS categorical_response
PASS generative_discriminative
PASS lda_estimates
PASS lda_linear
PASS poisson_not_automatic
PASS glm_g_eta
PASS removed_ovr
PASS removed_gamma
PASS w04-detail-odds
PASS w04-detail-z-t
PASS w04-detail-multinomial-fit
PASS w04-detail-fisher
PASS w04proofGenerative
PASS w04proofOlsLda
PASS w04proofLogistic
PASS unique_ids
PASS detail_depth
PASS default_collapsed
PASS internal_links
PASS lecture_order
PASS categorical_example
PASS odds
PASS binary_variance
PASS lda_score_distance
PASS whitening
PASS affine_projection
PASS softmax_baseline
SHA256 706b674faf51b18ae9f37c6a62d11f03d43c2938711caf43e7ad39500c4bcdc3
exit_code=0

$ git status --short
 M classification.html
 M data/flashcards_zh/ch4.json
 M data/questions_zh/ch4.json
 M tools/enrich/enrich_classification.py
 M tools/enrich/reading_flow_ch1_6.py
 M tools/pages.py
?? tools/verification/classification-20260928/
exit_code=0
