captured w01ivWageAge
captured w01ivWageYear
captured w01ivNci
captured w01ivNci3
captured w01ivAutoHist
captured w01ivAutoJoint
captured w01ivAutoPairs
captured w01ivBikeMonth
captured w01ivBike
{
  "nciPoints": 64,
  "nci3Points": 64,
  "legend": [
    "CNS",
    "RENAL",
    "BREAST",
    "NSCLC",
    "UNKNOWN",
    "OVARIAN",
    "MELANOMA",
    "PROSTATE",
    "LEUKEMIA",
    "K562B-repro",
    "K562A-repro",
    "COLON",
    "MCF7A-repro",
    "MCF7D-repro"
  ],
  "wagePoints": 3000,
  "pairDots": 4709,
  "pairDensities": 20
}
Wage bands [{"tag":"polygon","fill":"rgb(196, 94, 20)","opacity":"0.18","points":203},{"tag":"polygon","fill":"rgb(44, 62, 122)","opacity":"0.18","points":203}]
mobile scroll {
  before: 0,
  after: 312,
  clientWidth: 308,
  scrollWidth: 620,
  overflow: 'auto',
  bodyOverflow: 0
}
setup counters 3
setup sequential ›
print(x) 輸出 20。同一格重跑時，結果取決於先前狀態。
執行紀錄：第 1 格 → 第 2 格 → 第 3 格；目前 x：20
