  00a_why_code.html  7 節寫入  104 KB
  preserved frames: 0
  00b_setup.html  8 節寫入  130 KB
  preserved frames: 0
  00c_ai_assisted.html  8 節寫入  115 KB  （無變化）
  preserved frames: 0
  classification.html  10 節寫入  216 KB  （無變化）
  preserved frames: 2
  deep_learning.html  9 節寫入  216 KB
  preserved frames: 1
  introduction.html  11 節寫入  180 KB
  preserved frames: 6
  model_selection.html  12 節寫入  211 KB
  preserved frames: 4
  beyond_linearity.html  11 節寫入  261 KB  （無變化）
  preserved frames: 5
  p1_python_basics.html  8 節寫入  139 KB
  preserved frames: 0
  p2_flow_functions.html  8 節寫入  159 KB
  preserved frames: 0
  p3_numpy.html  10 節寫入  164 KB  （無變化）
  preserved frames: 0
  p4_pandas.html  8 節寫入  156 KB
  preserved frames: 0
  p5_visualization.html  8 節寫入  166 KB
  preserved frames: 0
  p6_modeling_api.html  8 節寫入  153 KB
  preserved frames: 0
  linear_regression.html  10 節寫入  258 KB
  preserved frames: 4
  resampling_methods.html  10 節寫入  164 KB
  preserved frames: 4
  statistical_learning.html  9 節寫入  193 KB
  preserved frames: 3
  support_vector_machines.html  9 節寫入  248 KB
  preserved frames: 4
  tree_based_methods.html  13 節寫入  272 KB
  preserved frames: 3
  unsupervised_learning.html  13 節寫入  271 KB
  preserved frames: 6
  00a_why_code.html                  18 張詞彙卡
  00b_setup.html                     24 張詞彙卡
  00c_ai_assisted.html               18 張詞彙卡
  introduction.html                  26 張詞彙卡
  statistical_learning.html          26 張詞彙卡
  linear_regression.html             28 張詞彙卡、6 題題庫
  classification.html                28 張詞彙卡、6 題題庫
  resampling_methods.html            23 張詞彙卡
  model_selection.html               27 張詞彙卡
  unsupervised_learning.html         30 張詞彙卡
  beyond_linearity.html              28 張詞彙卡
  tree_based_methods.html            30 張詞彙卡、6 題題庫
  support_vector_machines.html       26 張詞彙卡
  deep_learning.html                 27 張詞彙卡
  p1_python_basics.html              24 張詞彙卡
  p2_flow_functions.html             25 張詞彙卡
  p3_numpy.html                      26 張詞彙卡
  p4_pandas.html                     25 張詞彙卡
  p5_visualization.html              28 張詞彙卡
  p6_modeling_api.html               25 張詞彙卡
  00a_why_code.html                  無變化
  00b_setup.html                     無變化
  00c_ai_assisted.html               無變化
  introduction.html                  無變化
  statistical_learning.html          無變化
  linear_regression.html             無變化
  classification.html                無變化
  resampling_methods.html            無變化
  model_selection.html               無變化
  unsupervised_learning.html         無變化
  beyond_linearity.html              無變化
  tree_based_methods.html            無變化
  support_vector_machines.html       無變化
  deep_learning.html                 無變化
  p1_python_basics.html              無變化
  p2_flow_functions.html             無變化
  p3_numpy.html                      無變化
  p4_pandas.html                     無變化
  p5_visualization.html              無變化
  p6_modeling_api.html               無變化
  index.html   63 KB（20 張卡片）
  README.md    7123 bytes
