{
  "result": "PASS",
  "numeric_checks": 20,
  "pages": [
    {
      "page": "introduction",
      "proof_count": 0,
      "all_default_collapsed": true
    },
    {
      "page": "statistical_learning",
      "proof_count": 7,
      "all_default_collapsed": true
    },
    {
      "page": "linear_regression",
      "proof_count": 4,
      "all_default_collapsed": true
    },
    {
      "page": "classification",
      "proof_count": 6,
      "all_default_collapsed": true
    },
    {
      "page": "resampling_methods",
      "proof_count": 3,
      "all_default_collapsed": true
    },
    {
      "page": "model_selection",
      "proof_count": 5,
      "all_default_collapsed": true
    }
  ]
}
