00c_ai_assisted OK 0 collapsed proofs
beyond_linearity OK 8 collapsed proofs
classification OK 11 collapsed proofs
deep_learning OK 3 collapsed proofs
index OK 0 collapsed proofs
introduction OK 1 collapsed proofs
linear_regression OK 6 collapsed proofs
model_selection OK 8 collapsed proofs
00b_setup OK 0 collapsed proofs
p2_flow_functions OK 0 collapsed proofs
p3_numpy OK 0 collapsed proofs
p4_pandas OK 0 collapsed proofs
p5_visualization OK 0 collapsed proofs
p6_modeling_api OK 0 collapsed proofs
resampling_methods OK 5 collapsed proofs
s1_probability OK 4 collapsed proofs
p1_python_basics OK 0 collapsed proofs
s3_distributions OK 2 collapsed proofs
s4_inference OK 1 collapsed proofs
s5_bayesian OK 3 collapsed proofs
s6_regression OK 3 collapsed proofs
statistical_learning OK 8 collapsed proofs
support_vector_machines OK 10 collapsed proofs
tree_based_methods OK 7 collapsed proofs
unsupervised_learning OK 9 collapsed proofs
s2_conditional OK 2 collapsed proofs
00a_why_code OK 0 collapsed proofs
