24 independent SVM numerical checks PASS
{"name": "two-point C=0.25", "status": "PASS", "w": [0.5], "alpha": [0.25, 0.25], "slack": [0.5, 0.5], "primal": 0.375, "dual": 0.375}
{"name": "KKT C=0.25", "status": "PASS"}
{"name": "two-point C=1.0", "status": "PASS", "w": [1.0], "alpha": [0.5, 0.5], "slack": [0.0, 0.0], "primal": 0.5, "dual": 0.5}
{"name": "KKT C=1.0", "status": "PASS"}
{"name": "two-point C=100.0", "status": "PASS", "w": [1.0], "alpha": [0.5, 0.5], "slack": [0.0, 0.0], "primal": 0.5, "dual": 0.5}
{"name": "KKT C=100.0", "status": "PASS"}
{"name": "no-free-SV intercept b=-0.5", "status": "PASS"}
{"name": "no-free-SV intercept b=-0.2", "status": "PASS"}
{"name": "no-free-SV intercept b=0", "status": "PASS"}
{"name": "no-free-SV intercept b=0.2", "status": "PASS"}
{"name": "no-free-SV intercept b=0.5", "status": "PASS"}
{"name": "nonseparable coincident points", "status": "PASS", "note": "Soft margin feasible; hard margin impossible; geometric 1/||w|| is not used at w=0."}
{"name": "PSD permits zero eigenvalues", "status": "PASS"}
{"name": "quadratic feature identity", "status": "PASS"}
{"name": "SVR dual and recovery", "status": "PASS", "coefficient": [[0.8999999999999999]], "intercept": [0.10000000000000005], "primal": 0.4050000000000003, "dual": 0.405}
{"name": "ROC example AUC", "status": "PASS"}
{"name": "logistic coding z=0,f=-3.0", "status": "PASS"}
{"name": "logistic coding z=0,f=0.0", "status": "PASS"}
{"name": "logistic coding z=0,f=2.0", "status": "PASS"}
{"name": "logistic coding z=1,f=-3.0", "status": "PASS"}
{"name": "logistic coding z=1,f=0.0", "status": "PASS"}
{"name": "logistic coding z=1,f=2.0", "status": "PASS"}
{"name": "kernel ridge representer equality", "status": "PASS"}
{"name": "one-class normalized dual", "status": "PASS", "primal": -0.30047412949866387, "dual": -0.30047412949866387, "note": "LIBSVM stored coefficients divided by nu*n for the unit-sum mathematical convention."}
