{"check": "DL gradient 0", "actual": -0.49999999997968336, "expected": -0.5, "tolerance": 1e-07}
{"check": "DL gradient 1", "actual": -0.49999999997968336, "expected": -0.5, "tolerance": 1e-07}
{"check": "DL gradient 2", "actual": -0.19999999999881224, "expected": -0.2, "tolerance": 1e-07}
{"check": "DL gradient 3", "actual": -0.3999999999837467, "expected": -0.4, "tolerance": 1e-07}
{"check": "DL loss before", "actual": 0.125, "expected": 0.125, "tolerance": 1e-08}
{"check": "DL loss after", "actual": 0.0630125, "expected": 0.0630125, "tolerance": 1e-08}
{"check": "Binomial 3,0.5 P(2)", "actual": 0.375, "expected": 0.375, "tolerance": 1e-08}
{"check": "Poisson rate2 normalization", "actual": 1.0, "expected": 1, "tolerance": 1e-08}
{"check": "Poisson rate2 mean", "actual": 2.0, "expected": 2, "tolerance": 1e-08}
{"check": "Poisson rate2 variance", "actual": 2.0000000000000004, "expected": 2, "tolerance": 1e-08}
{"check": "Exponential rate2 survival1", "actual": 0.1353352832366127, "expected": 0.1353352832366127, "tolerance": 1e-08}
{"check": "t interval approximate margin", "actual": 2.145921620190262, "expected": 2.146, "tolerance": 0.001}
{"check": "Beta posterior mean", "actual": 0.6428571428571429, "expected": 0.6428571428571429, "tolerance": 1e-08}
{"check": "OLS slope", "actual": 1.0, "expected": 1, "tolerance": 1e-08}
{"check": "OLS intercept", "actual": 0.7999999999999998, "expected": 0.8, "tolerance": 1e-08}
{"check": "OLS residual sum", "actual": 8.881784197001252e-16, "expected": 0, "tolerance": 1e-08}
{"check": "OLS RSS", "actual": 0.7999999999999999, "expected": 0.8, "tolerance": 1e-08}
{"check": "OLS SS identity", "actual": 0.0, "expected": 0, "tolerance": 1e-08}
{"check": "GD L=1 descent bound, 401 points x 6 steps", "max_violation": -1.543221106459214e-11}
{"check": "softmax CE gradient 0", "actual": 0.30719588572925005, "expected": 0.3071958857184984, "tolerance": 1e-07}
{"check": "softmax CE gradient 1", "actual": -0.8136762768007344, "expected": -0.8136762767741524, "tolerance": 1e-07}
{"check": "softmax CE gradient 2", "actual": 0.5064803910714843, "expected": 0.506480391055654, "tolerance": 1e-07}
PASS 22 independent numerical checks; original Labs were not run.
