normal median ARE PASS max_error 0.0
shell 2d PASS max_error 5.551115123125783e-17
shell 10d PASS max_error 0.0
shell 50d PASS max_error 0.0
studentization stated example PASS max_error 0.0
duplicated sample SE ratio PASS max_error 0.0
R2 uncalibrated PASS max_error 0.0
correlation uncalibrated PASS max_error 0.0
deleted RSS 0 PASS max_error 8.881784197001252e-16
studentization identity 0 PASS max_error 5.551115123125783e-17
deleted RSS 1 PASS max_error 8.881784197001252e-16
studentization identity 1 PASS max_error 5.551115123125783e-17
deleted RSS 2 PASS max_error 1.3322676295501878e-15
studentization identity 2 PASS max_error 8.326672684688674e-17
deleted RSS 3 PASS max_error 8.881784197001252e-16
studentization identity 3 PASS max_error 5.551115123125783e-17
deleted RSS 4 PASS max_error 8.049116928532385e-16
studentization identity 4 PASS max_error 2.1316282072803006e-14
deleted RSS 5 PASS max_error 1.3322676295501878e-15
studentization identity 5 PASS max_error 8.881784197001252e-16
residual fitted covariance algebra PASS max_error 6.534911815510816e-17
center interaction (-1, 2) PASS max_error 1.7763568394002505e-15
center interaction (0, 0.3) PASS max_error 4.440892098500626e-16
center interaction (4, -2) PASS max_error 0.0
All link-closure numerical checks passed.
