  00a_why_code.html                  無變化
  00b_setup.html                     無變化
  00c_ai_assisted.html               無變化
  introduction.html                  無變化
  statistical_learning.html          無變化
  linear_regression.html             無變化
  classification.html                無變化
  resampling_methods.html            無變化
  model_selection.html               無變化
  unsupervised_learning.html         無變化
  beyond_linearity.html              無變化
  tree_based_methods.html            無變化
  support_vector_machines.html       無變化
  deep_learning.html                 無變化
  s1_probability.html                無變化
  s2_conditional.html                無變化
  s3_distributions.html              無變化
  s4_inference.html                  無變化
  s5_bayesian.html                   無變化
  s6_regression.html                 無變化
  p1_python_basics.html              無變化
  p2_flow_functions.html             無變化
  p3_numpy.html                      無變化
  p4_pandas.html                     無變化
  p5_visualization.html              無變化
  p6_modeling_api.html               無變化
  00a_why_code.html  7 節寫入  101 KB  （無變化）
  00b_setup.html  8 節寫入  127 KB  （無變化）
  00c_ai_assisted.html  8 節寫入  111 KB  （無變化）
  classification.html  10 節寫入  225 KB
  deep_learning.html  9 節寫入  220 KB  （無變化）
  introduction.html  11 節寫入  473 KB  （無變化）
  model_selection.html  12 節寫入  218 KB  （無變化）
  beyond_linearity.html  11 節寫入  336 KB  （無變化）
  p1_python_basics.html  8 節寫入  136 KB  （無變化）
  p2_flow_functions.html  8 節寫入  155 KB  （無變化）
  p3_numpy.html  10 節寫入  164 KB  （無變化）
  p4_pandas.html  8 節寫入  160 KB  （無變化）
  p5_visualization.html  8 節寫入  166 KB  （無變化）
  p6_modeling_api.html  8 節寫入  154 KB  （無變化）
  linear_regression.html  10 節寫入  265 KB  （無變化）
  resampling_methods.html  10 節寫入  169 KB  （無變化）
  s1_probability.html  6 節寫入  104 KB  （無變化）
  s2_conditional.html  7 節寫入  109 KB  （無變化）
  s3_distributions.html  7 節寫入  118 KB  （無變化）
  s4_inference.html  8 節寫入  121 KB  （無變化）
  s5_bayesian.html  6 節寫入  109 KB  （無變化）
  s6_regression.html  6 節寫入  105 KB  （無變化）
  statistical_learning.html  9 節寫入  197 KB  （無變化）
  support_vector_machines.html  9 節寫入  250 KB  （無變化）
  tree_based_methods.html  13 節寫入  275 KB  （無變化）
  unsupervised_learning.html  13 節寫入  344 KB  （無變化）
  00a_why_code.html                  3 張詞彙卡
  00b_setup.html                     1 張詞彙卡
  00c_ai_assisted.html               0 張詞彙卡
  introduction.html                  7 張詞彙卡
  statistical_learning.html          26 張詞彙卡
  linear_regression.html             29 張詞彙卡、6 題題庫
  classification.html                29 張詞彙卡、6 題題庫
  resampling_methods.html            23 張詞彙卡
  model_selection.html               26 張詞彙卡
  unsupervised_learning.html         29 張詞彙卡
  beyond_linearity.html              27 張詞彙卡
  tree_based_methods.html            29 張詞彙卡、6 題題庫
  support_vector_machines.html       24 張詞彙卡
  deep_learning.html                 28 張詞彙卡
  s1_probability.html                19 張詞彙卡
  s2_conditional.html                19 張詞彙卡
  s3_distributions.html              20 張詞彙卡
  s4_inference.html                  22 張詞彙卡
  s5_bayesian.html                   19 張詞彙卡
  s6_regression.html                 19 張詞彙卡
  p1_python_basics.html              0 張詞彙卡
  p2_flow_functions.html             0 張詞彙卡
  p3_numpy.html                      5 張詞彙卡
  p4_pandas.html                     3 張詞彙卡
  p5_visualization.html              8 張詞彙卡
  p6_modeling_api.html               17 張詞彙卡
  index.html   63 KB（26 張卡片）
  README.md    7525 bytes
  introduction.html  11 節寫入  472 KB
  introduction.html  11 節寫入  472 KB
