## validate.log


0 個失敗，0 個警告（檢查了 1 頁）


## content-checks.log
  classification.html                無變化
  classification.html  10 節寫入  273 KB  （無變化）
  classification.html                29 張詞彙卡、1 題題庫
PASS unchanged .pseudo-code 12
PASS unchanged .expected-out 11
PASS all original proof blocks unchanged 11
PASS baked frames unchanged
PASS one added display formula (softmax)
PASS anchors
PASS reading layers
PASS LDA softmax recovers Bayes posterior
PASS shared whitening and Mahalanobis interpretation
PASS idempotent rebuild 2200c67768ba3cbf4dd1b5b18b0aa881cb29f88b8b9beea06e6ff491adadac4e


## browser.log
1280 {"formulaCount":503,"clipped":[],"outsideInline":[],"mathErrors":[],"pageOverflow":0,"feedbackClips":[]}
390 {"formulaCount":510,"clipped":[],"outsideInline":[],"mathErrors":[],"pageOverflow":0,"feedbackClips":[]}
LDA controls {
  tied: '›LDA 模式，兩類加權密度處處重合，所有位置都平手；需要另定平手規則。',
  priorWins: '›LDA 模式，沒有切換點，第 1 類的加權密度處處較高。'
}
