  00a_why_code.html                  重繪 2 區段
  00b_setup.html                     重繪 6 區段
  00c_ai_assisted.html               重繪 2 區段
  introduction.html                  重繪 11 區段
  statistical_learning.html          重繪 8 區段
  linear_regression.html             重繪 11 區段
  classification.html                重繪 11 區段
  resampling_methods.html            重繪 10 區段
  model_selection.html               重繪 12 區段
  unsupervised_learning.html         重繪 13 區段
  beyond_linearity.html              重繪 11 區段
  tree_based_methods.html            重繪 14 區段
  support_vector_machines.html       重繪 8 區段
  deep_learning.html                 重繪 2 區段
  s1_probability.html                重繪 2 區段
  s2_conditional.html                重繪 2 區段
  s3_distributions.html              重繪 2 區段
  s4_inference.html                  重繪 2 區段
  s5_bayesian.html                   重繪 2 區段
  s6_regression.html                 重繪 2 區段
  p1_python_basics.html              重繪 9 區段
  p2_flow_functions.html             重繪 9 區段
  p3_numpy.html                      重繪 11 區段
  p4_pandas.html                     重繪 9 區段
  p5_visualization.html              重繪 9 區段
  p6_modeling_api.html               重繪 9 區段
  index.html   63 KB（26 張卡片）
  README.md    7507 bytes
  00a_why_code.html                  無變化
  00b_setup.html                     無變化
  00c_ai_assisted.html               無變化
  introduction.html                  無變化
  statistical_learning.html          無變化
  linear_regression.html             無變化
  classification.html                無變化
  resampling_methods.html            無變化
  model_selection.html               無變化
  unsupervised_learning.html         無變化
  beyond_linearity.html              無變化
  tree_based_methods.html            無變化
  support_vector_machines.html       無變化
  deep_learning.html                 無變化
  s1_probability.html                重繪 1 區段
  s2_conditional.html                重繪 1 區段
  s3_distributions.html              重繪 1 區段
  s4_inference.html                  重繪 1 區段
  s5_bayesian.html                   重繪 1 區段
  s6_regression.html                 重繪 1 區段
  p1_python_basics.html              無變化
  p2_flow_functions.html             無變化
  p3_numpy.html                      無變化
  p4_pandas.html                     無變化
  p5_visualization.html              無變化
  p6_modeling_api.html               無變化
  00a_why_code.html                  無變化
  00b_setup.html                     無變化
  00c_ai_assisted.html               無變化
  introduction.html                  無變化
  statistical_learning.html          無變化
  linear_regression.html             無變化
  classification.html                無變化
  resampling_methods.html            無變化
  model_selection.html               無變化
  unsupervised_learning.html         無變化
  beyond_linearity.html              無變化
  tree_based_methods.html            無變化
  support_vector_machines.html       無變化
  deep_learning.html                 無變化
  s1_probability.html                無變化
  s2_conditional.html                無變化
  s3_distributions.html              無變化
  s4_inference.html                  無變化
  s5_bayesian.html                   無變化
  s6_regression.html                 無變化
  p1_python_basics.html              無變化
  p2_flow_functions.html             無變化
  p3_numpy.html                      無變化
  p4_pandas.html                     無變化
  p5_visualization.html              無變化
  p6_modeling_api.html               無變化
  index.html   63 KB（26 張卡片）
  README.md    7507 bytes
  00a_why_code.html                  無變化
  00b_setup.html                     無變化
  00c_ai_assisted.html               無變化
  introduction.html                  無變化
  statistical_learning.html          無變化
  linear_regression.html             無變化
  classification.html                無變化
  resampling_methods.html            無變化
  model_selection.html               無變化
  unsupervised_learning.html         無變化
  beyond_linearity.html              無變化
  tree_based_methods.html            無變化
  support_vector_machines.html       無變化
  deep_learning.html                 無變化
  s1_probability.html                無變化
  s2_conditional.html                無變化
  s3_distributions.html              無變化
  s4_inference.html                  無變化
  s5_bayesian.html                   無變化
  s6_regression.html                 無變化
  p1_python_basics.html              無變化
  p2_flow_functions.html             無變化
  p3_numpy.html                      無變化
  p4_pandas.html                     無變化
  p5_visualization.html              無變化
  p6_modeling_api.html               無變化
  index.html   63 KB（26 張卡片）
  README.md    7507 bytes
  00a_why_code.html                  重繪 1 區段
  00b_setup.html                     重繪 1 區段
  00c_ai_assisted.html               重繪 1 區段
  introduction.html                  重繪 1 區段
  statistical_learning.html          重繪 1 區段
  linear_regression.html             重繪 1 區段
  classification.html                重繪 1 區段
  resampling_methods.html            重繪 1 區段
  model_selection.html               重繪 1 區段
  unsupervised_learning.html         重繪 1 區段
  beyond_linearity.html              重繪 1 區段
  tree_based_methods.html            重繪 1 區段
  support_vector_machines.html       重繪 1 區段
  deep_learning.html                 重繪 1 區段
  s1_probability.html                重繪 1 區段
  s2_conditional.html                重繪 1 區段
  s3_distributions.html              重繪 1 區段
  s4_inference.html                  重繪 1 區段
  s5_bayesian.html                   重繪 1 區段
  s6_regression.html                 重繪 1 區段
  p1_python_basics.html              重繪 1 區段
  p2_flow_functions.html             重繪 1 區段
  p3_numpy.html                      重繪 1 區段
  p4_pandas.html                     重繪 1 區段
  p5_visualization.html              重繪 1 區段
  p6_modeling_api.html               重繪 1 區段
  index.html   63 KB（26 張卡片）
  README.md    7507 bytes
