2 講義 02 · 讀 Auto 並處理遺漏值 cells [195] CODE True OUTPUT True 
2 講義 02 · n 與 p 到底是多少 cells [197, 199] CODE True OUTPUT True 
2 講義 02 · 雜訊讓相關係數到不了 1 cells [74, 76, 78] CODE True OUTPUT True 
2 講義 02 · 用樣本變異數估 Var(ε) cells [84, 85] CODE True OUTPUT True 
2 講義 02 · 用等高線圖看一個指定的 f(x, y) cells [121] CODE True OUTPUT True 
2 講義 02 · 數值摘要 cells [271] CODE True OUTPUT True 
2 講義 02 · 散佈圖矩陣：一眼看出線性夠不夠 cells [267, 269] CODE True OUTPUT True 
2 講義 02 · 用布林陣列挑出「屬於這一類」的資料 cells [162, 164, 171] CODE True OUTPUT True 
2 講義 02 · 布林取平均就是比例 cells [243, 244] CODE True OUTPUT True 
3 講義 03 · 手動建模型矩陣 → sm.OLS → summarize cells [22, 24, 26] CODE True OUTPUT True 
3 講義 03 · 用 ModelSpec 建模型矩陣（後面每一章都會用） cells [30, 32] CODE True OUTPUT True 
3 講義 03 · print(results.summary())：一次看完 SE、t、p、信賴區間、F、R² cells [35] CODE True OUTPUT True 
3 講義 03 · 信賴區間 vs 預測區間 cells [39, 41, 43, 45] CODE True OUTPUT True 
3 講義 03 · scikit-learn 版的 R² 與 MSE cells [110, 113] CODE True OUTPUT True 
3 講義 03 · 兩個預測變數（lstat + age） cells [74] CODE True OUTPUT True 
3 講義 03 · 全部 12 個預測變數 cells [75, 77] CODE True OUTPUT True 
3 講義 03 · 用 tuple 指定交互作用項 cells [93] CODE True OUTPUT True 
3 講義 03 · 三個水準的類別變數（Carseats 的 ShelveLoc） cells [103, 105] CODE True OUTPUT True 
3 講義 03 · 用串列生成式算每一欄的 VIF cells [87, 89] CODE True OUTPUT True 
3 講義 03 · 加二次項修掉非線性 cells [96] CODE True OUTPUT True 
3 講義 03 · anova_lm：用 F 檢定比較巢狀模型 cells [98] CODE True OUTPUT True 
4 講義 04 · sm.GLM + Binomial（六個預測變數） cells [25] CODE True OUTPUT True 
4 講義 04 · 從機率到標籤，再到混淆矩陣 cells [31, 33, 35] CODE True OUTPUT True 
4 講義 04 · 用 2001–2004 配適、在 2005 年比較 cells [45, 49, 51] CODE True OUTPUT True 
4 講義 04 · 探索後只留 Lag1 與 Lag2 cells [53, 55] CODE True OUTPUT True 
4 講義 04 · 配 LDA 並讀出估計的參數 cells [66, 68, 72] CODE True OUTPUT True 
4 講義 04 · 線性判別方向與預測結果 cells [74, 77, 79] CODE True OUTPUT True 
4 講義 04 · QuadraticDiscriminantAnalysis cells [89, 93, 95] CODE True OUTPUT True 
4 講義 04 · GaussianNB cells [102, 110, 116, 117] CODE True OUTPUT True 
4 講義 04 · 手動算 accuracy / sensitivity / precision / FPR cells [57, 58] CODE True OUTPUT True 
4 講義 04 · Caravan：把閾值從 0.5 降到 0.25 cells [156, 158, 159] CODE True OUTPUT True 
4 講義 04 · KNeighborsClassifier(n_neighbors=1) cells [122, 124] CODE True OUTPUT True 
4 講義 04 · Poisson 迴歸（Bikeshare） cells [188, 190] CODE True OUTPUT True 
5 講義 05 · 驗證集法（Auto，degree 1） cells [16, 20] CODE True OUTPUT True 
5 講義 05 · 換一個切法（random_state=3） cells [26, 28] CODE True OUTPUT True 
5 講義 05 · LOOCV（Auto，degree 1） cells [32] CODE True OUTPUT True 
5 講義 05 · 10-fold CV（degree 1–5） cells [41] CODE True OUTPUT True 
5 講義 05 · α̂ 用全部 100 筆 cells [53, 55] CODE True OUTPUT True 
5 講義 05 · 一次 bootstrap 重抽 cells [57] CODE True OUTPUT True 
5 講義 05 · 通用的 boot_SE cells [59, 61] CODE True OUTPUT True 
