COMMAND ['python3', 'tools/rebuild_content.py']
  00a_why_code.html  7 節寫入  104 KB  （無變化）
  00b_setup.html  8 節寫入  131 KB  （無變化）
  00c_ai_assisted.html  8 節寫入  115 KB  （無變化）
  classification.html  10 節寫入  225 KB  （無變化）
  deep_learning.html  9 節寫入  220 KB  （無變化）
  introduction.html  11 節寫入  477 KB  （無變化）
  model_selection.html  12 節寫入  218 KB  （無變化）
  beyond_linearity.html  11 節寫入  336 KB  （無變化）
  p1_python_basics.html  8 節寫入  141 KB  （無變化）
  p2_flow_functions.html  8 節寫入  161 KB  （無變化）
  p3_numpy.html  10 節寫入  168 KB  （無變化）
  p4_pandas.html  8 節寫入  164 KB  （無變化）
  p5_visualization.html  8 節寫入  170 KB  （無變化）
  p6_modeling_api.html  8 節寫入  156 KB  （無變化）
  linear_regression.html  10 節寫入  265 KB  （無變化）
  resampling_methods.html  10 節寫入  170 KB  （無變化）
  s1_probability.html  6 節寫入  105 KB  （無變化）
  s2_conditional.html  7 節寫入  109 KB  （無變化）
  s3_distributions.html  7 節寫入  118 KB  （無變化）
  s4_inference.html  8 節寫入  121 KB  （無變化）
  s5_bayesian.html  6 節寫入  109 KB  （無變化）
  s6_regression.html  6 節寫入  106 KB  （無變化）
  statistical_learning.html  9 節寫入  197 KB  （無變化）
  support_vector_machines.html  9 節寫入  250 KB  （無變化）
  tree_based_methods.html  13 節寫入  276 KB  （無變化）
  unsupervised_learning.html  13 節寫入  344 KB  （無變化）
COMMAND ['python3', 'tools/inject_data.py']
  00a_why_code.html                  18 張詞彙卡
  00b_setup.html                     24 張詞彙卡
  00c_ai_assisted.html               18 張詞彙卡
  introduction.html                  26 張詞彙卡
  statistical_learning.html          26 張詞彙卡
  linear_regression.html             29 張詞彙卡、6 題題庫
  classification.html                31 張詞彙卡、6 題題庫
  resampling_methods.html            25 張詞彙卡
  model_selection.html               27 張詞彙卡
  unsupervised_learning.html         30 張詞彙卡
  beyond_linearity.html              28 張詞彙卡
  tree_based_methods.html            30 張詞彙卡、6 題題庫
  support_vector_machines.html       26 張詞彙卡
  deep_learning.html                 28 張詞彙卡
  s1_probability.html                20 張詞彙卡
  s2_conditional.html                20 張詞彙卡
  s3_distributions.html              20 張詞彙卡
  s4_inference.html                  22 張詞彙卡
  s5_bayesian.html                   20 張詞彙卡
  s6_regression.html                 20 張詞彙卡
  p1_python_basics.html              24 張詞彙卡
  p2_flow_functions.html             25 張詞彙卡
  p3_numpy.html                      26 張詞彙卡
  p4_pandas.html                     25 張詞彙卡
  p5_visualization.html              28 張詞彙卡
  p6_modeling_api.html               25 張詞彙卡
COMMAND ['python3', 'tools/build_page.py']
  00a_why_code.html                  無變化
  00b_setup.html                     無變化
  00c_ai_assisted.html               無變化
  introduction.html                  無變化
  statistical_learning.html          無變化
  linear_regression.html             無變化
  classification.html                無變化
  resampling_methods.html            無變化
  model_selection.html               無變化
  unsupervised_learning.html         無變化
  beyond_linearity.html              無變化
  tree_based_methods.html            無變化
  support_vector_machines.html       無變化
  deep_learning.html                 無變化
  s1_probability.html                無變化
  s2_conditional.html                無變化
  s3_distributions.html              無變化
  s4_inference.html                  無變化
  s5_bayesian.html                   無變化
  s6_regression.html                 無變化
  p1_python_basics.html              無變化
  p2_flow_functions.html             無變化
  p3_numpy.html                      無變化
  p4_pandas.html                     無變化
  p5_visualization.html              無變化
  p6_modeling_api.html               無變化
COMMAND ['python3', 'tools/build_index.py']
  index.html   63 KB（26 張卡片）
  README.md    7507 bytes
