{
  "s1": {
    "models": [
      {
        "mean": 0,
        "variance": 0
      },
      {
        "mean": 0.3,
        "variance": 0.21
      },
      {
        "mean": 0.5,
        "variance": 0.25
      },
      {
        "mean": 1,
        "variance": 0
      }
    ],
    "zero": {
      "n": 100,
      "heads": 0
    },
    "one": {
      "n": 100,
      "heads": 100
    },
    "a": {
      "n": 100,
      "heads": 52
    },
    "b": {
      "n": 100,
      "heads": 52
    }
  },
  "s2": {
    "zero": [
      "0",
      "未定義（分母為 0）",
      "未定義（分母為 0）"
    ],
    "baseline": [
      "100",
      "8/18 = 0.444",
      "8/10 = 0.800"
    ]
  },
  "s3": {
    "pmf": [
      [
        1,
        0,
        0,
        0,
        0,
        0,
        0,
        0,
        0,
        0,
        0
      ],
      [
        0.10737418240000006,
        0.2684354560000001,
        0.3019898880000002,
        0.2013265920000001,
        0.08808038400000005,
        0.02642411520000001,
        0.005505024000000003,
        0.0007864320000000004,
        0.00007372800000000005,
        0.000004096000000000002,
        1.0240000000000006e-7
      ],
      [
        0.0009765625,
        0.009765625,
        0.0439453125,
        0.1171875,
        0.205078125,
        0.24609375,
        0.205078125,
        0.1171875,
        0.0439453125,
        0.009765625,
        0.0009765625
      ],
      [
        0,
        0,
        0,
        0,
        0,
        0,
        0,
        0,
        0,
        0,
        1
      ]
    ],
    "uniform": 0.375,
    "normal": 0.6826894808737369,
    "narrow": 0.0003989222524953817,
    "polygons": 1,
    "repeated": true
  },
  "s4": {
    "p": "0.0278",
    "polys": [
      [
        48,
        50.30833333333332,
        52.61666666666668,
        54.925000000000004,
        57.233333333333334,
        59.54166666666666,
        61.85000000000001,
        64.15833333333333,
        66.46666666666667,
        68.77499999999999,
        71.08333333333334,
        73.39166666666667,
        75.69999999999999,
        78.00833333333335,
        80.31666666666668,
        82.625,
        84.93333333333332,
        87.24166666666665,
        89.55000000000001,
        91.85833333333333,
        94.16666666666666,
        96.47500000000002,
        98.78333333333333,
        101.09166666666667,
        103.39999999999998,
        105.70833333333334,
        108.01666666666667,
        110.32499999999999,
        112.63333333333335,
        114.94166666666668,
        117.25,
        119.55833333333332,
        121.86666666666665,
        124.17500000000001,
        126.48333333333333,
        128.79166666666669,
        131.10000000000002,
        133.40833333333333,
        135.71666666666667,
        138.02499999999998,
        140.33333333333331,
        142.64166666666665,
        144.95,
        147.25833333333335,
        149.56666666666666,
        151.875,
        154.18333333333334,
        156.49166666666665,
        158.8,
        161.10833333333335,
        163.41666666666669,
        165.72500000000002,
        168.03333333333333,
        170.34166666666667,
        172.64999999999998,
        172.65000000000003,
        172.65000000000003,
        172.64999999999998,
        170.34166666666667,
        168.03333333333333,
        165.72500000000002,
        163.41666666666669,
        161.10833333333335,
        158.8,
        156.49166666666665,
        154.18333333333334,
        151.875,
        149.56666666666666,
        147.25833333333335,
        144.95,
        142.64166666666665,
        140.33333333333331,
        138.02499999999998,
        135.71666666666667,
        133.40833333333333,
        131.10000000000002,
        128.79166666666669,
        126.48333333333333,
        124.17500000000001,
        121.86666666666665,
        119.55833333333332,
        117.25,
        114.94166666666668,
        112.63333333333335,
        110.32499999999999,
        108.01666666666667,
        105.70833333333334,
        103.39999999999998,
        101.09166666666667,
        98.78333333333333,
        96.47500000000002,
        94.16666666666666,
        91.85833333333333,
        89.55000000000001,
        87.24166666666665,
        84.93333333333332,
        82.625,
        80.31666666666668,
        78.00833333333335,
        75.69999999999999,
        73.39166666666667,
        71.08333333333334,
        68.77499999999999,
        66.46666666666667,
        64.15833333333333,
        61.85000000000001,
        59.54166666666666,
        57.233333333333334,
        54.925000000000004,
        52.61666666666668,
        50.30833333333332,
        48
      ],
      [
        477.34999999999997,
        477.35,
        479.65833333333336,
        481.96666666666664,
        484.275,
        486.5833333333333,
        488.89166666666665,
        491.20000000000005,
        493.5083333333333,
        495.81666666666666,
        498.125,
        500.43333333333334,
        502.7416666666667,
        505.04999999999995,
        507.35833333333335,
        509.6666666666667,
        511.975,
        514.2833333333333,
        516.5916666666667,
        518.9,
        521.2083333333333,
        523.5166666666667,
        525.825,
        528.1333333333333,
        530.4416666666666,
        532.75,
        535.0583333333334,
        537.3666666666667,
        539.675,
        541.9833333333333,
        544.2916666666667,
        546.6,
        548.9083333333333,
        551.2166666666667,
        553.525,
        555.8333333333333,
        558.1416666666667,
        560.45,
        562.7583333333333,
        565.0666666666667,
        567.375,
        569.6833333333333,
        571.9916666666667,
        574.3,
        576.6083333333333,
        578.9166666666667,
        581.225,
        583.5333333333333,
        585.8416666666667,
        588.15,
        590.4583333333333,
        592.7666666666667,
        595.075,
        597.3833333333333,
        599.6916666666667,
        602,
        602,
        599.6916666666667,
        597.3833333333333,
        595.075,
        592.7666666666667,
        590.4583333333333,
        588.15,
        585.8416666666667,
        583.5333333333333,
        581.225,
        578.9166666666667,
        576.6083333333333,
        574.3,
        571.9916666666667,
        569.6833333333333,
        567.375,
        565.0666666666667,
        562.7583333333333,
        560.45,
        558.1416666666667,
        555.8333333333333,
        553.525,
        551.2166666666667,
        548.9083333333333,
        546.6,
        544.2916666666667,
        541.9833333333333,
        539.675,
        537.3666666666667,
        535.0583333333334,
        532.75,
        530.4416666666666,
        528.1333333333333,
        525.825,
        523.5166666666667,
        521.2083333333333,
        518.9,
        516.5916666666667,
        514.2833333333333,
        511.975,
        509.6666666666667,
        507.35833333333335,
        505.04999999999995,
        502.7416666666667,
        500.43333333333334,
        498.125,
        495.81666666666666,
        493.5083333333333,
        491.20000000000005,
        488.89166666666665,
        486.5833333333333,
        484.275,
        481.96666666666664,
        479.65833333333336,
        477.35,
        477.34999999999997
      ]
    ],
    "farLeft": [
      [
        48,
        50.30833333333332,
        52.61666666666668,
        54.925000000000004,
        57.233333333333334,
        59.54166666666666,
        61.85000000000001,
        64.15833333333333,
        66.46666666666667,
        68.77499999999999,
        71.08333333333334,
        73.39166666666667,
        75.69999999999999,
        78.00833333333335,
        80.31666666666668,
        82.625,
        84.93333333333332,
        87.24166666666665,
        89.55000000000001,
        91.85833333333333,
        94.16666666666666,
        96.47500000000002,
        98.78333333333333,
        101.09166666666667,
        103.39999999999998,
        105.70833333333334,
        108.01666666666667,
        110.32499999999999,
        112.63333333333335,
        114.94166666666668,
        117.25,
        119.55833333333332,
        121.86666666666665,
        124.17500000000001,
        126.48333333333333,
        128.79166666666669,
        131.10000000000002,
        133.40833333333333,
        135.71666666666667,
        138.02499999999998,
        140.33333333333331,
        142.64166666666665,
        144.95,
        147.25833333333335,
        149.56666666666666,
        151.875,
        154.18333333333334,
        156.49166666666665,
        158.8,
        161.10833333333335,
        163.41666666666669,
        165.72500000000002,
        168.03333333333333,
        170.34166666666667,
        172.64999999999998,
        174.95833333333331,
        177.26666666666668,
        179.575,
        181.88333333333335,
        184.19166666666666,
        186.5,
        188.80833333333334,
        191.11666666666667,
        193.425,
        195.73333333333332,
        198.04166666666666,
        200.35000000000002,
        202.65833333333333,
        204.96666666666667,
        207.27499999999998,
        209.58333333333334,
        211.89166666666668,
        214.2,
        216.50833333333333,
        218.81666666666666,
        221.125,
        223.43333333333334,
        225.74166666666667,
        228.05,
        230.35833333333332,
        232.66666666666666,
        234.97500000000002,
        237.28333333333333,
        239.59166666666667,
        241.89999999999998,
        244.20833333333334,
        246.51666666666668,
        248.825,
        251.13333333333333,
        253.44166666666666,
        255.75,
        258.05833333333334,
        260.3666666666667,
        262.675,
        264.98333333333335,
        267.29166666666663,
        269.6,
        271.9083333333333,
        274.2166666666667,
        276.525,
        278.83333333333337,
        281.14166666666665,
        283.45,
        285.7583333333333,
        288.06666666666666,
        290.375,
        292.68333333333334,
        294.9916666666667,
        297.3,
        299.60833333333335,
        301.91666666666663,
        304.225,
        306.53333333333336,
        308.84166666666664,
        311.15,
        313.45833333333337,
        315.76666666666665,
        318.075,
        320.3833333333333,
        322.69166666666666,
        325,
        327.30833333333334,
        329.6166666666667,
        331.92499999999995,
        334.23333333333335,
        336.5416666666667,
        338.85,
        341.15833333333336,
        343.46666666666664,
        345.775,
        348.0833333333333,
        350.39166666666665,
        352.70000000000005,
        355.0083333333333,
        357.31666666666666,
        359.625,
        361.93333333333334,
        364.2416666666667,
        366.54999999999995,
        368.85833333333335,
        371.1666666666667,
        373.475,
        375.78333333333336,
        378.09166666666664,
        380.4,
        382.7083333333333,
        385.01666666666665,
        387.32500000000005,
        389.6333333333333,
        391.94166666666666,
        394.25,
        396.55833333333334,
        398.8666666666667,
        401.17499999999995,
        403.48333333333335,
        405.7916666666667,
        408.1,
        410.40833333333336,
        412.71666666666664,
        415.025,
        417.3333333333333,
        419.64166666666665,
        421.95000000000005,
        424.2583333333333,
        426.56666666666666,
        428.875,
        431.18333333333334,
        433.4916666666667,
        435.79999999999995,
        438.10833333333335,
        440.4166666666667,
        442.725,
        445.03333333333336,
        447.34166666666664,
        449.65,
        451.9583333333333,
        454.26666666666665,
        456.57500000000005,
        458.8833333333333,
        461.19166666666666,
        463.5,
        465.80833333333334,
        468.1166666666667,
        470.42499999999995,
        472.73333333333335,
        475.0416666666667,
        477.35,
        479.65833333333336,
        481.96666666666664,
        484.275,
        486.5833333333333,
        488.89166666666665,
        491.20000000000005,
        493.5083333333333,
        495.81666666666666,
        498.125,
        500.43333333333334,
        502.7416666666667,
        505.04999999999995,
        507.35833333333335,
        509.6666666666667,
        511.975,
        514.2833333333333,
        516.5916666666667,
        518.9,
        521.2083333333333,
        523.5166666666667,
        525.825,
        528.1333333333333,
        530.4416666666666,
        532.75,
        535.0583333333334,
        537.3666666666667,
        539.675,
        541.9833333333333,
        544.2916666666667,
        546.6,
        548.9083333333333,
        551.2166666666667,
        553.525,
        555.8333333333333,
        558.1416666666667,
        560.45,
        562.7583333333333,
        565.0666666666667,
        567.375,
        569.6833333333333,
        571.9916666666667,
        574.3,
        576.6083333333333,
        578.9166666666667,
        581.225,
        583.5333333333333,
        585.8416666666667,
        588.15,
        590.4583333333333,
        592.7666666666667,
        595.075,
        597.3833333333333,
        599.6916666666667,
        602,
        602,
        599.6916666666667,
        597.3833333333333,
        595.075,
        592.7666666666667,
        590.4583333333333,
        588.15,
        585.8416666666667,
        583.5333333333333,
        581.225,
        578.9166666666667,
        576.6083333333333,
        574.3,
        571.9916666666667,
        569.6833333333333,
        567.375,
        565.0666666666667,
        562.7583333333333,
        560.45,
        558.1416666666667,
        555.8333333333333,
        553.525,
        551.2166666666667,
        548.9083333333333,
        546.6,
        544.2916666666667,
        541.9833333333333,
        539.675,
        537.3666666666667,
        535.0583333333334,
        532.75,
        530.4416666666666,
        528.1333333333333,
        525.825,
        523.5166666666667,
        521.2083333333333,
        518.9,
        516.5916666666667,
        514.2833333333333,
        511.975,
        509.6666666666667,
        507.35833333333335,
        505.04999999999995,
        502.7416666666667,
        500.43333333333334,
        498.125,
        495.81666666666666,
        493.5083333333333,
        491.20000000000005,
        488.89166666666665,
        486.5833333333333,
        484.275,
        481.96666666666664,
        479.65833333333336,
        477.35,
        475.0416666666667,
        472.73333333333335,
        470.42499999999995,
        468.1166666666667,
        465.80833333333334,
        463.5,
        461.19166666666666,
        458.8833333333333,
        456.57500000000005,
        454.26666666666665,
        451.9583333333333,
        449.65,
        447.34166666666664,
        445.03333333333336,
        442.725,
        440.4166666666667,
        438.10833333333335,
        435.79999999999995,
        433.4916666666667,
        431.18333333333334,
        428.875,
        426.56666666666666,
        424.2583333333333,
        421.95000000000005,
        419.64166666666665,
        417.3333333333333,
        415.025,
        412.71666666666664,
        410.40833333333336,
        408.1,
        405.7916666666667,
        403.48333333333335,
        401.17499999999995,
        398.8666666666667,
        396.55833333333334,
        394.25,
        391.94166666666666,
        389.6333333333333,
        387.32500000000005,
        385.01666666666665,
        382.7083333333333,
        380.4,
        378.09166666666664,
        375.78333333333336,
        373.475,
        371.1666666666667,
        368.85833333333335,
        366.54999999999995,
        364.2416666666667,
        361.93333333333334,
        359.625,
        357.31666666666666,
        355.0083333333333,
        352.70000000000005,
        350.39166666666665,
        348.0833333333333,
        345.775,
        343.46666666666664,
        341.15833333333336,
        338.85,
        336.5416666666667,
        334.23333333333335,
        331.92499999999995,
        329.6166666666667,
        327.30833333333334,
        325,
        322.69166666666666,
        320.3833333333333,
        318.075,
        315.76666666666665,
        313.45833333333337,
        311.15,
        308.84166666666664,
        306.53333333333336,
        304.225,
        301.91666666666663,
        299.60833333333335,
        297.3,
        294.9916666666667,
        292.68333333333334,
        290.375,
        288.06666666666666,
        285.7583333333333,
        283.45,
        281.14166666666665,
        278.83333333333337,
        276.525,
        274.2166666666667,
        271.9083333333333,
        269.6,
        267.29166666666663,
        264.98333333333335,
        262.675,
        260.3666666666667,
        258.05833333333334,
        255.75,
        253.44166666666666,
        251.13333333333333,
        248.825,
        246.51666666666668,
        244.20833333333334,
        241.89999999999998,
        239.59166666666667,
        237.28333333333333,
        234.97500000000002,
        232.66666666666666,
        230.35833333333332,
        228.05,
        225.74166666666667,
        223.43333333333334,
        221.125,
        218.81666666666666,
        216.50833333333333,
        214.2,
        211.89166666666668,
        209.58333333333334,
        207.27499999999998,
        204.96666666666667,
        202.65833333333333,
        200.35000000000002,
        198.04166666666666,
        195.73333333333332,
        193.425,
        191.11666666666667,
        188.80833333333334,
        186.5,
        184.19166666666666,
        181.88333333333335,
        179.575,
        177.26666666666668,
        174.95833333333331,
        172.64999999999998,
        170.34166666666667,
        168.03333333333333,
        165.72500000000002,
        163.41666666666669,
        161.10833333333335,
        158.8,
        156.49166666666665,
        154.18333333333334,
        151.875,
        149.56666666666666,
        147.25833333333335,
        144.95,
        142.64166666666665,
        140.33333333333331,
        138.02499999999998,
        135.71666666666667,
        133.40833333333333,
        131.10000000000002,
        128.79166666666669,
        126.48333333333333,
        124.17500000000001,
        121.86666666666665,
        119.55833333333332,
        117.25,
        114.94166666666668,
        112.63333333333335,
        110.32499999999999,
        108.01666666666667,
        105.70833333333334,
        103.39999999999998,
        101.09166666666667,
        98.78333333333333,
        96.47500000000002,
        94.16666666666666,
        91.85833333333333,
        89.55000000000001,
        87.24166666666665,
        84.93333333333332,
        82.625,
        80.31666666666668,
        78.00833333333335,
        75.69999999999999,
        73.39166666666667,
        71.08333333333334,
        68.77499999999999,
        66.46666666666667,
        64.15833333333333,
        61.85000000000001,
        59.54166666666666,
        57.233333333333334,
        54.925000000000004,
        52.61666666666668,
        50.30833333333332,
        48
      ]
    ],
    "center": 325,
    "rows": [
      {
        "mean": 47.15391473649306,
        "lo": 39.008427273473295,
        "hi": 55.29940219951282,
        "cover": true
      },
      {
        "mean": 47.52414587230037,
        "lo": 39.37865840928061,
        "hi": 55.669633335320135,
        "cover": true
      },
      {
        "mean": 49.49839447081682,
        "lo": 41.35290700779706,
        "hi": 57.64388193383658,
        "cover": true
      },
      {
        "mean": 52.57142255269862,
        "lo": 44.42593508967886,
        "hi": 60.71691001571838,
        "cover": true
      },
      {
        "mean": 49.65572817316168,
        "lo": 41.510240710141915,
        "hi": 57.80121563618144,
        "cover": true
      },
      {
        "mean": 47.96350254297992,
        "lo": 39.818015079960155,
        "hi": 56.10899000599968,
        "cover": true
      },
      {
        "mean": 48.65411400003704,
        "lo": 40.50862653701728,
        "hi": 56.7996014630568,
        "cover": true
      },
      {
        "mean": 54.30472581259388,
        "lo": 46.15923834957412,
        "hi": 62.45021327561364,
        "cover": true
      },
      {
        "mean": 53.66958730607139,
        "lo": 45.52409984305163,
        "hi": 61.815074769091154,
        "cover": true
      },
      {
        "mean": 50.253066874307805,
        "lo": 42.10757941128804,
        "hi": 58.39855433732757,
        "cover": true
      },
      {
        "mean": 44.19953232910838,
        "lo": 36.05404486608862,
        "hi": 52.34501979212814,
        "cover": true
      },
      {
        "mean": 50.63714662408075,
        "lo": 42.49165916106099,
        "hi": 58.78263408710051,
        "cover": true
      },
      {
        "mean": 56.10864798909722,
        "lo": 47.96316052607746,
        "hi": 64.25413545211698,
        "cover": true
      },
      {
        "mean": 45.349882455302364,
        "lo": 37.2043949922826,
        "hi": 53.495369918322126,
        "cover": true
      },
      {
        "mean": 53.73033418344379,
        "lo": 45.584846720424025,
        "hi": 61.87582164646355,
        "cover": true
      },
      {
        "mean": 46.68409080437855,
        "lo": 38.53860334135879,
        "hi": 54.82957826739831,
        "cover": true
      },
      {
        "mean": 45.67584441052585,
        "lo": 37.530356947506085,
        "hi": 53.82133187354561,
        "cover": true
      },
      {
        "mean": 55.51629816658364,
        "lo": 47.370810703563876,
        "hi": 63.6617856296034,
        "cover": true
      },
      {
        "mean": 47.209945959618885,
        "lo": 39.06445849659912,
        "hi": 55.35543342263865,
        "cover": true
      },
      {
        "mean": 49.18952078531636,
        "lo": 41.0440333222966,
        "hi": 57.33500824833612,
        "cover": true
      }
    ],
    "counts": {
      "total": 20,
      "hit": 20
    },
    "domain": [
      35.454044866088616,
      64.85413545211698
    ],
    "critical": 2.5758293035489004
  },
  "s5": {
    "density": [
      [
        1.0000000000000018,
        1.0000000000000018,
        1.0000000000000018
      ],
      [
        0.54,
        1.5,
        0.5399999999999998
      ],
      [
        0.000042220035000000205,
        1.571044921875003,
        0.2770056496350001
      ],
      [
        3.531225483661892e-17,
        7.1142303019127064,
        3.5312254836618416e-17
      ]
    ],
    "integrals": [
      1.0000000000000002,
      0.9999999375,
      1.000000000000001,
      1.0000000000000133
    ],
    "endpoints": [
      5.000000000000025,
      5.000000000000025,
      0,
      0
    ],
    "post": "Beta(9, 5)",
    "mean": "0.643",
    "ratio": 2.2769316863999975
  },
  "s6": {
    "optimum": {
      "b0": 0.7999999999999998,
      "b1": 1,
      "rss": 0.7999999999999999,
      "tss": 10.8,
      "n": 5,
      "df": 3,
      "rse": 0.5163977794943222,
      "r2": 0.9259259259259259,
      "seB0": 0.4,
      "seB1": 0.1632993161855452,
      "tB0": 1.9999999999999996,
      "tB1": 6.123724356957946
    },
    "rectangles": [
      [
        151.66666666666666,
        150.1,
        54.900000000000006,
        54.900000000000006
      ],
      [
        242.33333333333331,
        131.8,
        91.49999999999997,
        91.49999999999997
      ],
      [
        333,
        131.8,
        109.79999999999998,
        109.79999999999998
      ],
      [
        423.66666666666663,
        95.19999999999999,
        164.7,
        164.7
      ],
      [
        400.70000000000005,
        76.90000000000003,
        201.29999999999995,
        201.29999999999995
      ],
      [
        151.66666666666666,
        229.4,
        36.599999999999994,
        36.599999999999994
      ],
      [
        242.33333333333331,
        217.2,
        12.200000000000017,
        12.200000000000017
      ],
      [
        333,
        192.8,
        24.399999999999977,
        24.399999999999977
      ],
      [
        423.66666666666663,
        156.20000000000002,
        36.599999999999994,
        36.599999999999994
      ],
      [
        514.3333333333334,
        119.60000000000002,
        60.99999999999997,
        60.99999999999997
      ],
      [
        151.66666666666666,
        113.5,
        137.25,
        137.25
      ],
      [
        242.33333333333331,
        159.25,
        45.75,
        45.75
      ],
      [
        333,
        205,
        0,
        0
      ],
      [
        423.66666666666663,
        113.5,
        137.25,
        137.25
      ],
      [
        373.25,
        67.75,
        228.75,
        228.75
      ],
      [
        151.66666666666666,
        266,
        36.60000000000002,
        36.60000000000002
      ],
      [
        242.33333333333331,
        229.4,
        60.99999999999997,
        60.99999999999997
      ],
      [
        333,
        192.8,
        97.59999999999997,
        97.59999999999997
      ],
      [
        423.66666666666663,
        156.20000000000002,
        109.79999999999998,
        109.79999999999998
      ],
      [
        467.8,
        119.60000000000002,
        134.2,
        134.2
      ]
    ]
  }
}
PASS: six pages; independent reference values, seed repeatability, zero denominators, exact tail regions, interval bounds, Beta normalization, OLS geometry.
