[
  {
    "name": "desktop",
    "mathErrors": [],
    "bodyWidth": 1280,
    "viewport": 1280,
    "mathCount": 79,
    "navDisplay": "none",
    "errors": []
  },
  {
    "name": "mobile",
    "mathErrors": [],
    "bodyWidth": 390,
    "viewport": 390,
    "mathCount": 79,
    "navDisplay": "none",
    "errors": []
  },
  {
    "width": 1360,
    "navDisplay": "none",
    "navLeft": 0,
    "contentRight": 1246,
    "overlap": false
  },
  {
    "width": 1361,
    "navDisplay": "flex",
    "navLeft": 1272.578125,
    "contentRight": 1246.5,
    "overlap": false
  },
  {
    "width": 1440,
    "navDisplay": "flex",
    "navLeft": 1351.578125,
    "contentRight": 1286,
    "overlap": false
  }
]
